Component: ARM Compiler 5.06 update 2 (build 183) Tool: armlink [4d35b7]

==============================================================================

Section Cross References

    main.o(i.InitHardware) refers to system_stm32f10x.o(i.SystemInit) for SystemInit
    main.o(i.InitHardware) refers to rcc.o(i.InitRCC) for InitRCC
    main.o(i.InitHardware) refers to nvic.o(i.InitNVIC) for InitNVIC
    main.o(i.InitHardware) refers to uart.o(i.InitUART) for InitUART
    main.o(i.InitHardware) refers to timer.o(i.InitTimer) for InitTimer
    main.o(i.InitHardware) refers to adc.o(i.InitADC) for InitADC
    main.o(i.InitHardware) refers to led.o(i.InitLED) for InitLED
    main.o(i.InitHardware) refers to systick.o(i.InitSysTick) for InitSysTick
    main.o(i.InitHardware) refers to wakeup.o(i.InitWakeUp) for InitWakeUp
    main.o(i.InitHardware) refers to rtc.o(i.InitRTC) for InitRTC
    main.o(i.InitHardware) refers to audiosel.o(i.InitAudioSel) for InitAudioSel
    main.o(i.InitHardware) refers to keyone.o(i.InitKeyOne) for InitKeyOne
    main.o(i.InitHardware) refers to touchkey.o(i.InitTouchKey) for InitTouchKey
    main.o(i.InitHardware) refers to lamp.o(i.InitLamp) for InitLamp
    main.o(i.InitHardware) refers to exfsfun.o(i.InitFatFs) for InitFatFs
    main.o(i.InitHardware) refers to oled.o(i.InitOLED) for InitOLED
    main.o(i.InitHardware) refers to vs10xx.o(i.VS_Init) for VS_Init
    main.o(i.InitHardware) refers to uart2.o(i.InitUART2) for InitUART2
    main.o(i.InitSoftware) refers to prockeyone.o(i.InitProcKeyOne) for InitProcKeyOne
    main.o(i.InitSoftware) refers to checklinefeed.o(i.InitCheckLineFeed) for InitCheckLineFeed
    main.o(i.InitSoftware) refers to dbgasst.o(i.InitDbgAsst) for InitDbgAsst
    main.o(i.InitSoftware) refers to malloc.o(i.InitMemMgt) for InitMemMgt
    main.o(i.InitSoftware) refers to exfsfun.o(i.InitExFsFun) for InitExFsFun
    main.o(i.InitSoftware) refers to dbgfat.o(i.InitDbgFat) for InitDbgFat
    main.o(i.Proc100msTask) refers to timer.o(i.Get100msFlag) for Get100msFlag
    main.o(i.Proc100msTask) refers to dbgasst.o(i.DbgAsstScan) for DbgAsstScan
    main.o(i.Proc100msTask) refers to timer.o(i.Clr100msFlag) for Clr100msFlag
    main.o(i.Proc1SecTask) refers to timer.o(i.Get1SecFlag) for Get1SecFlag
    main.o(i.Proc1SecTask) refers to ui.o(i.ShowMenu) for ShowMenu
    main.o(i.Proc1SecTask) refers to adc.o(i.GetADCAverage) for GetADCAverage
    main.o(i.Proc1SecTask) refers to ffltui.o(.text) for __aeabi_ui2f
    main.o(i.Proc1SecTask) refers to f2d.o(.text) for __aeabi_f2d
    main.o(i.Proc1SecTask) refers to dmul.o(.text) for __aeabi_dmul
    main.o(i.Proc1SecTask) refers to d2f.o(.text) for __aeabi_d2f
    main.o(i.Proc1SecTask) refers to printfa.o(i.__0printf) for __2printf
    main.o(i.Proc1SecTask) refers to uart2.o(i.WaitForReceive) for WaitForReceive
    main.o(i.Proc1SecTask) refers to uart2.o(i.WriteUART2) for WriteUART2
    main.o(i.Proc1SecTask) refers to systick.o(i.DelayNms) for DelayNms
    main.o(i.Proc1SecTask) refers to uart2.o(i.WaitForTask) for WaitForTask
    main.o(i.Proc1SecTask) refers to timer.o(i.Clr1SecFlag) for Clr1SecFlag
    main.o(i.Proc1SecTask) refers to main.o(.data) for s_iCnt30
    main.o(i.Proc1SecTask) refers to rtc.o(.bss) for calendar
    main.o(i.Proc1SecTask) refers to main.o(.constdata) for openSPP
    main.o(i.Proc2msTask) refers to timer.o(i.Get2msFlag) for Get2msFlag
    main.o(i.Proc2msTask) refers to ui.o(i.AlarmisRing) for AlarmisRing
    main.o(i.Proc2msTask) refers to stm32f10x_rtc.o(i.RTC_SetAlarm) for RTC_SetAlarm
    main.o(i.Proc2msTask) refers to keyone.o(i.ScanKeyOne) for ScanKeyOne
    main.o(i.Proc2msTask) refers to ui.o(i.UpdateMask) for UpdateMask
    main.o(i.Proc2msTask) refers to ui.o(i.ShowMenu) for ShowMenu
    main.o(i.Proc2msTask) refers to ui.o(i.OperateMusicPlayer) for OperateMusicPlayer
    main.o(i.Proc2msTask) refers to ui.o(i.SetDateFace) for SetDateFace
    main.o(i.Proc2msTask) refers to ui.o(i.SetTimeFace) for SetTimeFace
    main.o(i.Proc2msTask) refers to ui.o(i.SetAlarmFace) for SetAlarmFace
    main.o(i.Proc2msTask) refers to timer.o(i.Clr2msFlag) for Clr2msFlag
    main.o(i.Proc2msTask) refers to rtc.o(.data) for AlarmFlag
    main.o(i.Proc2msTask) refers to main.o(.data) for NowInterFace
    main.o(i.Proc2msTask) refers to prockeyone.o(i.ProcKeyDownKey0) for ProcKeyDownKey0
    main.o(i.Proc2msTask) refers to prockeyone.o(i.ProcKeyUpKey0) for ProcKeyUpKey0
    main.o(i.Proc2msTask) refers to prockeyone.o(i.ProcKeyDownKey1) for ProcKeyDownKey1
    main.o(i.Proc2msTask) refers to prockeyone.o(i.ProcKeyUpKey1) for ProcKeyUpKey1
    main.o(i.Proc2msTask) refers to prockeyone.o(i.ProcKeyDownKey2) for ProcKeyDownKey2
    main.o(i.Proc2msTask) refers to prockeyone.o(i.ProcKeyUpKey2) for ProcKeyUpKey2
    main.o(i.main) refers to main.o(i.InitSoftware) for InitSoftware
    main.o(i.main) refers to main.o(i.InitHardware) for InitHardware
[...]
    InitFontLib                              0x0800344d   Thumb Code    64  fontupd.o(i.InitFontLib)
    InitKeyOne                               0x080034dd   Thumb Code    22  keyone.o(i.InitKeyOne)
    InitLED                                  0x080034f9   Thumb Code     8  led.o(i.InitLED)
    InitLamp                                 0x08003501   Thumb Code    32  lamp.o(i.InitLamp)
    InitMemMgt                               0x08003525   Thumb Code    54  malloc.o(i.InitMemMgt)
    InitNVIC                                 0x08003569   Thumb Code     8  nvic.o(i.InitNVIC)
    InitOLED                                 0x08003571   Thumb Code    24  oled.o(i.InitOLED)
    InitPWM                                  0x0800358d   Thumb Code   162  pwm.o(i.InitPWM)
    InitProcKeyOne                           0x0800363d   Thumb Code     2  prockeyone.o(i.InitProcKeyOne)
    InitProcString                           0x08003641   Thumb Code    20  procstring.o(i.InitProcString)
    InitRCC                                  0x08003659   Thumb Code     8  rcc.o(i.InitRCC)
    InitRTC                                  0x08003661   Thumb Code   190  rtc.o(i.InitRTC)
    InitSD                                   0x08003721   Thumb Code   250  sdio.o(i.InitSD)
    InitSPI1                                 0x08003841   Thumb Code   196  spi1.o(i.InitSPI1)
    InitSPI2                                 0x0800390d   Thumb Code   208  spi2.o(i.InitSPI2)
    InitSysTick                              0x08003a05   Thumb Code    92  systick.o(i.InitSysTick)
    InitTimer                                0x08003a6d   Thumb Code    36  timer.o(i.InitTimer)
    InitTouchKey                             0x08003a91   Thumb Code     8  touchkey.o(i.InitTouchKey)
    InitUART                                 0x08003a99   Thumb Code    12  uart.o(i.InitUART)
    InitUART2                                0x08003aa5   Thumb Code    12  uart2.o(i.InitUART2)
    InitUI                                   0x08003b01   Thumb Code    64  ui.o(i.InitUI)
    InitW25Qxx                               0x08003b59   Thumb Code    60  w25qxx.o(i.InitW25Qxx)
    InitWakeUp                               0x08003b99   Thumb Code   106  wakeup.o(i.InitWakeUp)
    JudgeLeapYear                            0x08003df9   Thumb Code    58  rtc.o(i.JudgeLeapYear)
    MallocMemExt                             0x08003e35   Thumb Code    34  malloc.o(i.MallocMemExt)
    MemManage_Handler                        0x08003f05   Thumb Code     4  stm32f10x_it.o(i.MemManage_Handler)
    NMI_Handler                              0x08003f09   Thumb Code     2  stm32f10x_it.o(i.NMI_Handler)
    NVIC_Init                                0x08003f3d   Thumb Code   100  misc.o(i.NVIC_Init)
    NVIC_PriorityGroupConfig                 0x08003fad   Thumb Code    10  misc.o(i.NVIC_PriorityGroupConfig)
    OLEDClear                                0x08003fc1   Thumb Code    42  oled.o(i.OLEDClear)
    OLEDClearArea                            0x08003ff1   Thumb Code    50  oled.o(i.OLEDClearArea)
    OLEDDrawPoint                            0x08004025   Thumb Code   100  oled.o(i.OLEDDrawPoint)
    OLEDRefreshGRAM                          0x0800408d   Thumb Code    70  oled.o(i.OLEDRefreshGRAM)
    OLEDShow0Num                             0x080040d9   Thumb Code    92  oled.o(i.OLEDShow0Num)
    OLEDShowAlarmRing                        0x08004135   Thumb Code   108  oled.o(i.OLEDShowAlarmRing)
    OLEDShowChar                             0x080041a5   Thumb Code   158  oled.o(i.OLEDShowChar)
    OLEDShowIcon                             0x0800424d   Thumb Code   200  oled.o(i.OLEDShowIcon)
    OLEDShowNum                              0x08004321   Thumb Code   148  oled.o(i.OLEDShowNum)
    OLEDShowString                           0x080043b5   Thumb Code    84  oled.o(i.OLEDShowString)
    OperateMusicPlayer                       0x0800447d   Thumb Code   122  ui.o(i.OperateMusicPlayer)
    PWR_BackupAccessCmd                      0x0800453d   Thumb Code     6  stm32f10x_pwr.o(i.PWR_BackupAccessCmd)
    PWR_EnterSTANDBYMode                     0x08004549   Thumb Code    42  stm32f10x_pwr.o(i.PWR_EnterSTANDBYMode)
    PWR_WakeUpPinCmd                         0x0800457d   Thumb Code     6  stm32f10x_pwr.o(i.PWR_WakeUpPinCmd)
    PendSV_Handler                           0x08004589   Thumb Code     2  stm32f10x_it.o(i.PendSV_Handler)
    PlaySystemMusic                          0x0800458d   Thumb Code    38  musicplayer.o(i.PlaySystemMusic)
    ProcKeyDownKey0                          0x0800484d   Thumb Code    16  prockeyone.o(i.ProcKeyDownKey0)
    ProcKeyDownKey1                          0x08004875   Thumb Code    16  prockeyone.o(i.ProcKeyDownKey1)
    ProcKeyDownKey2                          0x0800489d   Thumb Code    16  prockeyone.o(i.ProcKeyDownKey2)
    ProcKeyUpKey0                            0x080048c5   Thumb Code   198  prockeyone.o(i.ProcKeyUpKey0)
    ProcKeyUpKey1                            0x080049c1   Thumb Code   210  prockeyone.o(i.ProcKeyUpKey1)
    ProcKeyUpKey2                            0x08004ac9   Thumb Code   198  prockeyone.o(i.ProcKeyUpKey2)
    RCC_ADCCLKConfig                         0x080053e9   Thumb Code    18  stm32f10x_rcc.o(i.RCC_ADCCLKConfig)
    RCC_AHBPeriphClockCmd                    0x08005401   Thumb Code    26  stm32f10x_rcc.o(i.RCC_AHBPeriphClockCmd)
    RCC_APB1PeriphClockCmd                   0x08005421   Thumb Code    26  stm32f10x_rcc.o(i.RCC_APB1PeriphClockCmd)
    RCC_APB2PeriphClockCmd                   0x08005441   Thumb Code    26  stm32f10x_rcc.o(i.RCC_APB2PeriphClockCmd)
    RCC_APB2PeriphResetCmd                   0x08005461   Thumb Code    26  stm32f10x_rcc.o(i.RCC_APB2PeriphResetCmd)
    RCC_BackupResetCmd                       0x08005481   Thumb Code     6  stm32f10x_rcc.o(i.RCC_BackupResetCmd)
    RCC_DeInit                               0x0800548d   Thumb Code    64  stm32f10x_rcc.o(i.RCC_DeInit)
    RCC_GetClocksFreq                        0x080054d9   Thumb Code   192  stm32f10x_rcc.o(i.RCC_GetClocksFreq)
    RCC_GetFlagStatus                        0x080055ad   Thumb Code    56  stm32f10x_rcc.o(i.RCC_GetFlagStatus)
    RCC_GetSYSCLKSource                      0x080055e9   Thumb Code    10  stm32f10x_rcc.o(i.RCC_GetSYSCLKSource)
    RCC_HCLKConfig                           0x080055f9   Thumb Code    18  stm32f10x_rcc.o(i.RCC_HCLKConfig)
    RCC_HSEConfig                            0x08005611   Thumb Code    70  stm32f10x_rcc.o(i.RCC_HSEConfig)
    RCC_LSEConfig                            0x0800565d   Thumb Code    46  stm32f10x_rcc.o(i.RCC_LSEConfig)
    RCC_PCLK1Config                          0x08005691   Thumb Code    18  stm32f10x_rcc.o(i.RCC_PCLK1Config)
    RCC_PCLK2Config                          0x080056a9   Thumb Code    20  stm32f10x_rcc.o(i.RCC_PCLK2Config)
    RCC_PLLCmd                               0x080056c1   Thumb Code     6  stm32f10x_rcc.o(i.RCC_PLLCmd)
    RCC_PLLConfig                            0x080056cd   Thumb Code    24  stm32f10x_rcc.o(i.RCC_PLLConfig)
    RCC_RTCCLKCmd                            0x080056e9   Thumb Code     6  stm32f10x_rcc.o(i.RCC_RTCCLKCmd)
    RCC_RTCCLKConfig                         0x080056f5   Thumb Code    12  stm32f10x_rcc.o(i.RCC_RTCCLKConfig)
    RCC_SYSCLKConfig                         0x08005705   Thumb Code    18  stm32f10x_rcc.o(i.RCC_SYSCLKConfig)
    RCC_WaitForHSEStartUp                    0x0800571d   Thumb Code    56  stm32f10x_rcc.o(i.RCC_WaitForHSEStartUp)
    RTC_ClearITPendingBit                    0x08005755   Thumb Code    12  stm32f10x_rtc.o(i.RTC_ClearITPendingBit)
    RTC_EnterConfigMode                      0x08005765   Thumb Code    14  stm32f10x_rtc.o(i.RTC_EnterConfigMode)
    RTC_ExitConfigMode                       0x08005779   Thumb Code    16  stm32f10x_rtc.o(i.RTC_ExitConfigMode)
    RTC_GetITStatus                          0x0800578d   Thumb Code    32  stm32f10x_rtc.o(i.RTC_GetITStatus)
    RTC_IRQHandler                           0x080057b1   Thumb Code    50  rtc.o(i.RTC_IRQHandler)
    RTC_ITConfig                             0x080057e9   Thumb Code    26  stm32f10x_rtc.o(i.RTC_ITConfig)
    RTC_SetAlarm                             0x08005809   Thumb Code    24  stm32f10x_rtc.o(i.RTC_SetAlarm)
    RTC_SetCounter                           0x08005825   Thumb Code    24  stm32f10x_rtc.o(i.RTC_SetCounter)
    RTC_SetPrescaler                         0x08005841   Thumb Code    26  stm32f10x_rtc.o(i.RTC_SetPrescaler)
    RTC_WaitForLastTask                      0x08005861   Thumb Code    16  stm32f10x_rtc.o(i.RTC_WaitForLastTask)
    RTC_WaitForSynchro                       0x08005875   Thumb Code    30  stm32f10x_rtc.o(i.RTC_WaitForSynchro)
    ReadAddr                                 0x08005899   Thumb Code     6  dbgasst.o(i.ReadAddr)
    ReadSDDisk                               0x08005af9   Thumb Code   148  sdio.o(i.ReadSDDisk)
    ReadUART                                 0x08005f11   Thumb Code   104  uart.o(i.ReadUART)
    ReadUART2                                0x08005f7d   Thumb Code   104  uart2.o(i.ReadUART2)
    ResetDbgAsstTimer                        0x08005fe9   Thumb Code    26  timer.o(i.ResetDbgAsstTimer)
    SDIO_ClearFlag                           0x080060b9   Thumb Code     6  stm32f10x_sdio.o(i.SDIO_ClearFlag)
    SDIO_ClockCmd                            0x080060c5   Thumb Code     6  stm32f10x_sdio.o(i.SDIO_ClockCmd)
    SDIO_DMACmd                              0x080060d1   Thumb Code     6  stm32f10x_sdio.o(i.SDIO_DMACmd)
    SDIO_DataConfig                          0x080060dd   Thumb Code    42  stm32f10x_sdio.o(i.SDIO_DataConfig)
    SDIO_DeInit                              0x0800610d   Thumb Code    28  stm32f10x_sdio.o(i.SDIO_DeInit)
    SDIO_GetFlagStatus                       0x08006131   Thumb Code    20  stm32f10x_sdio.o(i.SDIO_GetFlagStatus)
    SDIO_GetPowerState                       0x08006149   Thumb Code    10  stm32f10x_sdio.o(i.SDIO_GetPowerState)
    SDIO_IRQHandler                          0x08006159   Thumb Code     8  sdio.o(i.SDIO_IRQHandler)
    SDIO_Init                                0x08006161   Thumb Code    42  stm32f10x_sdio.o(i.SDIO_Init)
    SDIO_ReadData                            0x08006191   Thumb Code     6  stm32f10x_sdio.o(i.SDIO_ReadData)
    SDIO_SendCommand                         0x0800619d   Thumb Code    38  stm32f10x_sdio.o(i.SDIO_SendCommand)
    SDIO_SetPowerState                       0x080061c9   Thumb Code    22  stm32f10x_sdio.o(i.SDIO_SetPowerState)
    SDIO_WriteData                           0x080061e5   Thumb Code     6  stm32f10x_sdio.o(i.SDIO_WriteData)
    SPI1ReadWriteByte                        0x080063cd   Thumb Code    78  spi1.o(i.SPI1ReadWriteByte)
    SPI1SetSpeed                             0x08006421   Thumb Code    36  spi1.o(i.SPI1SetSpeed)
    SPI2ReadWriteByte                        0x08006449   Thumb Code    78  spi2.o(i.SPI2ReadWriteByte)
    SPI2SetSpeed                             0x0800649d   Thumb Code    36  spi2.o(i.SPI2SetSpeed)
    SPI_Cmd                                  0x080064c5   Thumb Code    24  stm32f10x_spi.o(i.SPI_Cmd)
    SPI_I2S_GetFlagStatus                    0x080064dd   Thumb Code    18  stm32f10x_spi.o(i.SPI_I2S_GetFlagStatus)
    SPI_I2S_ReceiveData                      0x080064ef   Thumb Code     6  stm32f10x_spi.o(i.SPI_I2S_ReceiveData)
    SPI_I2S_SendData                         0x080064f5   Thumb Code     4  stm32f10x_spi.o(i.SPI_I2S_SendData)
    SPI_Init                                 0x080064f9   Thumb Code    60  stm32f10x_spi.o(i.SPI_Init)
    SVC_Handler                              0x08006535   Thumb Code     2  stm32f10x_it.o(i.SVC_Handler)
    ScanKeyOne                               0x08006539   Thumb Code   182  keyone.o(i.ScanKeyOne)
    SetAlarm                                 0x08006655   Thumb Code   164  rtc.o(i.SetAlarm)
    SetAlarmFace                             0x0800670d   Thumb Code   510  ui.o(i.SetAlarmFace)
    SetDateFace                              0x0800695d   Thumb Code   642  ui.o(i.SetDateFace)
    SetLampBrightness                        0x08006c21   Thumb Code   322  lamp.o(i.SetLampBrightness)
    SetParaType                              0x08006d7d   Thumb Code     6  dbgasst.o(i.SetParaType)
    SetRTC                                   0x08006d89   Thumb Code    98  rtc.o(i.SetRTC)
    SetTimeFace                              0x08006f05   Thumb Code   304  ui.o(i.SetTimeFace)
    ShowMenu                                 0x08007069   Thumb Code   350  ui.o(i.ShowMenu)
    Show_Font                                0x080071f5   Thumb Code   196  text.o(i.Show_Font)
    Show_Str                                 0x080072b9   Thumb Code   194  text.o(i.Show_Str)
    Str2Num                                  0x0800737b   Thumb Code   202  procstring.o(i.Str2Num)
    StrCmp                                   0x08007445   Thumb Code    34  procstring.o(i.StrCmp)
    StrCpy                                   0x08007467   Thumb Code    22  procstring.o(i.StrCpy)
    StrLen                                   0x0800747d   Thumb Code    24  procstring.o(i.StrLen)
    SysEnterStandby                          0x08007495   Thumb Code    18  wakeup.o(i.SysEnterStandby)
    SysTick_Handler                          0x080074c1   Thumb Code     8  systick.o(i.SysTick_Handler)
    SystemInit                               0x080074c9   Thumb Code    78  system_stm32f10x.o(i.SystemInit)
    TIM2_IRQHandler                          0x08007529   Thumb Code    86  timer.o(i.TIM2_IRQHandler)
    TIM4_IRQHandler                          0x08007591   Thumb Code    22  timer.o(i.TIM4_IRQHandler)
    TIM5_IRQHandler                          0x080075ad   Thumb Code    68  timer.o(i.TIM5_IRQHandler)
    TIM_ClearFlag                            0x08007605   Thumb Code     6  stm32f10x_tim.o(i.TIM_ClearFlag)
    TIM_ClearITPendingBit                    0x0800760b   Thumb Code     6  stm32f10x_tim.o(i.TIM_ClearITPendingBit)
    TIM_Cmd                                  0x08007611   Thumb Code    24  stm32f10x_tim.o(i.TIM_Cmd)
    TIM_GetCounter                           0x08007629   Thumb Code     6  stm32f10x_tim.o(i.TIM_GetCounter)
    TIM_GetITStatus                          0x0800762f   Thumb Code    34  stm32f10x_tim.o(i.TIM_GetITStatus)
    TIM_ITConfig                             0x08007651   Thumb Code    18  stm32f10x_tim.o(i.TIM_ITConfig)
    TIM_OC2Init                              0x08007665   Thumb Code   154  stm32f10x_tim.o(i.TIM_OC2Init)
    TIM_OC2PreloadConfig                     0x08007709   Thumb Code    26  stm32f10x_tim.o(i.TIM_OC2PreloadConfig)
    TIM_OC3Init                              0x08007725   Thumb Code   150  stm32f10x_tim.o(i.TIM_OC3Init)
    TIM_OC3PreloadConfig                     0x080077c5   Thumb Code    18  stm32f10x_tim.o(i.TIM_OC3PreloadConfig)
    TIM_OC4Init                              0x080077d9   Thumb Code   114  stm32f10x_tim.o(i.TIM_OC4Init)
    TIM_OC4PreloadConfig                     0x08007855   Thumb Code    26  stm32f10x_tim.o(i.TIM_OC4PreloadConfig)
    TIM_SetCompare2                          0x0800786f   Thumb Code     4  stm32f10x_tim.o(i.TIM_SetCompare2)
    TIM_SetCompare3                          0x08007873   Thumb Code     4  stm32f10x_tim.o(i.TIM_SetCompare3)
    TIM_SetCompare4                          0x08007877   Thumb Code     6  stm32f10x_tim.o(i.TIM_SetCompare4)
    TIM_SetCounter                           0x0800787d   Thumb Code     4  stm32f10x_tim.o(i.TIM_SetCounter)
    TIM_TimeBaseInit                         0x08007881   Thumb Code   122  stm32f10x_tim.o(i.TIM_TimeBaseInit)
    USART1_IRQHandler                        0x0800793d   Thumb Code   140  uart.o(i.USART1_IRQHandler)
    USART2_IRQHandler                        0x080079d5   Thumb Code   140  uart2.o(i.USART2_IRQHandler)
    USART_ClearFlag                          0x08007a6d   Thumb Code    18  stm32f10x_usart.o(i.USART_ClearFlag)
    USART_ClearITPendingBit                  0x08007a7f   Thumb Code    30  stm32f10x_usart.o(i.USART_ClearITPendingBit)
    USART_Cmd                                0x08007a9d   Thumb Code    24  stm32f10x_usart.o(i.USART_Cmd)
    USART_GetFlagStatus                      0x08007ab5   Thumb Code    26  stm32f10x_usart.o(i.USART_GetFlagStatus)
    USART_GetITStatus                        0x08007acf   Thumb Code    84  stm32f10x_usart.o(i.USART_GetITStatus)
    USART_ITConfig                           0x08007b23   Thumb Code    74  stm32f10x_usart.o(i.USART_ITConfig)
    USART_Init                               0x08007b6d   Thumb Code   210  stm32f10x_usart.o(i.USART_Init)
    USART_ReceiveData                        0x08007c45   Thumb Code    10  stm32f10x_usart.o(i.USART_ReceiveData)
    USART_SendData                           0x08007c4f   Thumb Code     8  stm32f10x_usart.o(i.USART_SendData)
    USART_StructInit                         0x08007c57   Thumb Code    24  stm32f10x_usart.o(i.USART_StructInit)
    UpdateMask                               0x08007c71   Thumb Code   148  ui.o(i.UpdateMask)
    UsageFault_Handler                       0x08007d09   Thumb Code     4  stm32f10x_it.o(i.UsageFault_Handler)
    VS_Get_DecodeTime                        0x08007d0d   Thumb Code    16  vs10xx.o(i.VS_Get_DecodeTime)
    VS_Get_EndFillByte                       0x08007d1d   Thumb Code    12  vs10xx.o(i.VS_Get_EndFillByte)
    VS_Get_HeadInfo                          0x08007d29   Thumb Code   166  vs10xx.o(i.VS_Get_HeadInfo)
    VS_HD_Reset                              0x08007dd5   Thumb Code    74  vs10xx.o(i.VS_HD_Reset)
    VS_Init                                  0x08007e35   Thumb Code    84  vs10xx.o(i.VS_Init)
    VS_Load_Patch                            0x08007e95   Thumb Code   112  vs10xx.o(i.VS_Load_Patch)
    VS_RD_Reg                                0x08007f05   Thumb Code    88  vs10xx.o(i.VS_RD_Reg)
    VS_Ram_Test                              0x08007f69   Thumb Code   106  vs10xx.o(i.VS_Ram_Test)
    VS_Reset_DecodeTime                      0x08007fe1   Thumb Code    20  vs10xx.o(i.VS_Reset_DecodeTime)
    VS_Restart_Play                          0x08007ff5   Thumb Code   182  vs10xx.o(i.VS_Restart_Play)
    VS_SPI_ReadWriteByte                     0x080080ab   Thumb Code    12  vs10xx.o(i.VS_SPI_ReadWriteByte)
    VS_SPI_SpeedHigh                         0x080080b7   Thumb Code    10  vs10xx.o(i.VS_SPI_SpeedHigh)
    VS_SPI_SpeedLow                          0x080080c1   Thumb Code    10  vs10xx.o(i.VS_SPI_SpeedLow)
    VS_SPK_Set                               0x080080cb   Thumb Code    26  vs10xx.o(i.VS_SPK_Set)
    VS_Send_MusicData                        0x080080e5   Thumb Code    50  vs10xx.o(i.VS_Send_MusicData)
    VS_Set_All                               0x08008121   Thumb Code    42  vs10xx.o(i.VS_Set_All)
    VS_Set_Bass                              0x08008151   Thumb Code   102  vs10xx.o(i.VS_Set_Bass)
    VS_Set_Effect                            0x080081b7   Thumb Code    54  vs10xx.o(i.VS_Set_Effect)
    VS_Set_Vol                               0x080081ed   Thumb Code    38  vs10xx.o(i.VS_Set_Vol)
    VS_Sine_Test                             0x08008215   Thumb Code   306  vs10xx.o(i.VS_Sine_Test)
    VS_Soft_Reset                            0x08008355   Thumb Code   124  vs10xx.o(i.VS_Soft_Reset)
    VS_WRAM_Read                             0x080083d5   Thumb Code    24  vs10xx.o(i.VS_WRAM_Read)
    VS_WRAM_Write                            0x080083ed   Thumb Code    34  vs10xx.o(i.VS_WRAM_Write)
    VS_WR_Cmd                                0x08008415   Thumb Code    72  vs10xx.o(i.VS_WR_Cmd)
    W25QxxEraseSector                        0x08008469   Thumb Code    68  w25qxx.o(i.W25QxxEraseSector)
    W25QxxRead                               0x080084b1   Thumb Code    82  w25qxx.o(i.W25QxxRead)
    W25QxxReadID                             0x08008509   Thumb Code    70  w25qxx.o(i.W25QxxReadID)
    W25QxxWakeUp                             0x08008599   Thumb Code    36  w25qxx.o(i.W25QxxWakeUp)
    W25QxxWrite                              0x080085c1   Thumb Code   176  w25qxx.o(i.W25QxxWrite)
    WaitForReceive                           0x0800873d   Thumb Code   106  uart2.o(i.WaitForReceive)
    WaitForTask                              0x080087b9   Thumb Code   166  uart2.o(i.WaitForTask)
    WriteAddr                                0x0800888d   Thumb Code     4  dbgasst.o(i.WriteAddr)
    WriteSDDisk                              0x08008c9d   Thumb Code   148  sdio.o(i.WriteSDDisk)
    WriteUART2                               0x080090f5   Thumb Code   130  uart2.o(i.WriteUART2)
    __0printf                                0x08009181   Thumb Code    22  printfa.o(i.__0printf)
    __1printf                                0x08009181   Thumb Code     0  printfa.o(i.__0printf)
    __2printf                                0x08009181   Thumb Code     0  printfa.o(i.__0printf)
    __c89printf                              0x08009181   Thumb Code     0  printfa.o(i.__0printf)
    printf                                   0x08009181   Thumb Code     0  printfa.o(i.__0printf)
    __scatterload_copy                       0x080091a1   Thumb Code    14  handlers.o(i.__scatterload_copy)
    __scatterload_null                       0x080091af   Thumb Code     2  handlers.o(i.__scatterload_null)
    __scatterload_zeroinit                   0x080091b1   Thumb Code    14  handlers.o(i.__scatterload_zeroinit)
    clust2sect                               0x08009b43   Thumb Code    26  ff.o(i.clust2sect)
    dir_sdi                                  0x0800a3e3   Thumb Code   158  ff.o(i.dir_sdi)
    disk_initialize                          0x0800a481   Thumb Code    94  diskio.o(i.disk_initialize)
    disk_ioctl                               0x0800a4f5   Thumb Code   150  diskio.o(i.disk_ioctl)
    disk_read                                0x0800a595   Thumb Code   120  diskio.o(i.disk_read)
    disk_status                              0x0800a60d   Thumb Code    34  diskio.o(i.disk_status)
    disk_write                               0x0800a62f   Thumb Code   120  diskio.o(i.disk_write)
    f_close                                  0x0800a6a7   Thumb Code    32  ff.o(i.f_close)
    f_getfree                                0x0800a6c7   Thumb Code   258  ff.o(i.f_getfree)
    f_gets                                   0x0800a7c9   Thumb Code    82  ff.o(i.f_gets)
    f_lseek                                  0x0800a81b   Thumb Code   684  ff.o(i.f_lseek)
    f_mkdir                                  0x0800aac7   Thumb Code   380  ff.o(i.f_mkdir)
    f_mkfs                                   0x0800ac45   Thumb Code  1582  ff.o(i.f_mkfs)
    f_mount                                  0x0800b28d   Thumb Code    86  ff.o(i.f_mount)
    f_open                                   0x0800b2e9   Thumb Code   384  ff.o(i.f_open)
    f_opendir                                0x0800b469   Thumb Code   136  ff.o(i.f_opendir)
    f_putc                                   0x0800b4f1   Thumb Code    64  ff.o(i.f_putc)
    f_puts                                   0x0800b531   Thumb Code    74  ff.o(i.f_puts)
    f_read                                   0x0800b57b   Thumb Code   432  ff.o(i.f_read)
    f_readdir                                0x0800b72b   Thumb Code   114  ff.o(i.f_readdir)
    f_rename                                 0x0800b79d   Thumb Code   290  ff.o(i.f_rename)
    f_sync                                   0x0800b8bf   Thumb Code   176  ff.o(i.f_sync)
    f_typetell                               0x0800b971   Thumb Code   188  exfsfun.o(i.f_typetell)
    f_unlink                                 0x0800ba31   Thumb Code   190  ff.o(i.f_unlink)
    f_write                                  0x0800baef   Thumb Code   490  ff.o(i.f_write)
    ff_convert                               0x0800bcd9   Thumb Code   146  cc936.o(i.ff_convert)
    ff_memalloc                              0x0800bd71   Thumb Code    14  diskio.o(i.ff_memalloc)
    ff_memfree                               0x0800bd7f   Thumb Code    14  diskio.o(i.ff_memfree)
    ff_wtoupper                              0x0800bd8d   Thumb Code    46  cc936.o(i.ff_wtoupper)
    fputc                                    0x0800c269   Thumb Code    16  uart.o(i.fputc)
    fupd_prog                                0x0800c279   Thumb Code   138  fontupd.o(i.fupd_prog)
    get_fat                                  0x0800c3d5   Thumb Code   242  ff.o(i.get_fat)
    get_fattime                              0x0800c4c9   Thumb Code     4  diskio.o(i.get_fattime)
    main                                     0x0800c64d   Thumb Code   136  main.o(i.main)
    mf_close                                 0x0800c775   Thumb Code    14  dbgfat.o(i.mf_close)
    mf_fmkfs                                 0x0800c789   Thumb Code    20  dbgfat.o(i.mf_fmkfs)
    mf_gets                                  0x0800c79d   Thumb Code    38  dbgfat.o(i.mf_gets)
    mf_lseek                                 0x0800c7e9   Thumb Code    16  dbgfat.o(i.mf_lseek)
    mf_mkdir                                 0x0800c7fd   Thumb Code    12  dbgfat.o(i.mf_mkdir)
    mf_mount                                 0x0800c809   Thumb Code    20  dbgfat.o(i.mf_mount)
    mf_open                                  0x0800c821   Thumb Code    24  dbgfat.o(i.mf_open)
    mf_opendir                               0x0800c83d   Thumb Code    14  dbgfat.o(i.mf_opendir)
    mf_putc                                  0x0800c851   Thumb Code    18  dbgfat.o(i.mf_putc)
    mf_puts                                  0x0800c869   Thumb Code    18  dbgfat.o(i.mf_puts)
    mf_read                                  0x0800c881   Thumb Code   224  dbgfat.o(i.mf_read)
    mf_readdir                               0x0800c9d9   Thumb Code   204  dbgfat.o(i.mf_readdir)
    mf_rename                                0x0800cb6d   Thumb Code    16  dbgfat.o(i.mf_rename)
    mf_scan_files                            0x0800cb7d   Thumb Code   120  dbgfat.o(i.mf_scan_files)
    mf_showfree                              0x0800cc0d   Thumb Code    88  dbgfat.o(i.mf_showfree)
    mf_size                                  0x0800ccb5   Thumb Code     8  dbgfat.o(i.mf_size)
    mf_tell                                  0x0800ccc1   Thumb Code     8  dbgfat.o(i.mf_tell)
    mf_unlink                                0x0800cccd   Thumb Code    12  dbgfat.o(i.mf_unlink)
    mf_write                                 0x0800ccd9   Thumb Code    68  dbgfat.o(i.mf_write)
    mp3_get_tnum                             0x0800cdc5   Thumb Code   116  musicplayer.o(i.mp3_get_tnum)
    mp3_index_show                           0x0800ce39   Thumb Code    68  musicplayer.o(i.mp3_index_show)
    mp3_msg_show                             0x0800ce7d   Thumb Code   320  musicplayer.o(i.mp3_msg_show)
    mp3_play                                 0x0800cfcd   Thumb Code   540  musicplayer.o(i.mp3_play)
    mp3_play_song                            0x0800d241   Thumb Code   454  musicplayer.o(i.mp3_play_song)
    mp3_vol_show                             0x0800d435   Thumb Code    46  musicplayer.o(i.mp3_vol_show)
    put_fat                                  0x0800d4e1   Thumb Code   322  ff.o(i.put_fat)
    updata_fontx                             0x0800d81d   Thumb Code   346  fontupd.o(i.updata_fontx)
    update_font                              0x0800d981   Thumb Code   816  fontupd.o(i.update_font)
    openSPP                                  0x0800dd5a   Data          13  main.o(.constdata)
    tip                                      0x0800dd67   Data           8  main.o(.constdata)
    memTblSize                               0x0800dd70   Data           8  malloc.o(.constdata)
    memBlkSize                               0x0800dd78   Data           8  malloc.o(.constdata)
    memSize                                  0x0800dd80   Data           8  malloc.o(.constdata)
    FILE_TYPE_TBL                            0x0800e184   Data         312  exfsfun.o(.constdata)
    GBK24_PATH                               0x0800e2bc   Data           4  fontupd.o(.constdata)
    GBK16_PATH                               0x0800e2c0   Data           4  fontupd.o(.constdata)
    GBK12_PATH                               0x0800e2c4   Data           4  fontupd.o(.constdata)
    UNIGBK_PATH                              0x0800e2c8   Data           4  fontupd.o(.constdata)
    asc1_1206                                0x0800e2cc   Data        1140  oled.o(.constdata)
    asc1_1608                                0x0800e740   Data        1520  oled.o(.constdata)
    asc2_1206                                0x0800ed30   Data        1140  oled.o(.constdata)
    asc2_1608                                0x0800f1a4   Data        1520  oled.o(.constdata)
    asc3_1206                                0x0800f794   Data        1140  oled.o(.constdata)
    asc3_1608                                0x0800fc08   Data        1520  oled.o(.constdata)
    asc4_1206                                0x080101f8   Data        1140  oled.o(.constdata)
    asc4_1608                                0x0801066c   Data        1520  oled.o(.constdata)
    asc5_1206                                0x08010c5c   Data        1140  oled.o(.constdata)
    asc5_1608                                0x080110d0   Data        1520  oled.o(.constdata)
    asc6_1206                                0x080116c0   Data        1140  oled.o(.constdata)
    asc6_1608                                0x08011b34   Data        1520  oled.o(.constdata)
    deskIcon                                 0x08012124   Data         378  oled.o(.constdata)
    statusIcon                               0x0801229e   Data         240  oled.o(.constdata)
    AlarmRingIcon                            0x0801238e   Data         128  oled.o(.constdata)
    iconIndex                                0x0801240e   Data          18  oled.o(.constdata)
    bitrate                                  0x08012420   Data          64  vs10xx.o(.constdata)
    monthTable                               0x08012460   Data          12  rtc.o(.constdata)
    weekTable                                0x0801246c   Data          12  rtc.o(.constdata)
    vs1053b_patch                            0x08012478   Data       10866  musicplayer.o(.constdata)
    Region$$Table$$Base                      0x08015244   Number         0  anon$$obj.o(Region$$Table)
    Region$$Table$$Limit                     0x08015264   Number         0  anon$$obj.o(Region$$Table)
    NowInterFace                             0x20000000   Data           1  main.o(.data)
    NowPointAt                               0x20000001   Data           1  main.o(.data)
    initBTFlag                               0x20000002   Data           1  main.o(.data)
    StructMallocDev                          0x2000000c   Data          28  malloc.o(.data)
    TransferError                            0x20000032   Data           1  sdio.o(.data)
    TransferEnd                              0x20000033   Data           1  sdio.o(.data)
    tempbuff                                 0x20000034   Data           4  sdio.o(.data)
    FLASH_SECTOR_COUNT                       0x20000042   Data           2  diskio.o(.data)
    fs                                       0x20000044   Data           8  exfsfun.o(.data)
    fnew                                     0x2000004c   Data           4  exfsfun.o(.data)
    ftemp                                    0x20000050   Data           4  exfsfun.o(.data)
    fatbuf                                   0x20000054   Data           4  exfsfun.o(.data)
    res_sd                                   0x20000058   Data           1  exfsfun.o(.data)
    fnum                                     0x2000005c   Data           4  exfsfun.o(.data)
    WriteBuffer1                             0x20000060   Data          34  exfsfun.o(.data)
    WriteBuffer2                             0x20000082   Data          33  exfsfun.o(.data)
    Pressing                                 0x20000194   Data           1  prockeyone.o(.data)
    pressTime                                0x20000198   Data           4  prockeyone.o(.data)
    vsset                                    0x2000019c   Data           8  vs10xx.o(.data)
    nowAlarmHour                             0x200001b4   Data           1  rtc.o(.data)
    nowAlarmMin                              0x200001b5   Data           1  rtc.o(.data)
    AlarmState                               0x200001b6   Data           1  rtc.o(.data)
    AlarmFlag                                0x200001b7   Data           1  rtc.o(.data)
    AlarmSecCge                              0x200001b8   Data           4  rtc.o(.data)
    f_kbps                                   0x200001c0   Data           2  musicplayer.o(.data)
    musicKey                                 0x200001c2   Data           1  musicplayer.o(.data)
    Playmusic                                0x200001c3   Data           1  musicplayer.o(.data)
    menuMask                                 0x200001c6   Data           7  ui.o(.data)
    oneSet                                   0x200001cd   Data           1  ui.o(.data)
    SetTimePressUp                           0x200001ce   Data           1  ui.o(.data)
    SetTimePressDown                         0x200001cf   Data           1  ui.o(.data)
    SetTimePressSet                          0x200001d0   Data           1  ui.o(.data)
    SetDatePressUp                           0x200001d1   Data           1  ui.o(.data)
    SetDatePressDown                         0x200001d2   Data           1  ui.o(.data)
    SetDatePressSet                          0x200001d3   Data           1  ui.o(.data)
    SetAlarmPressUp                          0x200001d4   Data           1  ui.o(.data)
    SetAlarmPressDown                        0x200001d5   Data           1  ui.o(.data)
    SetAlarmPressSet                         0x200001d6   Data           1  ui.o(.data)
    AlarmStop                                0x200001d7   Data           1  ui.o(.data)
    SystemCoreClock                          0x200001f0   Data           4  system_stm32f10x.o(.data)
    AHBPrescTable                            0x200001f4   Data          16  system_stm32f10x.o(.data)
    __stdout                                 0x20000204   Data           4  stdout.o(.data)
    mem1Base                                 0x20000220   Data       40960  malloc.o(.bss)
    mem1MapBase                              0x2000a220   Data        2560  malloc.o(.bss)
    SDIO_CmdInitStructure                    0x2000ac20   Data          20  sdio.o(.bss)
    SDIO_DataInitStructure                   0x2000ac34   Data          24  sdio.o(.bss)
    SDIO_DATA_BUFFER                         0x2000ac4c   Data         512  sdio.o(.bss)
    SDCardInfo                               0x2000ae70   Data          88  sdio.o(.bss)
    fileinfo                                 0x2000bec8   Data          32  exfsfun.o(.bss)
    dir                                      0x2000bee8   Data          36  exfsfun.o(.bss)
    ReadBuffer                               0x2000bf0c   Data        1024  exfsfun.o(.bss)
    g_arrPara                                0x2000cadc   Data         200  dbgasst.o(.bss)
    ftinfo                                   0x2000cbae   Data          33  fontupd.o(.bss)
    calendar                                 0x2000d09e   Data          10  rtc.o(.bss)
    __initial_sp                             0x2000d578   Data           0  startup_stm32f10x_hd.o(STACK)
    mem2Base                                 0x68000000   Data       983040  malloc.o(.ARM.__AT_0x68000000)
    mem2MapBase                              0x680f0000   Data       61440  malloc.o(.ARM.__AT_0x680F0000)



==============================================================================

Memory Map of the image

  Image Entry point : 0x08000131

  Load Region LR_IROM1 (Base: 0x08000000, Size: 0x0001546c, Max: 0x00080000, ABSOLUTE, COMPRESSED[0x00015380])

    Execution Region ER_IROM1 (Base: 0x08000000, Size: 0x00015264, Max: 0x00080000, ABSOLUTE)

    Base Addr    Size         Type   Attr      Idx    E Section Name        Object

    0x08000000   0x00000130   Data   RO         5046    RESET               startup_stm32f10x_hd.o
    0x08000130   0x00000000   Code   RO         5051  * .ARM.Collect$$$$00000000  mc_w.l(entry.o)
    0x08000130   0x00000004   Code   RO         5349    .ARM.Collect$$$$00000001  mc_w.l(entry2.o)
    0x08000134   0x00000004   Code   RO         5352    .ARM.Collect$$$$00000004  mc_w.l(entry5.o)
    0x08000138   0x00000000   Code   RO         5354    .ARM.Collect$$$$00000008  mc_w.l(entry7b.o)
    0x08000138   0x00000000   Code   RO         5356    .ARM.Collect$$$$0000000A  mc_w.l(entry8b.o)
    0x08000138   0x00000008   Code   RO         5357    .ARM.Collect$$$$0000000B  mc_w.l(entry9a.o)
    0x08000140   0x00000000   Code   RO         5359    .ARM.Collect$$$$0000000D  mc_w.l(entry10a.o)
    0x08000140   0x00000000   Code   RO         5361    .ARM.Collect$$$$0000000F  mc_w.l(entry11a.o)
    0x08000140   0x00000004   Code   RO         5350    .ARM.Collect$$$$00002712  mc_w.l(entry2.o)
    0x08000144   0x00000024   Code   RO         5047    .text               startup_stm32f10x_hd.o
    0x08000168   0x00000062   Code   RO         5054    .text               mc_w.l(ldiv.o)
    0x080001ca   0x00000024   Code   RO         5056    .text               mc_w.l(memcpya.o)
    0x080001ee   0x00000018   Code   RO         5058    .text               mc_w.l(strcat.o)
    0x08000206   0x0000001c   Code   RO         5062    .text               mc_w.l(strcmp.o)
    0x08000222   0x00000012   Code   RO         5064    .text               mc_w.l(strcpy.o)
    0x08000234   0x00000064   Code   RO         5329    .text               mf_w.l(fmul.o)
    0x08000298   0x0000007c   Code   RO         5331    .text               mf_w.l(fdiv.o)
    0x08000314   0x000000e4   Code   RO         5333    .text               mf_w.l(dmul.o)
    0x080003f8   0x000000de   Code   RO         5335    .text               mf_w.l(ddiv.o)
    0x080004d6   0x0000000a   Code   RO         5337    .text               mf_w.l(ffltui.o)
    0x080004e0   0x0000001a   Code   RO         5339    .text               mf_w.l(dfltui.o)
    0x080004fa   0x00000028   Code   RO         5341    .text               mf_w.l(ffixui.o)
    0x08000522   0x00000026   Code   RO         5343    .text               mf_w.l(f2d.o)
    0x08000548   0x00000038   Code   RO         5345    .text               mf_w.l(d2f.o)
    0x08000580   0x00000014   Code   RO         5347    .text               mf_w.l(cfcmple.o)
    0x08000594   0x0000002c   Code   RO         5364    .text               mc_w.l(uidiv.o)
    0x080005c0   0x00000062   Code   RO         5366    .text               mc_w.l(uldiv.o)
    0x08000622   0x00000000   Code   RO         5368    .text               mc_w.l(iusefp.o)
    0x08000622   0x0000006e   Code   RO         5369    .text               mf_w.l(fepilogue.o)
    0x08000690   0x000000ba   Code   RO         5371    .text               mf_w.l(depilogue.o)
    0x0800074a   0x0000014e   Code   RO         5373    .text               mf_w.l(dadd.o)
    0x08000898   0x00000030   Code   RO         5375    .text               mf_w.l(dfixul.o)
    0x080008c8   0x00000030   Code   RO         5377    .text               mf_w.l(cdrcmple.o)
    0x080008f8   0x00000024   Code   RO         5379    .text               mc_w.l(init.o)
    0x0800091c   0x0000001e   Code   RO         5381    .text               mc_w.l(llshl.o)
    0x0800093a   0x00000020   Code   RO         5383    .text               mc_w.l(llushr.o)
    0x0800095a   0x00000024   Code   RO         5385    .text               mc_w.l(llsshr.o)
    0x0800097e   0x00000056   Code   RO         5395    .text               mc_w.l(__dczerorl2.o)
    0x080009d4   0x00000016   Code   RO         4672    i.ADC_Cmd           stm32f10x_adc.o
    0x080009ea   0x00000002   PAD
    0x080009ec   0x0000005c   Code   RO         4674    i.ADC_DeInit        stm32f10x_adc.o
    0x08000a48   0x00000014   Code   RO         4680    i.ADC_GetCalibrationStatus  stm32f10x_adc.o
    0x08000a5c   0x00000008   Code   RO         4681    i.ADC_GetConversionValue  stm32f10x_adc.o
    0x08000a64   0x00000012   Code   RO         4683    i.ADC_GetFlagStatus  stm32f10x_adc.o
    0x08000a76   0x00000014   Code   RO         4686    i.ADC_GetResetCalibrationStatus  stm32f10x_adc.o
    0x08000a8a   0x00000002   PAD
    0x08000a8c   0x00000050   Code   RO         4690    i.ADC_Init          stm32f10x_adc.o
    0x08000adc   0x000000b8   Code   RO         4694    i.ADC_RegularChannelConfig  stm32f10x_adc.o
    0x08000b94   0x0000000a   Code   RO         4695    i.ADC_ResetCalibration  stm32f10x_adc.o
    0x08000b9e   0x00000016   Code   RO         4697    i.ADC_SoftwareStartConvCmd  stm32f10x_adc.o
    0x08000bb4   0x0000000a   Code   RO         4699    i.ADC_StartCalibration  stm32f10x_adc.o
    0x08000bbe   0x00000002   PAD
    0x08000bc0   0x00000064   Code   RO         2514    i.AlarmisRing       ui.o
    0x08000c24   0x00000010   Code   RO         4386    i.BKP_DeInit        stm32f10x_bkp.o
    0x08000c34   0x0000001c   Code   RO         4391    i.BKP_ReadBackupRegister  stm32f10x_bkp.o
    0x08000c50   0x0000001c   Code   RO         4395    i.BKP_WriteBackupRegister  stm32f10x_bkp.o
    0x08000c6c   0x00000004   Code   RO         4956    i.BusFault_Handler  stm32f10x_it.o
    0x08000c70   0x00000016   Code   RO         1494    i.CalcPow           oled.o
    0x08000c86   0x00000002   PAD
    0x08000c88   0x000000ac   Code   RO         2197    i.Calendar2Sec      rtc.o
    0x08000d34   0x00000074   Code   RO         1282    i.CheckLineFeed     checklinefeed.o
    0x08000da8   0x00000048   Code   RO         2263    i.CheckWKUP         wakeup.o
    0x08000df0   0x00000032   Code   RO         2587    i.ChrtoDec          execode.o
    0x08000e22   0x00000002   PAD
    0x08000e24   0x0000000c   Code   RO         1993    i.Clr100msFlag      timer.o
    0x08000e30   0x0000000c   Code   RO         1994    i.Clr1SecFlag       timer.o
    0x08000e3c   0x0000000c   Code   RO         1995    i.Clr2msFlag        timer.o
    0x08000e48   0x00000030   Code   RO          337    i.CmdError          sdio.o
    0x08000e78   0x00000060   Code   RO          338    i.CmdResp1Error     sdio.o
    0x08000ed8   0x00000054   Code   RO          339    i.CmdResp2Error     sdio.o
    0x08000f2c   0x00000038   Code   RO          340    i.CmdResp3Error     sdio.o
    0x08000f64   0x00000090   Code   RO          341    i.CmdResp6Error     sdio.o
    0x08000ff4   0x0000004c   Code   RO          342    i.CmdResp7Error     sdio.o
    0x08001040   0x00000094   Code   RO         1701    i.ConfigKeyOneGPIO  keyone.o
    0x080010d4   0x00000064   Code   RO          228    i.ConfigLEDGPIO     led.o
    0x08001138   0x0000000e   Code   RO         1645    i.ConfigLamp        lamp.o
    0x08001146   0x0000000c   Code   RO         4888    i.ConfigNVIC        nvic.o
    0x08001152   0x00000002   PAD
    0x08001154   0x000000d8   Code   RO         1495    i.ConfigOLEDGPIO    oled.o
    0x0800122c   0x000000cc   Code   RO         1496    i.ConfigOLEDReg     oled.o
    0x080012f8   0x00000064   Code   RO         1976    i.ConfigRCC         rcc.o
    0x0800135c   0x00000020   Code   RO         2198    i.ConfigRTCNVIC     rtc.o
    0x0800137c   0x00000068   Code   RO          343    i.ConfigSDDMA       sdio.o
    0x080013e4   0x00000050   Code   RO         1996    i.ConfigTimer2      timer.o
    0x08001434   0x00000054   Code   RO         1997    i.ConfigTimer4      timer.o
    0x08001488   0x00000054   Code   RO         1998    i.ConfigTimer5      timer.o
    0x080014dc   0x00000064   Code   RO         1677    i.ConfigTouchKey    touchkey.o
    0x08001540   0x000000c4   Code   RO         2089    i.ConfigUART        uart.o
    0x08001604   0x000000c0   Code   RO         2375    i.ConfigUART2       uart2.o
    0x080016c4   0x00000012   Code   RO          344    i.Convert2PowerofTwo  sdio.o
    0x080016d6   0x00000018   Code   RO         4170    i.DMA_Cmd           stm32f10x_dma.o
    0x080016ee   0x00000002   PAD
    0x080016f0   0x0000014c   Code   RO         4171    i.DMA_DeInit        stm32f10x_dma.o
    0x0800183c   0x0000003c   Code   RO         4176    i.DMA_Init          stm32f10x_dma.o
    0x08001878   0x000000bc   Code   RO         1309    i.DbgAsstScan       dbgasst.o
    0x08001934   0x00000002   Code   RO         4957    i.DebugMon_Handler  stm32f10x_it.o
    0x08001936   0x00000002   PAD
    0x08001938   0x00000018   Code   RO         4905    i.DelayNms          systick.o
    0x08001950   0x0000001a   Code   RO         4906    i.DelayNus          systick.o
    0x0800196a   0x00000014   Code   RO         2264    i.EXTI0_IRQHandler  wakeup.o
    0x0800197e   0x00000002   PAD
    0x08001980   0x00000034   Code   RO         1678    i.EXTI9_5_IRQHandler  touchkey.o
    0x080019b4   0x0000000c   Code   RO         4613    i.EXTI_ClearITPendingBit  stm32f10x_exti.o
    0x080019c0   0x00000028   Code   RO         4617    i.EXTI_GetITStatus  stm32f10x_exti.o
    0x080019e8   0x00000094   Code   RO         4618    i.EXTI_Init         stm32f10x_exti.o
    0x08001a7c   0x00000068   Code   RO          345    i.EnableSDWideBusOperation  sdio.o
    0x08001ae4   0x00000020   Code   RO         2376    i.EnableUARTT2      uart2.o
    0x08001b04   0x000001e8   Code   RO         2588    i.ExeBTCode         execode.o
    0x08001cec   0x000002b0   Code   RO         1310    i.ExeFunc           dbgasst.o
    0x08001f9c   0x0000001c   Code   RO         2663    i.FLASH_PrefetchBufferCmd  stm32f10x_flash.o
    0x08001fb8   0x00000018   Code   RO         2668    i.FLASH_SetLatency  stm32f10x_flash.o
    0x08001fd0   0x00000194   Code   RO          346    i.FindSCR           sdio.o
    0x08002164   0x00000024   Code   RO          272    i.FreeMemExt        malloc.o
    0x08002188   0x0000006c   Code   RO          273    i.FreeMemInw        malloc.o
    0x080021f4   0x00000040   Code   RO         2823    i.GPIO_EXTILineConfig  stm32f10x_gpio.o
    0x08002234   0x00000116   Code   RO         2826    i.GPIO_Init         stm32f10x_gpio.o
    0x0800234a   0x00000002   PAD
    0x0800234c   0x00000090   Code   RO         2828    i.GPIO_PinRemapConfig  stm32f10x_gpio.o
    0x080023dc   0x00000012   Code   RO         2830    i.GPIO_ReadInputDataBit  stm32f10x_gpio.o
    0x080023ee   0x00000004   Code   RO         2833    i.GPIO_ResetBits    stm32f10x_gpio.o
    0x080023f2   0x00000004   Code   RO         2834    i.GPIO_SetBits      stm32f10x_gpio.o
    0x080023f6   0x0000000a   Code   RO         2837    i.GPIO_WriteBit     stm32f10x_gpio.o
    0x08002400   0x0000000c   Code   RO         1999    i.Get100msFlag      timer.o
    0x0800240c   0x0000000c   Code   RO         2000    i.Get1SecFlag       timer.o
    0x08002418   0x0000000c   Code   RO         2001    i.Get2msFlag        timer.o
    0x08002424   0x00000030   Code   RO         2334    i.GetADC            adc.o
    0x08002454   0x00000026   Code   RO         2335    i.GetADCAverage     adc.o
    0x0800247a   0x000000c8   Code   RO         1374    i.GetAFuncPara      procstring.o
    0x08002542   0x00000002   PAD
    0x08002544   0x0000011c   Code   RO         1375    i.GetAllFuncPara    procstring.o
    0x08002660   0x00000036   Code   RO         1376    i.GetCmdName        procstring.o
    0x08002696   0x00000002   PAD
    0x08002698   0x00000020   Code   RO         2002    i.GetDbgAsstTimer   timer.o
    0x080026b8   0x000000b8   Code   RO         1311    i.GetFuncInfo       dbgasst.o
    0x08002770   0x000001c0   Code   RO         1377    i.GetFuncName       procstring.o
    0x08002930   0x00000040   Code   RO          274    i.GetMemPerused     malloc.o
    0x08002970   0x00000018   Code   RO         1378    i.GetNextChar       procstring.o
    0x08002988   0x00000020   Code   RO         1379    i.GetParaPos        procstring.o
    0x080029a8   0x0000000c   Code   RO         1312    i.GetParaType       dbgasst.o
    0x080029b4   0x0000010c   Code   RO         2199    i.GetRTC            rtc.o
    0x08002ac0   0x00000078   Code   RO         2200    i.GetRTCWeek        rtc.o
    0x08002b38   0x00000034   Code   RO         1283    i.GetRecData        checklinefeed.o
    0x08002b6c   0x00000314   Code   RO          347    i.GetSDCardInfo     sdio.o
    0x08002e80   0x000000e0   Code   RO         1615    i.Get_HzMat         text.o
    0x08002f60   0x00000004   Code   RO         4958    i.HardFault_Handler  stm32f10x_it.o
    0x08002f64   0x00000004   Code   RO          518    i.INTX_DISABLE      sysit.o
    0x08002f68   0x00000004   Code   RO          519    i.INTX_ENABLE       sysit.o
    0x08002f6c   0x00000094   Code   RO         2336    i.InitADC           adc.o
    0x08003000   0x00000060   Code   RO         2357    i.InitAudioSel      audiosel.o
    0x08003060   0x0000002c   Code   RO         1284    i.InitCheckLineFeed  checklinefeed.o
    0x0800308c   0x0000001c   Code   RO         1313    i.InitDbgAsst       dbgasst.o
    0x080030a8   0x00000002   Code   RO         1126    i.InitDbgFat        dbgfat.o
    0x080030aa   0x00000002   PAD
    0x080030ac   0x00000084   Code   RO         1073    i.InitExFsFun       exfsfun.o
    0x08003130   0x0000031c   Code   RO         1074    i.InitFatFs         exfsfun.o
    0x0800344c   0x00000044   Code   RO         1452    i.InitFontLib       fontupd.o
    0x08003490   0x0000004c   Code   RO            1    i.InitHardware      main.o
    0x080034dc   0x0000001c   Code   RO         1702    i.InitKeyOne        keyone.o
    0x080034f8   0x00000008   Code   RO          229    i.InitLED           led.o
    0x08003500   0x00000024   Code   RO         1646    i.InitLamp          lamp.o
    0x08003524   0x00000044   Code   RO          275    i.InitMemMgt        malloc.o
    0x08003568   0x00000008   Code   RO         4889    i.InitNVIC          nvic.o
    0x08003570   0x0000001c   Code   RO         1497    i.InitOLED          oled.o
    0x0800358c   0x000000b0   Code   RO         2322    i.InitPWM           pwm.o
    0x0800363c   0x00000002   Code   RO         1726    i.InitProcKeyOne    prockeyone.o
    0x0800363e   0x00000002   PAD
    0x08003640   0x00000018   Code   RO         1380    i.InitProcString    procstring.o
    0x08003658   0x00000008   Code   RO         1977    i.InitRCC           rcc.o
    0x08003660   0x000000be   Code   RO         2201    i.InitRTC           rtc.o
    0x0800371e   0x00000002   PAD
    0x08003720   0x00000120   Code   RO          349    i.InitSD            sdio.o
    0x08003840   0x000000cc   Code   RO         2298    i.InitSPI1          spi1.o
    0x0800390c   0x000000d8   Code   RO         2173    i.InitSPI2          spi2.o
    0x080039e4   0x0000001e   Code   RO            2    i.InitSoftware      main.o
    0x08003a02   0x00000002   PAD
    0x08003a04   0x00000068   Code   RO         4907    i.InitSysTick       systick.o
    0x08003a6c   0x00000024   Code   RO         2003    i.InitTimer         timer.o
    0x08003a90   0x00000008   Code   RO         1679    i.InitTouchKey      touchkey.o
    0x08003a98   0x0000000c   Code   RO         2091    i.InitUART          uart.o
    0x08003aa4   0x0000000c   Code   RO         2377    i.InitUART2         uart2.o
    0x08003ab0   0x00000028   Code   RO         2378    i.InitUART2Buf      uart2.o
    0x08003ad8   0x00000028   Code   RO         2092    i.InitUARTBuf       uart.o
    0x08003b00   0x00000058   Code   RO         2515    i.InitUI            ui.o
    0x08003b58   0x00000040   Code   RO          995    i.InitW25Qxx        w25qxx.o
    0x08003b98   0x00000070   Code   RO         2265    i.InitWakeUp        wakeup.o
    0x08003c08   0x00000154   Code   RO          350    i.InitializeSDCards  sdio.o
    0x08003d5c   0x0000009c   Code   RO          351    i.IsCardProgramming  sdio.o
    0x08003df8   0x0000003a   Code   RO         2202    i.JudgeLeapYear     rtc.o
    0x08003e32   0x00000002   PAD
    0x08003e34   0x00000028   Code   RO          276    i.MallocMemExt      malloc.o
    0x08003e5c   0x000000a8   Code   RO          277    i.MallocMemInw      malloc.o
    0x08003f04   0x00000004   Code   RO         4959    i.MemManage_Handler  stm32f10x_it.o
    0x08003f08   0x00000002   Code   RO         4960    i.NMI_Handler       stm32f10x_it.o
    0x08003f0a   0x00000002   PAD
    0x08003f0c   0x00000018   Code   RO         2093    i.NVIC_ClearPendingIRQ  uart.o
    0x08003f24   0x00000018   Code   RO         2379    i.NVIC_ClearPendingIRQ  uart2.o
    0x08003f3c   0x00000070   Code   RO         2610    i.NVIC_Init         misc.o
    0x08003fac   0x00000014   Code   RO         2611    i.NVIC_PriorityGroupConfig  misc.o
    0x08003fc0   0x00000030   Code   RO         1498    i.OLEDClear         oled.o
    0x08003ff0   0x00000032   Code   RO         1499    i.OLEDClearArea     oled.o
    0x08004022   0x00000002   PAD
    0x08004024   0x00000068   Code   RO         1502    i.OLEDDrawPoint     oled.o
    0x0800408c   0x0000004c   Code   RO         1503    i.OLEDRefreshGRAM   oled.o
    0x080040d8   0x0000005c   Code   RO         1504    i.OLEDShow0Num      oled.o
    0x08004134   0x00000070   Code   RO         1505    i.OLEDShowAlarmRing  oled.o
    0x080041a4   0x000000a8   Code   RO         1506    i.OLEDShowChar      oled.o
    0x0800424c   0x000000d4   Code   RO         1507    i.OLEDShowIcon      oled.o
    0x08004320   0x00000094   Code   RO         1508    i.OLEDShowNum       oled.o
    0x080043b4   0x00000054   Code   RO         1509    i.OLEDShowString    oled.o
    0x08004408   0x00000074   Code   RO         1510    i.OLEDWriteByte     oled.o
    0x0800447c   0x000000c0   Code   RO         2516    i.OperateMusicPlayer  ui.o
    0x0800453c   0x0000000c   Code   RO         4552    i.PWR_BackupAccessCmd  stm32f10x_pwr.o
    0x08004548   0x00000034   Code   RO         4555    i.PWR_EnterSTANDBYMode  stm32f10x_pwr.o
    0x0800457c   0x0000000c   Code   RO         4560    i.PWR_WakeUpPinCmd  stm32f10x_pwr.o
    0x08004588   0x00000002   Code   RO         4961    i.PendSV_Handler    stm32f10x_it.o
    0x0800458a   0x00000002   PAD
    0x0800458c   0x00000030   Code   RO         2454    i.PlaySystemMusic   musicplayer.o
    0x080045bc   0x00000016   Code   RO         1381    i.Power             procstring.o
    0x080045d2   0x00000012   Code   RO            3    i.Proc100msTask     main.o
    0x080045e4   0x00000168   Code   RO            4    i.Proc1SecTask      main.o
    0x0800474c   0x00000100   Code   RO            5    i.Proc2msTask       main.o
    0x0800484c   0x00000028   Code   RO         1727    i.ProcKeyDownKey0   prockeyone.o
    0x08004874   0x00000028   Code   RO         1728    i.ProcKeyDownKey1   prockeyone.o
    0x0800489c   0x00000028   Code   RO         1729    i.ProcKeyDownKey2   prockeyone.o
    0x080048c4   0x000000fc   Code   RO         1731    i.ProcKeyUpKey0     prockeyone.o
    0x080049c0   0x00000108   Code   RO         1732    i.ProcKeyUpKey1     prockeyone.o
    0x08004ac8   0x000000fc   Code   RO         1733    i.ProcKeyUpKey2     prockeyone.o
    0x08004bc4   0x000006e8   Code   RO         1314    i.ProcSysCmd        dbgasst.o
    0x080052ac   0x0000013c   Code   RO          352    i.ProcessSD_IRQSrc  sdio.o
    0x080053e8   0x00000018   Code   RO         2934    i.RCC_ADCCLKConfig  stm32f10x_rcc.o
    0x08005400   0x00000020   Code   RO         2935    i.RCC_AHBPeriphClockCmd  stm32f10x_rcc.o
    0x08005420   0x00000020   Code   RO         2936    i.RCC_APB1PeriphClockCmd  stm32f10x_rcc.o
    0x08005440   0x00000020   Code   RO         2938    i.RCC_APB2PeriphClockCmd  stm32f10x_rcc.o
    0x08005460   0x00000020   Code   RO         2939    i.RCC_APB2PeriphResetCmd  stm32f10x_rcc.o
    0x08005480   0x0000000c   Code   RO         2941    i.RCC_BackupResetCmd  stm32f10x_rcc.o
    0x0800548c   0x0000004c   Code   RO         2945    i.RCC_DeInit        stm32f10x_rcc.o
    0x080054d8   0x000000d4   Code   RO         2946    i.RCC_GetClocksFreq  stm32f10x_rcc.o
    0x080055ac   0x0000003c   Code   RO         2947    i.RCC_GetFlagStatus  stm32f10x_rcc.o
    0x080055e8   0x00000010   Code   RO         2949    i.RCC_GetSYSCLKSource  stm32f10x_rcc.o
    0x080055f8   0x00000018   Code   RO         2950    i.RCC_HCLKConfig    stm32f10x_rcc.o
    0x08005610   0x0000004c   Code   RO         2951    i.RCC_HSEConfig     stm32f10x_rcc.o
    0x0800565c   0x00000034   Code   RO         2954    i.RCC_LSEConfig     stm32f10x_rcc.o
    0x08005690   0x00000018   Code   RO         2957    i.RCC_PCLK1Config   stm32f10x_rcc.o
    0x080056a8   0x00000018   Code   RO         2958    i.RCC_PCLK2Config   stm32f10x_rcc.o
    0x080056c0   0x0000000c   Code   RO         2959    i.RCC_PLLCmd        stm32f10x_rcc.o
    0x080056cc   0x0000001c   Code   RO         2960    i.RCC_PLLConfig     stm32f10x_rcc.o
    0x080056e8   0x0000000c   Code   RO         2961    i.RCC_RTCCLKCmd     stm32f10x_rcc.o
    0x080056f4   0x00000010   Code   RO         2962    i.RCC_RTCCLKConfig  stm32f10x_rcc.o
    0x08005704   0x00000018   Code   RO         2963    i.RCC_SYSCLKConfig  stm32f10x_rcc.o
    0x0800571c   0x00000038   Code   RO         2965    i.RCC_WaitForHSEStartUp  stm32f10x_rcc.o
    0x08005754   0x00000010   Code   RO         4463    i.RTC_ClearITPendingBit  stm32f10x_rtc.o
    0x08005764   0x00000014   Code   RO         4464    i.RTC_EnterConfigMode  stm32f10x_rtc.o
    0x08005778   0x00000014   Code   RO         4465    i.RTC_ExitConfigMode  stm32f10x_rtc.o
    0x0800578c   0x00000024   Code   RO         4469    i.RTC_GetITStatus   stm32f10x_rtc.o
    0x080057b0   0x00000038   Code   RO         2203    i.RTC_IRQHandler    rtc.o
    0x080057e8   0x00000020   Code   RO         4470    i.RTC_ITConfig      stm32f10x_rtc.o
    0x08005808   0x0000001c   Code   RO         4471    i.RTC_SetAlarm      stm32f10x_rtc.o
    0x08005824   0x0000001c   Code   RO         4472    i.RTC_SetCounter    stm32f10x_rtc.o
    0x08005840   0x00000020   Code   RO         4473    i.RTC_SetPrescaler  stm32f10x_rtc.o
    0x08005860   0x00000014   Code   RO         4474    i.RTC_WaitForLastTask  stm32f10x_rtc.o
    0x08005874   0x00000024   Code   RO         4475    i.RTC_WaitForSynchro  stm32f10x_rtc.o
    0x08005898   0x00000006   Code   RO         1315    i.ReadAddr          dbgasst.o
    0x0800589e   0x00000002   PAD
    0x080058a0   0x00000258   Code   RO          353    i.ReadSDBlock       sdio.o
    0x08005af8   0x00000098   Code   RO          354    i.ReadSDDisk        sdio.o
    0x08005b90   0x000002e8   Code   RO          355    i.ReadSDMultiBlocks  sdio.o
    0x08005e78   0x0000004c   Code   RO         2094    i.ReadSendBuf       uart.o
    0x08005ec4   0x0000004c   Code   RO         2380    i.ReadSendBuf2      uart2.o
    0x08005f10   0x0000006c   Code   RO         2095    i.ReadUART          uart.o
    0x08005f7c   0x0000006c   Code   RO         2381    i.ReadUART2         uart2.o
    0x08005fe8   0x00000024   Code   RO         2004    i.ResetDbgAsstTimer  timer.o
    0x0800600c   0x000000ac   Code   RO          356    i.SDEnWideBus       sdio.o
    0x080060b8   0x0000000c   Code   RO         3863    i.SDIO_ClearFlag    stm32f10x_sdio.o
    0x080060c4   0x0000000c   Code   RO         3865    i.SDIO_ClockCmd     stm32f10x_sdio.o
    0x080060d0   0x0000000c   Code   RO         3868    i.SDIO_DMACmd       stm32f10x_sdio.o
    0x080060dc   0x00000030   Code   RO         3869    i.SDIO_DataConfig   stm32f10x_sdio.o
    0x0800610c   0x00000024   Code   RO         3871    i.SDIO_DeInit       stm32f10x_sdio.o
    0x08006130   0x00000018   Code   RO         3875    i.SDIO_GetFlagStatus  stm32f10x_sdio.o
    0x08006148   0x00000010   Code   RO         3877    i.SDIO_GetPowerState  stm32f10x_sdio.o
    0x08006158   0x00000008   Code   RO          357    i.SDIO_IRQHandler   sdio.o
    0x08006160   0x00000030   Code   RO         3880    i.SDIO_Init         stm32f10x_sdio.o
    0x08006190   0x0000000c   Code   RO         3881    i.SDIO_ReadData     stm32f10x_sdio.o
    0x0800619c   0x0000002c   Code   RO         3883    i.SDIO_SendCommand  stm32f10x_sdio.o
    0x080061c8   0x0000001c   Code   RO         3885    i.SDIO_SetPowerState  stm32f10x_sdio.o
    0x080061e4   0x0000000c   Code   RO         3891    i.SDIO_WriteData    stm32f10x_sdio.o
    0x080061f0   0x000001dc   Code   RO          359    i.SD_PowerON        sdio.o
    0x080063cc   0x00000054   Code   RO         2299    i.SPI1ReadWriteByte  spi1.o
    0x08006420   0x00000028   Code   RO         2300    i.SPI1SetSpeed      spi1.o
    0x08006448   0x00000054   Code   RO         2174    i.SPI2ReadWriteByte  spi2.o
    0x0800649c   0x00000028   Code   RO         2175    i.SPI2SetSpeed      spi2.o
    0x080064c4   0x00000018   Code   RO         4245    i.SPI_Cmd           stm32f10x_spi.o
    0x080064dc   0x00000012   Code   RO         4253    i.SPI_I2S_GetFlagStatus  stm32f10x_spi.o
    0x080064ee   0x00000006   Code   RO         4256    i.SPI_I2S_ReceiveData  stm32f10x_spi.o
    0x080064f4   0x00000004   Code   RO         4257    i.SPI_I2S_SendData  stm32f10x_spi.o
    0x080064f8   0x0000003c   Code   RO         4258    i.SPI_Init          stm32f10x_spi.o
    0x08006534   0x00000002   Code   RO         4962    i.SVC_Handler       stm32f10x_it.o
    0x08006536   0x00000002   PAD
    0x08006538   0x000000cc   Code   RO         1703    i.ScanKeyOne        keyone.o
    0x08006604   0x00000030   Code   RO          360    i.SelectSDDeselect  sdio.o
    0x08006634   0x00000020   Code   RO         2096    i.SendCharUsedByFputc  uart.o
    0x08006654   0x000000b8   Code   RO         2204    i.SetAlarm          rtc.o
    0x0800670c   0x00000250   Code   RO         2517    i.SetAlarmFace      ui.o
    0x0800695c   0x000002c4   Code   RO         2518    i.SetDateFace       ui.o
    0x08006c20   0x00000148   Code   RO         1647    i.SetLampBrightness  lamp.o
    0x08006d68   0x00000014   Code   RO          279    i.SetMem            malloc.o
    0x08006d7c   0x0000000c   Code   RO         1316    i.SetParaType       dbgasst.o
    0x08006d88   0x00000068   Code   RO         2205    i.SetRTC            rtc.o
    0x08006df0   0x00000018   Code   RO          362    i.SetSDDeviceMode   sdio.o
    0x08006e08   0x00000014   Code   RO          363    i.SetSDIOClock      sdio.o
    0x08006e1c   0x00000008   Code   RO         5010    i.SetSysClock       system_stm32f10x.o
    0x08006e24   0x000000e0   Code   RO         5011    i.SetSysClockTo72   system_stm32f10x.o
    0x08006f04   0x00000164   Code   RO         2519    i.SetTimeFace       ui.o
    0x08007068   0x0000018c   Code   RO         2520    i.ShowMenu          ui.o
    0x080071f4   0x000000c4   Code   RO         1616    i.Show_Font         text.o
    0x080072b8   0x000000c2   Code   RO         1617    i.Show_Str          text.o
    0x0800737a   0x000000ca   Code   RO         1382    i.Str2Num           procstring.o
    0x08007444   0x00000022   Code   RO         1383    i.StrCmp            procstring.o
    0x08007466   0x00000016   Code   RO         1384    i.StrCpy            procstring.o
    0x0800747c   0x00000018   Code   RO         1385    i.StrLen            procstring.o
    0x08007494   0x00000012   Code   RO         2266    i.SysEnterStandby   wakeup.o
    0x080074a6   0x0000001a   Code   RO         2267    i.SysStandby        wakeup.o
    0x080074c0   0x00000008   Code   RO         4908    i.SysTick_Handler   systick.o
    0x080074c8   0x00000060   Code   RO         5013    i.SystemInit        system_stm32f10x.o
    0x08007528   0x00000068   Code   RO         2005    i.TIM2_IRQHandler   timer.o
    0x08007590   0x0000001c   Code   RO         2006    i.TIM4_IRQHandler   timer.o
    0x080075ac   0x00000058   Code   RO         2007    i.TIM5_IRQHandler   timer.o
    0x08007604   0x00000006   Code   RO         3144    i.TIM_ClearFlag     stm32f10x_tim.o
    0x0800760a   0x00000006   Code   RO         3145    i.TIM_ClearITPendingBit  stm32f10x_tim.o
    0x08007610   0x00000018   Code   RO         3150    i.TIM_Cmd           stm32f10x_tim.o
    0x08007628   0x00000006   Code   RO         3169    i.TIM_GetCounter    stm32f10x_tim.o
    0x0800762e   0x00000022   Code   RO         3171    i.TIM_GetITStatus   stm32f10x_tim.o
    0x08007650   0x00000012   Code   RO         3175    i.TIM_ITConfig      stm32f10x_tim.o
    0x08007662   0x00000002   PAD
    0x08007664   0x000000a4   Code   RO         3184    i.TIM_OC2Init       stm32f10x_tim.o
    0x08007708   0x0000001a   Code   RO         3187    i.TIM_OC2PreloadConfig  stm32f10x_tim.o
    0x08007722   0x00000002   PAD
    0x08007724   0x000000a0   Code   RO         3189    i.TIM_OC3Init       stm32f10x_tim.o
    0x080077c4   0x00000012   Code   RO         3192    i.TIM_OC3PreloadConfig  stm32f10x_tim.o
    0x080077d6   0x00000002   PAD
    0x080077d8   0x0000007c   Code   RO         3194    i.TIM_OC4Init       stm32f10x_tim.o
    0x08007854   0x0000001a   Code   RO         3196    i.TIM_OC4PreloadConfig  stm32f10x_tim.o
    0x0800786e   0x00000004   Code   RO         3212    i.TIM_SetCompare2   stm32f10x_tim.o
    0x08007872   0x00000004   Code   RO         3213    i.TIM_SetCompare3   stm32f10x_tim.o
    0x08007876   0x00000006   Code   RO         3214    i.TIM_SetCompare4   stm32f10x_tim.o
    0x0800787c   0x00000004   Code   RO         3215    i.TIM_SetCounter    stm32f10x_tim.o
    0x08007880   0x000000a4   Code   RO         3221    i.TIM_TimeBaseInit  stm32f10x_tim.o
    0x08007924   0x00000018   Code   RO         4909    i.TimDelayDec       systick.o
    0x0800793c   0x00000098   Code   RO         2097    i.USART1_IRQHandler  uart.o
    0x080079d4   0x00000098   Code   RO         2382    i.USART2_IRQHandler  uart2.o
    0x08007a6c   0x00000012   Code   RO         3682    i.USART_ClearFlag   stm32f10x_usart.o
    0x08007a7e   0x0000001e   Code   RO         3683    i.USART_ClearITPendingBit  stm32f10x_usart.o
    0x08007a9c   0x00000018   Code   RO         3686    i.USART_Cmd         stm32f10x_usart.o
    0x08007ab4   0x0000001a   Code   RO         3689    i.USART_GetFlagStatus  stm32f10x_usart.o
    0x08007ace   0x00000054   Code   RO         3690    i.USART_GetITStatus  stm32f10x_usart.o
    0x08007b22   0x0000004a   Code   RO         3692    i.USART_ITConfig    stm32f10x_usart.o
    0x08007b6c   0x000000d8   Code   RO         3693    i.USART_Init        stm32f10x_usart.o
    0x08007c44   0x0000000a   Code   RO         3700    i.USART_ReceiveData  stm32f10x_usart.o
    0x08007c4e   0x00000008   Code   RO         3703    i.USART_SendData    stm32f10x_usart.o
    0x08007c56   0x00000018   Code   RO         3709    i.USART_StructInit  stm32f10x_usart.o
    0x08007c6e   0x00000002   PAD
    0x08007c70   0x00000098   Code   RO         2521    i.UpdateMask        ui.o
    0x08007d08   0x00000004   Code   RO         4963    i.UsageFault_Handler  stm32f10x_it.o
    0x08007d0c   0x00000010   Code   RO         1795    i.VS_Get_DecodeTime  vs10xx.o
    0x08007d1c   0x0000000c   Code   RO         1796    i.VS_Get_EndFillByte  vs10xx.o
    0x08007d28   0x000000ac   Code   RO         1797    i.VS_Get_HeadInfo   vs10xx.o
    0x08007dd4   0x00000060   Code   RO         1798    i.VS_HD_Reset       vs10xx.o
    0x08007e34   0x00000060   Code   RO         1799    i.VS_Init           vs10xx.o
    0x08007e94   0x00000070   Code   RO         1800    i.VS_Load_Patch     vs10xx.o
    0x08007f04   0x00000064   Code   RO         1801    i.VS_RD_Reg         vs10xx.o
    0x08007f68   0x00000078   Code   RO         1802    i.VS_Ram_Test       vs10xx.o
    0x08007fe0   0x00000014   Code   RO         1803    i.VS_Reset_DecodeTime  vs10xx.o
    0x08007ff4   0x000000b6   Code   RO         1804    i.VS_Restart_Play   vs10xx.o
    0x080080aa   0x0000000c   Code   RO         1805    i.VS_SPI_ReadWriteByte  vs10xx.o
    0x080080b6   0x0000000a   Code   RO         1806    i.VS_SPI_SpeedHigh  vs10xx.o
    0x080080c0   0x0000000a   Code   RO         1807    i.VS_SPI_SpeedLow   vs10xx.o
    0x080080ca   0x0000001a   Code   RO         1808    i.VS_SPK_Set        vs10xx.o
    0x080080e4   0x0000003c   Code   RO         1809    i.VS_Send_MusicData  vs10xx.o
    0x08008120   0x00000030   Code   RO         1810    i.VS_Set_All        vs10xx.o
    0x08008150   0x00000066   Code   RO         1811    i.VS_Set_Bass       vs10xx.o
    0x080081b6   0x00000036   Code   RO         1812    i.VS_Set_Effect     vs10xx.o
    0x080081ec   0x00000026   Code   RO         1814    i.VS_Set_Vol        vs10xx.o
    0x08008212   0x00000002   PAD
    0x08008214   0x00000140   Code   RO         1815    i.VS_Sine_Test      vs10xx.o
    0x08008354   0x00000080   Code   RO         1816    i.VS_Soft_Reset     vs10xx.o
    0x080083d4   0x00000018   Code   RO         1817    i.VS_WRAM_Read      vs10xx.o
    0x080083ec   0x00000028   Code   RO         1818    i.VS_WRAM_Write     vs10xx.o
    0x08008414   0x00000054   Code   RO         1819    i.VS_WR_Cmd         vs10xx.o
    0x08008468   0x00000048   Code   RO          997    i.W25QxxEraseSector  w25qxx.o
    0x080084b0   0x00000058   Code   RO          998    i.W25QxxRead        w25qxx.o
    0x08008508   0x0000004c   Code   RO          999    i.W25QxxReadID      w25qxx.o
    0x08008554   0x00000030   Code   RO         1000    i.W25QxxReadSR      w25qxx.o
    0x08008584   0x00000012   Code   RO         1001    i.W25QxxWaitBusy    w25qxx.o
    0x08008596   0x00000002   PAD
    0x08008598   0x00000028   Code   RO         1002    i.W25QxxWakeUp      w25qxx.o
    0x080085c0   0x000000b4   Code   RO         1003    i.W25QxxWrite       w25qxx.o
    0x08008674   0x00000024   Code   RO         1004    i.W25QxxWriteEnable  w25qxx.o
    0x08008698   0x00000046   Code   RO         1005    i.W25QxxWriteNoCheck  w25qxx.o
    0x080086de   0x00000002   PAD
    0x080086e0   0x0000005c   Code   RO         1006    i.W25QxxWritePage   w25qxx.o
    0x0800873c   0x0000007c   Code   RO         2383    i.WaitForReceive    uart2.o
    0x080087b8   0x000000d4   Code   RO         2384    i.WaitForTask       uart2.o
    0x0800888c   0x00000004   Code   RO         1317    i.WriteAddr         dbgasst.o
    0x08008890   0x0000004c   Code   RO         2098    i.WriteReceiveBuf   uart.o
    0x080088dc   0x0000004c   Code   RO         2385    i.WriteReceiveBuf2  uart2.o
    0x08008928   0x00000374   Code   RO          364    i.WriteSDBlock      sdio.o
    0x08008c9c   0x00000098   Code   RO          365    i.WriteSDDisk       sdio.o
    0x08008d34   0x000003c0   Code   RO          366    i.WriteSDMultiBlocks  sdio.o
    0x080090f4   0x0000008c   Code   RO         2386    i.WriteUART2        uart2.o
    0x08009180   0x00000020   Code   RO         5301    i.__0printf         mc_w.l(printfa.o)
    0x080091a0   0x0000000e   Code   RO         5389    i.__scatterload_copy  mc_w.l(handlers.o)
    0x080091ae   0x00000002   Code   RO         5390    i.__scatterload_null  mc_w.l(handlers.o)
    0x080091b0   0x0000000e   Code   RO         5391    i.__scatterload_zeroinit  mc_w.l(handlers.o)
    0x080091be   0x00000002   PAD
    0x080091c0   0x00000164   Code   RO         5308    i._fp_digits        mc_w.l(printfa.o)
    0x08009324   0x000006dc   Code   RO         5309    i._printf_core      mc_w.l(printfa.o)
    0x08009a00   0x00000024   Code   RO         5310    i._printf_post_padding  mc_w.l(printfa.o)
    0x08009a24   0x0000002e   Code   RO         5311    i._printf_pre_padding  mc_w.l(printfa.o)
    0x08009a52   0x0000001a   Code   RO         1076    i.char_upper        exfsfun.o
    0x08009a6c   0x00000090   Code   RO          546    i.check_fs          ff.o
    0x08009afc   0x00000014   Code   RO          547    i.chk_chr           ff.o
    0x08009b10   0x00000032   Code   RO          548    i.clmt_clust        ff.o
    0x08009b42   0x0000001a   Code   RO          549    i.clust2sect        ff.o
    0x08009b5c   0x00000090   Code   RO          550    i.cmp_lfn           ff.o
    0x08009bec   0x000000d6   Code   RO          551    i.create_chain      ff.o
    0x08009cc2   0x00000002   PAD
    0x08009cc4   0x00000270   Code   RO          552    i.create_name       ff.o
    0x08009f34   0x0000005c   Code   RO          553    i.dir_alloc         ff.o
    0x08009f90   0x000000ea   Code   RO          554    i.dir_find          ff.o
    0x0800a07a   0x0000010e   Code   RO          555    i.dir_next          ff.o
    0x0800a188   0x000000c6   Code   RO          556    i.dir_read          ff.o
    0x0800a24e   0x0000012a   Code   RO          557    i.dir_register      ff.o
    0x0800a378   0x0000006a   Code   RO          558    i.dir_remove        ff.o
    0x0800a3e2   0x0000009e   Code   RO          559    i.dir_sdi           ff.o
    0x0800a480   0x00000074   Code   RO          896    i.disk_initialize   diskio.o
    0x0800a4f4   0x000000a0   Code   RO          897    i.disk_ioctl        diskio.o
    0x0800a594   0x00000078   Code   RO          898    i.disk_read         diskio.o
    0x0800a60c   0x00000022   Code   RO          899    i.disk_status       diskio.o
    0x0800a62e   0x00000078   Code   RO          900    i.disk_write        diskio.o
    0x0800a6a6   0x00000020   Code   RO          561    i.f_close           ff.o
    0x0800a6c6   0x00000102   Code   RO          563    i.f_getfree         ff.o
    0x0800a7c8   0x00000052   Code   RO          565    i.f_gets            ff.o
    0x0800a81a   0x000002ac   Code   RO          566    i.f_lseek           ff.o
    0x0800aac6   0x0000017c   Code   RO          567    i.f_mkdir           ff.o
    0x0800ac42   0x00000002   PAD
    0x0800ac44   0x00000648   Code   RO          568    i.f_mkfs            ff.o
    0x0800b28c   0x0000005c   Code   RO          569    i.f_mount           ff.o
    0x0800b2e8   0x00000180   Code   RO          570    i.f_open            ff.o
    0x0800b468   0x00000088   Code   RO          571    i.f_opendir         ff.o
    0x0800b4f0   0x00000040   Code   RO          573    i.f_putc            ff.o
    0x0800b530   0x0000004a   Code   RO          574    i.f_puts            ff.o
    0x0800b57a   0x000001b0   Code   RO          575    i.f_read            ff.o
    0x0800b72a   0x00000072   Code   RO          576    i.f_readdir         ff.o
    0x0800b79c   0x00000122   Code   RO          577    i.f_rename          ff.o
    0x0800b8be   0x000000b0   Code   RO          580    i.f_sync            ff.o
    0x0800b96e   0x00000002   PAD
    0x0800b970   0x000000c0   Code   RO         1078    i.f_typetell        exfsfun.o
    0x0800ba30   0x000000be   Code   RO          582    i.f_unlink          ff.o
    0x0800baee   0x000001ea   Code   RO          584    i.f_write           ff.o
    0x0800bcd8   0x00000098   Code   RO          964    i.ff_convert        cc936.o
    0x0800bd70   0x0000000e   Code   RO          901    i.ff_memalloc       diskio.o
    0x0800bd7e   0x0000000e   Code   RO          902    i.ff_memfree        diskio.o
    0x0800bd8c   0x00000038   Code   RO          965    i.ff_wtoupper       cc936.o
    0x0800bdc4   0x00000394   Code   RO          585    i.find_volume       ff.o
    0x0800c158   0x00000080   Code   RO          586    i.fit_lfn           ff.o
    0x0800c1d8   0x00000090   Code   RO          587    i.follow_path       ff.o
    0x0800c268   0x00000010   Code   RO         2101    i.fputc             uart.o
    0x0800c278   0x00000090   Code   RO         1453    i.fupd_prog         fontupd.o
    0x0800c308   0x000000cc   Code   RO          588    i.gen_numname       ff.o
    0x0800c3d4   0x000000f2   Code   RO          589    i.get_fat           ff.o
    0x0800c4c6   0x00000002   PAD
    0x0800c4c8   0x00000008   Code   RO          903    i.get_fattime       diskio.o
    0x0800c4d0   0x00000110   Code   RO          590    i.get_fileinfo      ff.o
    0x0800c5e0   0x0000004a   Code   RO          591    i.get_ldnumber      ff.o
    0x0800c62a   0x00000020   Code   RO          592    i.ld_clust          ff.o
    0x0800c64a   0x00000002   PAD
    0x0800c64c   0x000000d4   Code   RO            6    i.main              main.o
    0x0800c720   0x00000026   Code   RO          593    i.mem_cmp           ff.o
    0x0800c746   0x0000001a   Code   RO          594    i.mem_cpy           ff.o
    0x0800c760   0x00000014   Code   RO          595    i.mem_set           ff.o
    0x0800c774   0x00000014   Code   RO         1127    i.mf_close          dbgfat.o
    0x0800c788   0x00000014   Code   RO         1129    i.mf_fmkfs          dbgfat.o
    0x0800c79c   0x0000004c   Code   RO         1131    i.mf_gets           dbgfat.o
    0x0800c7e8   0x00000014   Code   RO         1132    i.mf_lseek          dbgfat.o
    0x0800c7fc   0x0000000c   Code   RO         1133    i.mf_mkdir          dbgfat.o
    0x0800c808   0x00000018   Code   RO         1134    i.mf_mount          dbgfat.o
    0x0800c820   0x0000001c   Code   RO         1135    i.mf_open           dbgfat.o
    0x0800c83c   0x00000014   Code   RO         1136    i.mf_opendir        dbgfat.o
    0x0800c850   0x00000018   Code   RO         1137    i.mf_putc           dbgfat.o
    0x0800c868   0x00000018   Code   RO         1138    i.mf_puts           dbgfat.o
    0x0800c880   0x00000158   Code   RO         1139    i.mf_read           dbgfat.o
    0x0800c9d8   0x00000194   Code   RO         1140    i.mf_readdir        dbgfat.o
    0x0800cb6c   0x00000010   Code   RO         1141    i.mf_rename         dbgfat.o
    0x0800cb7c   0x00000090   Code   RO         1142    i.mf_scan_files     dbgfat.o
    0x0800cc0c   0x000000a8   Code   RO         1144    i.mf_showfree       dbgfat.o
    0x0800ccb4   0x0000000c   Code   RO         1145    i.mf_size           dbgfat.o
    0x0800ccc0   0x0000000c   Code   RO         1146    i.mf_tell           dbgfat.o
    0x0800cccc   0x0000000c   Code   RO         1147    i.mf_unlink         dbgfat.o
    0x0800ccd8   0x000000b8   Code   RO         1148    i.mf_write          dbgfat.o
    0x0800cd90   0x00000034   Code   RO          596    i.move_window       ff.o
    0x0800cdc4   0x00000074   Code   RO         2455    i.mp3_get_tnum      musicplayer.o
    0x0800ce38   0x00000044   Code   RO         2456    i.mp3_index_show    musicplayer.o
    0x0800ce7c   0x00000150   Code   RO         2457    i.mp3_msg_show      musicplayer.o
    0x0800cfcc   0x00000274   Code   RO         2458    i.mp3_play          musicplayer.o
    0x0800d240   0x000001f4   Code   RO         2459    i.mp3_play_song     musicplayer.o
    0x0800d434   0x00000038   Code   RO         2460    i.mp3_vol_show      musicplayer.o
    0x0800d46c   0x00000074   Code   RO          597    i.pick_lfn          ff.o
    0x0800d4e0   0x00000142   Code   RO          598    i.put_fat           ff.o
    0x0800d622   0x00000044   Code   RO          599    i.putc_bfd          ff.o
    0x0800d666   0x0000006c   Code   RO          600    i.remove_chain      ff.o
    0x0800d6d2   0x00000010   Code   RO          601    i.st_clust          ff.o
    0x0800d6e2   0x00000020   Code   RO          602    i.sum_sfn           ff.o
    0x0800d702   0x000000c8   Code   RO          603    i.sync_fs           ff.o
    0x0800d7ca   0x00000052   Code   RO          604    i.sync_window       ff.o
    0x0800d81c   0x00000164   Code   RO         1454    i.updata_fontx      fontupd.o
    0x0800d980   0x000003a4   Code   RO         1455    i.update_font       fontupd.o
    0x0800dd24   0x00000036   Code   RO          605    i.validate          ff.o
    0x0800dd5a   0x00000015   Data   RO            7    .constdata          main.o
    0x0800dd6f   0x00000001   PAD
    0x0800dd70   0x00000018   Data   RO          283    .constdata          malloc.o
    0x0800dd88   0x0000003a   Data   RO          606    .constdata          ff.o
    0x0800ddc2   0x000003c0   Data   RO          966    .constdata          cc936.o
    0x0800e182   0x00000002   PAD
    0x0800e184   0x00000138   Data   RO         1080    .constdata          exfsfun.o
    0x0800e2bc   0x00000010   Data   RO         1457    .constdata          fontupd.o
    0x0800e2cc   0x00004154   Data   RO         1512    .constdata          oled.o
    0x08012420   0x00000040   Data   RO         1821    .constdata          vs10xx.o
    0x08012460   0x00000018   Data   RO         2207    .constdata          rtc.o
    0x08012478   0x00002a72   Data   RO         2461    .constdata          musicplayer.o
    0x08014eea   0x00000002   PAD
    0x08014eec   0x00000060   Data   RO         1081    .conststring        exfsfun.o
    0x08014f4c   0x00000298   Data   RO         1319    .conststring        dbgasst.o
    0x080151e4   0x0000005f   Data   RO         1458    .conststring        fontupd.o
    0x08015243   0x00000001   PAD
    0x08015244   0x00000020   Data   RO         5387    Region$$Table       anon$$obj.o


    Execution Region RW_IRAM1 (Base: 0x20000000, Size: 0x0000d578, Max: 0x00010000, ABSOLUTE, COMPRESSED[0x0000011c])

    Base Addr    Size         Type   Attr      Idx    E Section Name        Object

    0x20000000   0x0000000a   Data   RW            8    .data               main.o
    0x2000000a   0x00000002   PAD
    0x2000000c   0x0000001c   Data   RW          284    .data               malloc.o
    0x20000028   0x00000010   Data   RW          368    .data               sdio.o
    0x20000038   0x0000000a   Data   RW          607    .data               ff.o
    0x20000042   0x00000002   Data   RW          904    .data               diskio.o
    0x20000044   0x0000005f   Data   RW         1082    .data               exfsfun.o
    0x200000a3   0x00000001   PAD
    0x200000a4   0x00000004   Data   RW         1286    .data               checklinefeed.o
    0x200000a8   0x000000dc   Data   RW         1320    .data               dbgasst.o
    0x20000184   0x00000001   Data   RW         1680    .data               touchkey.o
    0x20000185   0x0000000c   Data   RW         1704    .data               keyone.o
    0x20000191   0x00000003   PAD
    0x20000194   0x00000008   Data   RW         1735    .data               prockeyone.o
    0x2000019c   0x00000008   Data   RW         1822    .data               vs10xx.o
    0x200001a4   0x0000000e   Data   RW         2008    .data               timer.o
    0x200001b2   0x00000001   Data   RW         2103    .data               uart.o
    0x200001b3   0x00000001   PAD
    0x200001b4   0x0000000a   Data   RW         2208    .data               rtc.o
    0x200001be   0x00000001   Data   RW         2388    .data               uart2.o
    0x200001bf   0x00000001   PAD
    0x200001c0   0x00000006   Data   RW         2462    .data               musicplayer.o
    0x200001c6   0x00000012   Data   RW         2522    .data               ui.o
    0x200001d8   0x00000014   Data   RW         2966    .data               stm32f10x_rcc.o
    0x200001ec   0x00000004   Data   RW         4910    .data               systick.o
    0x200001f0   0x00000014   Data   RW         5014    .data               system_stm32f10x.o
    0x20000204   0x00000004   Data   RW         5363    .data               mc_w.l(stdout.o)
    0x20000208   0x00000018   PAD
    0x20000220   0x0000aa00   Zero   RW          282    .bss                malloc.o
    0x2000ac20   0x000002a8   Zero   RW          367    .bss                sdio.o
    0x2000aec8   0x00001000   Zero   RW         1007    .bss                w25qxx.o
    0x2000bec8   0x00000444   Zero   RW         1079    .bss                exfsfun.o
    0x2000c30c   0x000007d0   Zero   RW         1285    .bss                checklinefeed.o
    0x2000cadc   0x000000c8   Zero   RW         1318    .bss                dbgasst.o
    0x2000cba4   0x0000000a   Zero   RW         1386    .bss                procstring.o
    0x2000cbae   0x00000021   Zero   RW         1456    .bss                fontupd.o
    0x2000cbcf   0x00000400   Zero   RW         1511    .bss                oled.o
    0x2000cfcf   0x000000ce   Zero   RW         2102    .bss                uart.o
    0x2000d09d   0x00000001   PAD
    0x2000d09e   0x0000000a   Zero   RW         2206    .bss                rtc.o
    0x2000d0a8   0x000000ce   Zero   RW         2387    .bss                uart2.o
    0x2000d176   0x00000002   PAD
    0x2000d178   0x00000400   Zero   RW         5044    STACK               startup_stm32f10x_hd.o



  Load Region LR$$.ARM.__AT_0x68000000 (Base: 0x68000000, Size: 0x00000000, Max: 0x000f0000, ABSOLUTE)

    Execution Region ER$$.ARM.__AT_0x68000000 (Base: 0x68000000, Size: 0x000f0000, Max: 0x000f0000, ABSOLUTE, UNINIT)

    Base Addr    Size         Type   Attr      Idx    E Section Name        Object

    0x68000000   0x000f0000   Zero   RW          280    .ARM.__AT_0x68000000  malloc.o



  Load Region LR$$.ARM.__AT_0x680F0000 (Base: 0x680f0000, Size: 0x00000000, Max: 0x0000f000, ABSOLUTE)

    Execution Region ER$$.ARM.__AT_0x680F0000 (Base: 0x680f0000, Size: 0x0000f000, Max: 0x0000f000, ABSOLUTE, UNINIT)

    Base Addr    Size         Type   Attr      Idx    E Section Name        Object

    0x680f0000   0x0000f000   Zero   RW          281    .ARM.__AT_0x680F0000  malloc.o


==============================================================================

Image component sizes


      Code (inc. data)   RO Data    RW Data    ZI Data      Debug   Object Name

       234         14          0          0          0       1626   adc.o
        96          4          0          0          0        531   audiosel.o
       208         16        960          0          0       2415   cc936.o
       212         40          0          4       2000       2393   checklinefeed.o
      2890       1364        664        220        200       7011   dbgasst.o
      1566        622          0          0          0      14217   dbgfat.o
       586         36          0          2          0       6696   diskio.o
       538        200          0          0          0       1588   execode.o
      1146        532        408         95       1092       6338   exfsfun.o
     11210        140         58         10          0      50434   ff.o
      1500        136        111          0         33       5308   fontupd.o
       380         38          0         12          0       2618   keyone.o
       378         20          0          0          0       1491   lamp.o
       108          8          0          0          0     217786   led.o
       952        208         21         10          0     296160   main.o
       504         60         24         28    1088000       6231   malloc.o
       132         22          0          0          0       1451   misc.o
      1752        178      10866          6          0       6729   musicplayer.o
        20          0          0          0          0        839   nvic.o
      1680         54      16724          0       1024      12979   oled.o
       890        234          0          8          0       3900   prockeyone.o
      1370         26          0          0         10       9430   procstring.o
       176         14          0          0          0        722   pwm.o
       108          0          0          0          0        942   rcc.o
      1184         74         24         10         10       7231   rtc.o
      7262        402          0         16        680      32586   sdio.o
       328         18          0          0          0       1798   spi1.o
       340         18          0          0          0       1794   spi2.o
        36          8        304          0       1024        796   startup_stm32f10x_hd.o
       486         24          0          0          0       8282   stm32f10x_adc.o
        72         10          0          0          0       2576   stm32f10x_bkp.o
       416          8          0          0          0       3306   stm32f10x_dma.o
       200         18          0          0          0       1996   stm32f10x_exti.o
        52         12          0          0          0       1049   stm32f10x_flash.o
       522         10          0          0          0       5480   stm32f10x_gpio.o
        24          0          0          0          0       3536   stm32f10x_it.o
        76         22          0          0          0       1432   stm32f10x_pwr.o
       876        132          0         20          0      13694   stm32f10x_rcc.o
       268         48          0          0          0       4958   stm32f10x_rtc.o
       304         72          0          0          0       7678   stm32f10x_sdio.o
       112          0          0          0          0       3666   stm32f10x_spi.o
       794         72          0          0          0      10201   stm32f10x_tim.o
       514          6          0          0          0       7608   stm32f10x_usart.o
         8          0          0          0          0        869   sysit.o
       328         28          0         20          0       2225   system_stm32f10x.o
       186         22          0          4          0      18165   systick.o
       614          4          0          0          0       3375   text.o
       644        104          0         14          0       7604   timer.o
       160          8          0          1          0       1544   touchkey.o
       732         58          0          1        206      20897   uart.o
      1188        138          0          1        206       7697   uart2.o
      2584        392          0         18          0       6642   ui.o
      1882        118         64          8          0      15556   vs10xx.o
       784         44          0          0       4096       7334   w25qxx.o
       248         20          0          0          0       2498   wakeup.o

    ----------------------------------------------------------------------
     51928       5856      30266        516    1098584     873908   Object Totals
         0          0         32          0          0          0   (incl. Generated)
        68          0          6          8          3          0   (incl. Padding)

    ----------------------------------------------------------------------

      Code (inc. data)   RO Data    RW Data    ZI Data      Debug   Library Member Name

        86          0          0          0          0          0   __dczerorl2.o
         0          0          0          0          0          0   entry.o
         0          0          0          0          0          0   entry10a.o
         0          0          0          0          0          0   entry11a.o
         8          4          0          0          0          0   entry2.o
         4          0          0          0          0          0   entry5.o
         0          0          0          0          0          0   entry7b.o
         0          0          0          0          0          0   entry8b.o
         8          4          0          0          0          0   entry9a.o
        30          0          0          0          0          0   handlers.o
        36          8          0          0          0         68   init.o
         0          0          0          0          0          0   iusefp.o
        98          0          0          0          0         84   ldiv.o
        30          0          0          0          0         68   llshl.o
        36          0          0          0          0         68   llsshr.o
        32          0          0          0          0         68   llushr.o
        36          0          0          0          0         68   memcpya.o
      2226         90          0          0          0        444   printfa.o
         0          0          0          4          0          0   stdout.o
        24          0          0          0          0         68   strcat.o
        28          0          0          0          0         76   strcmp.o
        18          0          0          0          0         68   strcpy.o
        44          0          0          0          0         80   uidiv.o
        98          0          0          0          0         92   uldiv.o
        48          0          0          0          0         68   cdrcmple.o
        20          0          0          0          0         68   cfcmple.o
        56          0          0          0          0         88   d2f.o
       334          0          0          0          0        148   dadd.o
       222          0          0          0          0        100   ddiv.o
       186          0          0          0          0        176   depilogue.o
        48          0          0          0          0         68   dfixul.o
        26          0          0          0          0         76   dfltui.o
       228          0          0          0          0         96   dmul.o
        38          0          0          0          0         68   f2d.o
       124          0          0          0          0         88   fdiv.o
       110          0          0          0          0        168   fepilogue.o
        40          0          0          0          0         68   ffixui.o
        10          0          0          0          0         68   ffltui.o
       100          0          0          0          0         76   fmul.o

    ----------------------------------------------------------------------
      4434        106          0          4         24       2676   Library Totals
         2          0          0          0         24          0   (incl. Padding)

    ----------------------------------------------------------------------

      Code (inc. data)   RO Data    RW Data    ZI Data      Debug   Library Name

      2842        106          0          4          0       1252   mc_w.l
      1590          0          0          0          0       1424   mf_w.l

    ----------------------------------------------------------------------
      4434        106          0          4         24       2676   Library Totals

    ----------------------------------------------------------------------

==============================================================================


      Code (inc. data)   RO Data    RW Data    ZI Data      Debug   

     56362       5962      30266        520    1098608     853000   Grand Totals
     56362       5962      30266        284    1098608     853000   ELF Image Totals (compressed)
     56362       5962      30266        284          0          0   ROM Totals

==============================================================================

    Total RO  Size (Code + RO Data)                86628 (  84.60kB)
    Total RW  Size (RW Data + ZI Data)           1099128 (1073.37kB)
    Total ROM Size (Code + RO Data + RW Data)      86912 (  84.88kB)

==============================================================================

