<!doctype html public "-//w3c//dtd html 4.0 transitional//en">
<html><head>
<title>Static Call Graph - [.\Objects\STM32KeilPrj.axf]</title></head>
<body><HR>
<H1>Static Call Graph for image .\Objects\STM32KeilPrj.axf</H1><HR>
<BR><P>#&#060CALLGRAPH&#062# ARM Linker, 5060183: Last Updated: Sat Jun 23 20:49:03 2018
<BR><P>
<H3>Maximum Stack Usage =       2424 bytes + Unknown(Cycles, Untraceable Function Pointers)</H3><H3>
Call chain for Maximum Stack Depth:</H3>
main &rArr; Proc100msTask &rArr; DbgAsstScan &rArr; GetFuncInfo &rArr; GetAllFuncPara &rArr; Str2Num &rArr; Power
<P>
<H3>
Mutually Recursive functions
</H3> <LI><a href="#[35]">ADC1_2_IRQHandler</a>&nbsp;&nbsp;&nbsp;&rArr;&nbsp;&nbsp;&nbsp;<a href="#[35]">ADC1_2_IRQHandler</a><BR>
</UL>
<P>
<H3>
Function Pointers
</H3><UL>
 <LI><a href="#[35]">ADC1_2_IRQHandler</a> from startup_stm32f10x_hd.o(.text) referenced from startup_stm32f10x_hd.o(RESET)
 <LI><a href="#[52]">ADC3_IRQHandler</a> from startup_stm32f10x_hd.o(.text) referenced from startup_stm32f10x_hd.o(RESET)
 <LI><a href="#[1d]">BusFault_Handler</a> from stm32f10x_it.o(i.BusFault_Handler) referenced from startup_stm32f10x_hd.o(RESET)
 <LI><a href="#[38]">CAN1_RX1_IRQHandler</a> from startup_stm32f10x_hd.o(.text) referenced from startup_stm32f10x_hd.o(RESET)
 <LI><a href="#[39]">CAN1_SCE_IRQHandler</a> from startup_stm32f10x_hd.o(.text) referenced from startup_stm32f10x_hd.o(RESET)
 <LI><a href="#[2e]">DMA1_Channel1_IRQHandler</a> from startup_stm32f10x_hd.o(.text) referenced from startup_stm32f10x_hd.o(RESET)
 <LI><a href="#[2f]">DMA1_Channel2_IRQHandler</a> from startup_stm32f10x_hd.o(.text) referenced from startup_stm32f10x_hd.o(RESET)
 <LI><a href="#[30]">DMA1_Channel3_IRQHandler</a> from startup_stm32f10x_hd.o(.text) referenced from startup_stm32f10x_hd.o(RESET)
 <LI><a href="#[31]">DMA1_Channel4_IRQHandler</a> from startup_stm32f10x_hd.o(.text) referenced from startup_stm32f10x_hd.o(RESET)
 <LI><a href="#[32]">DMA1_Channel5_IRQHandler</a> from startup_stm32f10x_hd.o(.text) referenced from startup_stm32f10x_hd.o(RESET)
 <LI><a href="#[33]">DMA1_Channel6_IRQHandler</a> from startup_stm32f10x_hd.o(.text) referenced from startup_stm32f10x_hd.o(RESET)
 <LI><a href="#[34]">DMA1_Channel7_IRQHandler</a> from startup_stm32f10x_hd.o(.text) referenced from startup_stm32f10x_hd.o(RESET)
 <LI><a href="#[5b]">DMA2_Channel1_IRQHandler</a> from startup_stm32f10x_hd.o(.text) referenced from startup_stm32f10x_hd.o(RESET)
 <LI><a href="#[5c]">DMA2_Channel2_IRQHandler</a> from startup_stm32f10x_hd.o(.text) referenced from startup_stm32f10x_hd.o(RESET)
 <LI><a href="#[5d]">DMA2_Channel3_IRQHandler</a> from startup_stm32f10x_hd.o(.text) referenced from startup_stm32f10x_hd.o(RESET)
 <LI><a href="#[5e]">DMA2_Channel4_5_IRQHandler</a> from startup_stm32f10x_hd.o(.text) referenced from startup_stm32f10x_hd.o(RESET)
 <LI><a href="#[20]">DebugMon_Handler</a> from stm32f10x_it.o(i.DebugMon_Handler) referenced from startup_stm32f10x_hd.o(RESET)
 <LI><a href="#[29]">EXTI0_IRQHandler</a> from wakeup.o(i.EXTI0_IRQHandler) referenced from startup_stm32f10x_hd.o(RESET)
 <LI><a href="#[4b]">EXTI15_10_IRQHandler</a> from startup_stm32f10x_hd.o(.text) referenced from startup_stm32f10x_hd.o(RESET)
 <LI><a href="#[2a]">EXTI1_IRQHandler</a> from startup_stm32f10x_hd.o(.text) referenced from startup_stm32f10x_hd.o(RESET)
 <LI><a href="#[2b]">EXTI2_IRQHandler</a> from startup_stm32f10x_hd.o(.text) referenced from startup_stm32f10x_hd.o(RESET)
 <LI><a href="#[2c]">EXTI3_IRQHandler</a> from startup_stm32f10x_hd.o(.text) referenced from startup_stm32f10x_hd.o(RESET)
 <LI><a href="#[2d]">EXTI4_IRQHandler</a> from startup_stm32f10x_hd.o(.text) referenced from startup_stm32f10x_hd.o(RESET)
 <LI><a href="#[3a]">EXTI9_5_IRQHandler</a> from touchkey.o(i.EXTI9_5_IRQHandler) referenced from startup_stm32f10x_hd.o(RESET)
 <LI><a href="#[27]">FLASH_IRQHandler</a> from startup_stm32f10x_hd.o(.text) referenced from startup_stm32f10x_hd.o(RESET)
 <LI><a href="#[53]">FSMC_IRQHandler</a> from startup_stm32f10x_hd.o(.text) referenced from startup_stm32f10x_hd.o(RESET)
 <LI><a href="#[1]">GetMemPerused</a> from malloc.o(i.GetMemPerused) referenced 2 times from malloc.o(.data)
 <LI><a href="#[1b]">HardFault_Handler</a> from stm32f10x_it.o(i.HardFault_Handler) referenced from startup_stm32f10x_hd.o(RESET)
 <LI><a href="#[43]">I2C1_ER_IRQHandler</a> from startup_stm32f10x_hd.o(.text) referenced from startup_stm32f10x_hd.o(RESET)
 <LI><a href="#[42]">I2C1_EV_IRQHandler</a> from startup_stm32f10x_hd.o(.text) referenced from startup_stm32f10x_hd.o(RESET)
 <LI><a href="#[45]">I2C2_ER_IRQHandler</a> from startup_stm32f10x_hd.o(.text) referenced from startup_stm32f10x_hd.o(RESET)
 <LI><a href="#[44]">I2C2_EV_IRQHandler</a> from startup_stm32f10x_hd.o(.text) referenced from startup_stm32f10x_hd.o(RESET)
 <LI><a href="#[0]">InitMemMgt</a> from malloc.o(i.InitMemMgt) referenced 2 times from malloc.o(.data)
 <LI><a href="#[1c]">MemManage_Handler</a> from stm32f10x_it.o(i.MemManage_Handler) referenced from startup_stm32f10x_hd.o(RESET)
 <LI><a href="#[1a]">NMI_Handler</a> from stm32f10x_it.o(i.NMI_Handler) referenced from startup_stm32f10x_hd.o(RESET)
 <LI><a href="#[24]">PVD_IRQHandler</a> from startup_stm32f10x_hd.o(.text) referenced from startup_stm32f10x_hd.o(RESET)
 <LI><a href="#[21]">PendSV_Handler</a> from stm32f10x_it.o(i.PendSV_Handler) referenced from startup_stm32f10x_hd.o(RESET)
 <LI><a href="#[62]">ProcKeyDownKey0</a> from prockeyone.o(i.ProcKeyDownKey0) referenced from main.o(i.Proc2msTask)
 <LI><a href="#[62]">ProcKeyDownKey0</a> from prockeyone.o(i.ProcKeyDownKey0) referenced from ui.o(i.SetAlarmFace)
 <LI><a href="#[62]">ProcKeyDownKey0</a> from prockeyone.o(i.ProcKeyDownKey0) referenced from ui.o(i.SetDateFace)
 <LI><a href="#[62]">ProcKeyDownKey0</a> from prockeyone.o(i.ProcKeyDownKey0) referenced from ui.o(i.SetTimeFace)
 <LI><a href="#[62]">ProcKeyDownKey0</a> from prockeyone.o(i.ProcKeyDownKey0) referenced from musicplayer.o(i.mp3_play_song)
 <LI><a href="#[64]">ProcKeyDownKey1</a> from prockeyone.o(i.ProcKeyDownKey1) referenced from main.o(i.Proc2msTask)
 <LI><a href="#[64]">ProcKeyDownKey1</a> from prockeyone.o(i.ProcKeyDownKey1) referenced from ui.o(i.SetAlarmFace)
 <LI><a href="#[64]">ProcKeyDownKey1</a> from prockeyone.o(i.ProcKeyDownKey1) referenced from ui.o(i.SetDateFace)
 <LI><a href="#[64]">ProcKeyDownKey1</a> from prockeyone.o(i.ProcKeyDownKey1) referenced from ui.o(i.SetTimeFace)
 <LI><a href="#[64]">ProcKeyDownKey1</a> from prockeyone.o(i.ProcKeyDownKey1) referenced from musicplayer.o(i.mp3_play_song)
 <LI><a href="#[66]">ProcKeyDownKey2</a> from prockeyone.o(i.ProcKeyDownKey2) referenced from main.o(i.Proc2msTask)
 <LI><a href="#[66]">ProcKeyDownKey2</a> from prockeyone.o(i.ProcKeyDownKey2) referenced from ui.o(i.SetAlarmFace)
 <LI><a href="#[66]">ProcKeyDownKey2</a> from prockeyone.o(i.ProcKeyDownKey2) referenced from ui.o(i.SetDateFace)
 <LI><a href="#[66]">ProcKeyDownKey2</a> from prockeyone.o(i.ProcKeyDownKey2) referenced from ui.o(i.SetTimeFace)
 <LI><a href="#[66]">ProcKeyDownKey2</a> from prockeyone.o(i.ProcKeyDownKey2) referenced from musicplayer.o(i.mp3_play_song)
 <LI><a href="#[63]">ProcKeyUpKey0</a> from prockeyone.o(i.ProcKeyUpKey0) referenced from main.o(i.Proc2msTask)
 <LI><a href="#[63]">ProcKeyUpKey0</a> from prockeyone.o(i.ProcKeyUpKey0) referenced from ui.o(i.SetAlarmFace)
 <LI><a href="#[63]">ProcKeyUpKey0</a> from prockeyone.o(i.ProcKeyUpKey0) referenced from ui.o(i.SetDateFace)
 <LI><a href="#[63]">ProcKeyUpKey0</a> from prockeyone.o(i.ProcKeyUpKey0) referenced from ui.o(i.SetTimeFace)
 <LI><a href="#[63]">ProcKeyUpKey0</a> from prockeyone.o(i.ProcKeyUpKey0) referenced from musicplayer.o(i.mp3_play_song)
 <LI><a href="#[65]">ProcKeyUpKey1</a> from prockeyone.o(i.ProcKeyUpKey1) referenced from main.o(i.Proc2msTask)
 <LI><a href="#[65]">ProcKeyUpKey1</a> from prockeyone.o(i.ProcKeyUpKey1) referenced from ui.o(i.SetAlarmFace)
 <LI><a href="#[65]">ProcKeyUpKey1</a> from prockeyone.o(i.ProcKeyUpKey1) referenced from ui.o(i.SetDateFace)
 <LI><a href="#[65]">ProcKeyUpKey1</a> from prockeyone.o(i.ProcKeyUpKey1) referenced from ui.o(i.SetTimeFace)
 <LI><a href="#[65]">ProcKeyUpKey1</a> from prockeyone.o(i.ProcKeyUpKey1) referenced from musicplayer.o(i.mp3_play_song)
 <LI><a href="#[67]">ProcKeyUpKey2</a> from prockeyone.o(i.ProcKeyUpKey2) referenced from main.o(i.Proc2msTask)
 <LI><a href="#[67]">ProcKeyUpKey2</a> from prockeyone.o(i.ProcKeyUpKey2) referenced from ui.o(i.SetAlarmFace)
 <LI><a href="#[67]">ProcKeyUpKey2</a> from prockeyone.o(i.ProcKeyUpKey2) referenced from ui.o(i.SetDateFace)
 <LI><a href="#[67]">ProcKeyUpKey2</a> from prockeyone.o(i.ProcKeyUpKey2) referenced from ui.o(i.SetTimeFace)
 <LI><a href="#[67]">ProcKeyUpKey2</a> from prockeyone.o(i.ProcKeyUpKey2) referenced from musicplayer.o(i.mp3_play_song)
 <LI><a href="#[28]">RCC_IRQHandler</a> from startup_stm32f10x_hd.o(.text) referenced from startup_stm32f10x_hd.o(RESET)
 <LI><a href="#[4c]">RTCAlarm_IRQHandler</a> from startup_stm32f10x_hd.o(.text) referenced from startup_stm32f10x_hd.o(RESET)
 <LI><a href="#[26]">RTC_IRQHandler</a> from rtc.o(i.RTC_IRQHandler) referenced from startup_stm32f10x_hd.o(RESET)
 <LI><a href="#[2]">ReadAddr</a> from dbgasst.o(i.ReadAddr) referenced 2 times from dbgasst.o(.data)
 <LI><a href="#[19]">Reset_Handler</a> from startup_stm32f10x_hd.o(.text) referenced from startup_stm32f10x_hd.o(RESET)
 <LI><a href="#[54]">SDIO_IRQHandler</a> from sdio.o(i.SDIO_IRQHandler) referenced from startup_stm32f10x_hd.o(RESET)
 <LI><a href="#[46]">SPI1_IRQHandler</a> from startup_stm32f10x_hd.o(.text) referenced from startup_stm32f10x_hd.o(RESET)
 <LI><a href="#[47]">SPI2_IRQHandler</a> from startup_stm32f10x_hd.o(.text) referenced from startup_stm32f10x_hd.o(RESET)
 <LI><a href="#[56]">SPI3_IRQHandler</a> from startup_stm32f10x_hd.o(.text) referenced from startup_stm32f10x_hd.o(RESET)
 <LI><a href="#[1f]">SVC_Handler</a> from stm32f10x_it.o(i.SVC_Handler) referenced from startup_stm32f10x_hd.o(RESET)
 <LI><a href="#[18]">SetAlarm</a> from rtc.o(i.SetAlarm) referenced 2 times from dbgasst.o(.data)
 <LI><a href="#[17]">SetRTC</a> from rtc.o(i.SetRTC) referenced 2 times from dbgasst.o(.data)
 <LI><a href="#[22]">SysTick_Handler</a> from systick.o(i.SysTick_Handler) referenced from startup_stm32f10x_hd.o(RESET)
 <LI><a href="#[60]">SystemInit</a> from system_stm32f10x.o(i.SystemInit) referenced from startup_stm32f10x_hd.o(.text)
 <LI><a href="#[25]">TAMPER_IRQHandler</a> from startup_stm32f10x_hd.o(.text) referenced from startup_stm32f10x_hd.o(RESET)
 <LI><a href="#[3b]">TIM1_BRK_IRQHandler</a> from startup_stm32f10x_hd.o(.text) referenced from startup_stm32f10x_hd.o(RESET)
 <LI><a href="#[3e]">TIM1_CC_IRQHandler</a> from startup_stm32f10x_hd.o(.text) referenced from startup_stm32f10x_hd.o(RESET)
 <LI><a href="#[3d]">TIM1_TRG_COM_IRQHandler</a> from startup_stm32f10x_hd.o(.text) referenced from startup_stm32f10x_hd.o(RESET)
 <LI><a href="#[3c]">TIM1_UP_IRQHandler</a> from startup_stm32f10x_hd.o(.text) referenced from startup_stm32f10x_hd.o(RESET)
 <LI><a href="#[3f]">TIM2_IRQHandler</a> from timer.o(i.TIM2_IRQHandler) referenced from startup_stm32f10x_hd.o(RESET)
 <LI><a href="#[40]">TIM3_IRQHandler</a> from startup_stm32f10x_hd.o(.text) referenced from startup_stm32f10x_hd.o(RESET)
 <LI><a href="#[41]">TIM4_IRQHandler</a> from timer.o(i.TIM4_IRQHandler) referenced from startup_stm32f10x_hd.o(RESET)
 <LI><a href="#[55]">TIM5_IRQHandler</a> from timer.o(i.TIM5_IRQHandler) referenced from startup_stm32f10x_hd.o(RESET)
 <LI><a href="#[59]">TIM6_IRQHandler</a> from startup_stm32f10x_hd.o(.text) referenced from startup_stm32f10x_hd.o(RESET)
 <LI><a href="#[5a]">TIM7_IRQHandler</a> from startup_stm32f10x_hd.o(.text) referenced from startup_stm32f10x_hd.o(RESET)
 <LI><a href="#[4e]">TIM8_BRK_IRQHandler</a> from startup_stm32f10x_hd.o(.text) referenced from startup_stm32f10x_hd.o(RESET)
 <LI><a href="#[51]">TIM8_CC_IRQHandler</a> from startup_stm32f10x_hd.o(.text) referenced from startup_stm32f10x_hd.o(RESET)
 <LI><a href="#[50]">TIM8_TRG_COM_IRQHandler</a> from startup_stm32f10x_hd.o(.text) referenced from startup_stm32f10x_hd.o(RESET)
 <LI><a href="#[4f]">TIM8_UP_IRQHandler</a> from startup_stm32f10x_hd.o(.text) referenced from startup_stm32f10x_hd.o(RESET)
 <LI><a href="#[57]">UART4_IRQHandler</a> from startup_stm32f10x_hd.o(.text) referenced from startup_stm32f10x_hd.o(RESET)
 <LI><a href="#[58]">UART5_IRQHandler</a> from startup_stm32f10x_hd.o(.text) referenced from startup_stm32f10x_hd.o(RESET)
 <LI><a href="#[48]">USART1_IRQHandler</a> from uart.o(i.USART1_IRQHandler) referenced from startup_stm32f10x_hd.o(RESET)
 <LI><a href="#[49]">USART2_IRQHandler</a> from uart2.o(i.USART2_IRQHandler) referenced from startup_stm32f10x_hd.o(RESET)
 <LI><a href="#[4a]">USART3_IRQHandler</a> from startup_stm32f10x_hd.o(.text) referenced from startup_stm32f10x_hd.o(RESET)
 <LI><a href="#[4d]">USBWakeUp_IRQHandler</a> from startup_stm32f10x_hd.o(.text) referenced from startup_stm32f10x_hd.o(RESET)
 <LI><a href="#[36]">USB_HP_CAN1_TX_IRQHandler</a> from startup_stm32f10x_hd.o(.text) referenced from startup_stm32f10x_hd.o(RESET)
 <LI><a href="#[37]">USB_LP_CAN1_RX0_IRQHandler</a> from startup_stm32f10x_hd.o(.text) referenced from startup_stm32f10x_hd.o(RESET)
 <LI><a href="#[1e]">UsageFault_Handler</a> from stm32f10x_it.o(i.UsageFault_Handler) referenced from startup_stm32f10x_hd.o(RESET)
 <LI><a href="#[23]">WWDG_IRQHandler</a> from startup_stm32f10x_hd.o(.text) referenced from startup_stm32f10x_hd.o(RESET)
 <LI><a href="#[3]">WriteAddr</a> from dbgasst.o(i.WriteAddr) referenced 2 times from dbgasst.o(.data)
 <LI><a href="#[61]">__main</a> from entry.o(.ARM.Collect$$$$00000000) referenced from startup_stm32f10x_hd.o(.text)
 <LI><a href="#[68]">fputc</a> from uart.o(i.fputc) referenced from printfa.o(i.__0printf)
 <LI><a href="#[5f]">main</a> from main.o(i.main) referenced from entry9a.o(.ARM.Collect$$$$0000000B)
 <LI><a href="#[6]">mf_close</a> from dbgfat.o(i.mf_close) referenced 2 times from dbgasst.o(.data)
 <LI><a href="#[11]">mf_fmkfs</a> from dbgfat.o(i.mf_fmkfs) referenced 2 times from dbgasst.o(.data)
 <LI><a href="#[14]">mf_gets</a> from dbgfat.o(i.mf_gets) referenced 2 times from dbgasst.o(.data)
 <LI><a href="#[d]">mf_lseek</a> from dbgfat.o(i.mf_lseek) referenced 2 times from dbgasst.o(.data)
 <LI><a href="#[10]">mf_mkdir</a> from dbgfat.o(i.mf_mkdir) referenced 2 times from dbgasst.o(.data)
 <LI><a href="#[4]">mf_mount</a> from dbgfat.o(i.mf_mount) referenced 2 times from dbgasst.o(.data)
 <LI><a href="#[5]">mf_open</a> from dbgfat.o(i.mf_open) referenced 2 times from dbgasst.o(.data)
 <LI><a href="#[9]">mf_opendir</a> from dbgfat.o(i.mf_opendir) referenced 2 times from dbgasst.o(.data)
 <LI><a href="#[15]">mf_putc</a> from dbgfat.o(i.mf_putc) referenced 2 times from dbgasst.o(.data)
 <LI><a href="#[16]">mf_puts</a> from dbgfat.o(i.mf_puts) referenced 2 times from dbgasst.o(.data)
 <LI><a href="#[7]">mf_read</a> from dbgfat.o(i.mf_read) referenced 2 times from dbgasst.o(.data)
 <LI><a href="#[a]">mf_readdir</a> from dbgfat.o(i.mf_readdir) referenced 2 times from dbgasst.o(.data)
 <LI><a href="#[13]">mf_rename</a> from dbgfat.o(i.mf_rename) referenced 2 times from dbgasst.o(.data)
 <LI><a href="#[b]">mf_scan_files</a> from dbgfat.o(i.mf_scan_files) referenced 2 times from dbgasst.o(.data)
 <LI><a href="#[c]">mf_showfree</a> from dbgfat.o(i.mf_showfree) referenced 2 times from dbgasst.o(.data)
 <LI><a href="#[f]">mf_size</a> from dbgfat.o(i.mf_size) referenced 2 times from dbgasst.o(.data)
 <LI><a href="#[e]">mf_tell</a> from dbgfat.o(i.mf_tell) referenced 2 times from dbgasst.o(.data)
 <LI><a href="#[12]">mf_unlink</a> from dbgfat.o(i.mf_unlink) referenced 2 times from dbgasst.o(.data)
 <LI><a href="#[8]">mf_write</a> from dbgfat.o(i.mf_write) referenced 2 times from dbgasst.o(.data)
</UL>
<P>
<H3>
Global Symbols
</H3>
<P><STRONG><a name="[61]"></a>__main</STRONG> (Thumb, 0 bytes, Stack size unknown bytes, entry.o(.ARM.Collect$$$$00000000))
<BR>[Address Reference Count : 1]<UL><LI> startup_stm32f10x_hd.o(.text)
</UL>
<P><STRONG><a name="[20e]"></a>_main_stk</STRONG> (Thumb, 0 bytes, Stack size unknown bytes, entry2.o(.ARM.Collect$$$$00000001))

<P><STRONG><a name="[69]"></a>_main_scatterload</STRONG> (Thumb, 0 bytes, Stack size unknown bytes, entry5.o(.ARM.Collect$$$$00000004))
<BR><BR>[Calls]<UL><LI><a href="#[6a]">&gt;&gt;</a>&nbsp;&nbsp;&nbsp;__scatterload
</UL>

<P><STRONG><a name="[7e]"></a>__main_after_scatterload</STRONG> (Thumb, 0 bytes, Stack size unknown bytes, entry5.o(.ARM.Collect$$$$00000004))
<BR><BR>[Called By]<UL><LI><a href="#[6a]">&gt;&gt;</a>&nbsp;&nbsp;&nbsp;__scatterload
</UL>

<P><STRONG><a name="[20f]"></a>_main_clock</STRONG> (Thumb, 0 bytes, Stack size unknown bytes, entry7b.o(.ARM.Collect$$$$00000008))

<P><STRONG><a name="[210]"></a>_main_cpp_init</STRONG> (Thumb, 0 bytes, Stack size unknown bytes, entry8b.o(.ARM.Collect$$$$0000000A))

<P><STRONG><a name="[211]"></a>_main_init</STRONG> (Thumb, 0 bytes, Stack size unknown bytes, entry9a.o(.ARM.Collect$$$$0000000B))

<P><STRONG><a name="[212]"></a>__rt_final_cpp</STRONG> (Thumb, 0 bytes, Stack size unknown bytes, entry10a.o(.ARM.Collect$$$$0000000D))

<P><STRONG><a name="[213]"></a>__rt_final_exit</STRONG> (Thumb, 0 bytes, Stack size unknown bytes, entry11a.o(.ARM.Collect$$$$0000000F))

<P><STRONG><a name="[19]"></a>Reset_Handler</STRONG> (Thumb, 8 bytes, Stack size 0 bytes, startup_stm32f10x_hd.o(.text))
<BR>[Address Reference Count : 1]<UL><LI> startup_stm32f10x_hd.o(RESET)
</UL>
<P><STRONG><a name="[35]"></a>ADC1_2_IRQHandler</STRONG> (Thumb, 0 bytes, Stack size 0 bytes, startup_stm32f10x_hd.o(.text))
<BR><BR>[Calls]<UL><LI><a href="#[35]">&gt;&gt;</a>&nbsp;&nbsp;&nbsp;ADC1_2_IRQHandler
</UL>
<BR>[Called By]<UL><LI><a href="#[35]">&gt;&gt;</a>&nbsp;&nbsp;&nbsp;ADC1_2_IRQHandler
</UL>
<BR>[Address Reference Count : 1]<UL><LI> startup_stm32f10x_hd.o(RESET)
</UL>
<P><STRONG><a name="[52]"></a>ADC3_IRQHandler</STRONG> (Thumb, 0 bytes, Stack size 0 bytes, startup_stm32f10x_hd.o(.text))
<BR>[Address Reference Count : 1]<UL><LI> startup_stm32f10x_hd.o(RESET)
</UL>
<P><STRONG><a name="[38]"></a>CAN1_RX1_IRQHandler</STRONG> (Thumb, 0 bytes, Stack size 0 bytes, startup_stm32f10x_hd.o(.text))
<BR>[Address Reference Count : 1]<UL><LI> startup_stm32f10x_hd.o(RESET)
</UL>
<P><STRONG><a name="[39]"></a>CAN1_SCE_IRQHandler</STRONG> (Thumb, 0 bytes, Stack size 0 bytes, startup_stm32f10x_hd.o(.text))
<BR>[Address Reference Count : 1]<UL><LI> startup_stm32f10x_hd.o(RESET)
</UL>
<P><STRONG><a name="[2e]"></a>DMA1_Channel1_IRQHandler</STRONG> (Thumb, 0 bytes, Stack size 0 bytes, startup_stm32f10x_hd.o(.text))
<BR>[Address Reference Count : 1]<UL><LI> startup_stm32f10x_hd.o(RESET)
</UL>
<P><STRONG><a name="[2f]"></a>DMA1_Channel2_IRQHandler</STRONG> (Thumb, 0 bytes, Stack size 0 bytes, startup_stm32f10x_hd.o(.text))
<BR>[Address Reference Count : 1]<UL><LI> startup_stm32f10x_hd.o(RESET)
</UL>
<P><STRONG><a name="[30]"></a>DMA1_Channel3_IRQHandler</STRONG> (Thumb, 0 bytes, Stack size 0 bytes, startup_stm32f10x_hd.o(.text))
<BR>[Address Reference Count : 1]<UL><LI> startup_stm32f10x_hd.o(RESET)
</UL>
<P><STRONG><a name="[31]"></a>DMA1_Channel4_IRQHandler</STRONG> (Thumb, 0 bytes, Stack size 0 bytes, startup_stm32f10x_hd.o(.text))
<BR>[Address Reference Count : 1]<UL><LI> startup_stm32f10x_hd.o(RESET)
</UL>
<P><STRONG><a name="[32]"></a>DMA1_Channel5_IRQHandler</STRONG> (Thumb, 0 bytes, Stack size 0 bytes, startup_stm32f10x_hd.o(.text))
<BR>[Address Reference Count : 1]<UL><LI> startup_stm32f10x_hd.o(RESET)
</UL>
<P><STRONG><a name="[33]"></a>DMA1_Channel6_IRQHandler</STRONG> (Thumb, 0 bytes, Stack size 0 bytes, startup_stm32f10x_hd.o(.text))
<BR>[Address Reference Count : 1]<UL><LI> startup_stm32f10x_hd.o(RESET)
</UL>
<P><STRONG><a name="[34]"></a>DMA1_Channel7_IRQHandler</STRONG> (Thumb, 0 bytes, Stack size 0 bytes, startup_stm32f10x_hd.o(.text))
<BR>[Address Reference Count : 1]<UL><LI> startup_stm32f10x_hd.o(RESET)
</UL>
<P><STRONG><a name="[5b]"></a>DMA2_Channel1_IRQHandler</STRONG> (Thumb, 0 bytes, Stack size 0 bytes, startup_stm32f10x_hd.o(.text))
<BR>[Address Reference Count : 1]<UL><LI> startup_stm32f10x_hd.o(RESET)
</UL>
<P><STRONG><a name="[5c]"></a>DMA2_Channel2_IRQHandler</STRONG> (Thumb, 0 bytes, Stack size 0 bytes, startup_stm32f10x_hd.o(.text))
<BR>[Address Reference Count : 1]<UL><LI> startup_stm32f10x_hd.o(RESET)
</UL>
<P><STRONG><a name="[5d]"></a>DMA2_Channel3_IRQHandler</STRONG> (Thumb, 0 bytes, Stack size 0 bytes, startup_stm32f10x_hd.o(.text))
<BR>[Address Reference Count : 1]<UL><LI> startup_stm32f10x_hd.o(RESET)
</UL>
<P><STRONG><a name="[5e]"></a>DMA2_Channel4_5_IRQHandler</STRONG> (Thumb, 0 bytes, Stack size 0 bytes, startup_stm32f10x_hd.o(.text))
<BR>[Address Reference Count : 1]<UL><LI> startup_stm32f10x_hd.o(RESET)
</UL>
<P><STRONG><a name="[4b]"></a>EXTI15_10_IRQHandler</STRONG> (Thumb, 0 bytes, Stack size 0 bytes, startup_stm32f10x_hd.o(.text))
<BR>[Address Reference Count : 1]<UL><LI> startup_stm32f10x_hd.o(RESET)
</UL>
<P><STRONG><a name="[2a]"></a>EXTI1_IRQHandler</STRONG> (Thumb, 0 bytes, Stack size 0 bytes, startup_stm32f10x_hd.o(.text))
<BR>[Address Reference Count : 1]<UL><LI> startup_stm32f10x_hd.o(RESET)
</UL>
<P><STRONG><a name="[2b]"></a>EXTI2_IRQHandler</STRONG> (Thumb, 0 bytes, Stack size 0 bytes, startup_stm32f10x_hd.o(.text))
<BR>[Address Reference Count : 1]<UL><LI> startup_stm32f10x_hd.o(RESET)
</UL>
<P><STRONG><a name="[2c]"></a>EXTI3_IRQHandler</STRONG> (Thumb, 0 bytes, Stack size 0 bytes, startup_stm32f10x_hd.o(.text))
<BR>[Address Reference Count : 1]<UL><LI> startup_stm32f10x_hd.o(RESET)
</UL>
<P><STRONG><a name="[2d]"></a>EXTI4_IRQHandler</STRONG> (Thumb, 0 bytes, Stack size 0 bytes, startup_stm32f10x_hd.o(.text))
<BR>[Address Reference Count : 1]<UL><LI> startup_stm32f10x_hd.o(RESET)
</UL>
<P><STRONG><a name="[27]"></a>FLASH_IRQHandler</STRONG> (Thumb, 0 bytes, Stack size 0 bytes, startup_stm32f10x_hd.o(.text))
<BR>[Address Reference Count : 1]<UL><LI> startup_stm32f10x_hd.o(RESET)
</UL>
<P><STRONG><a name="[53]"></a>FSMC_IRQHandler</STRONG> (Thumb, 0 bytes, Stack size 0 bytes, startup_stm32f10x_hd.o(.text))
<BR>[Address Reference Count : 1]<UL><LI> startup_stm32f10x_hd.o(RESET)
</UL>
<P><STRONG><a name="[43]"></a>I2C1_ER_IRQHandler</STRONG> (Thumb, 0 bytes, Stack size 0 bytes, startup_stm32f10x_hd.o(.text))
<BR>[Address Reference Count : 1]<UL><LI> startup_stm32f10x_hd.o(RESET)
</UL>
<P><STRONG><a name="[42]"></a>I2C1_EV_IRQHandler</STRONG> (Thumb, 0 bytes, Stack size 0 bytes, startup_stm32f10x_hd.o(.text))
<BR>[Address Reference Count : 1]<UL><LI> startup_stm32f10x_hd.o(RESET)
</UL>
<P><STRONG><a name="[45]"></a>I2C2_ER_IRQHandler</STRONG> (Thumb, 0 bytes, Stack size 0 bytes, startup_stm32f10x_hd.o(.text))
<BR>[Address Reference Count : 1]<UL><LI> startup_stm32f10x_hd.o(RESET)
</UL>
<P><STRONG><a name="[44]"></a>I2C2_EV_IRQHandler</STRONG> (Thumb, 0 bytes, Stack size 0 bytes, startup_stm32f10x_hd.o(.text))
<BR>[Address Reference Count : 1]<UL><LI> startup_stm32f10x_hd.o(RESET)
</UL>
<P><STRONG><a name="[24]"></a>PVD_IRQHandler</STRONG> (Thumb, 0 bytes, Stack size 0 bytes, startup_stm32f10x_hd.o(.text))
<BR>[Address Reference Count : 1]<UL><LI> startup_stm32f10x_hd.o(RESET)
</UL>
<P><STRONG><a name="[28]"></a>RCC_IRQHandler</STRONG> (Thumb, 0 bytes, Stack size 0 bytes, startup_stm32f10x_hd.o(.text))
<BR>[Address Reference Count : 1]<UL><LI> startup_stm32f10x_hd.o(RESET)
</UL>
<P><STRONG><a name="[4c]"></a>RTCAlarm_IRQHandler</STRONG> (Thumb, 0 bytes, Stack size 0 bytes, startup_stm32f10x_hd.o(.text))
<BR>[Address Reference Count : 1]<UL><LI> startup_stm32f10x_hd.o(RESET)
</UL>
<P><STRONG><a name="[46]"></a>SPI1_IRQHandler</STRONG> (Thumb, 0 bytes, Stack size 0 bytes, startup_stm32f10x_hd.o(.text))
<BR>[Address Reference Count : 1]<UL><LI> startup_stm32f10x_hd.o(RESET)
</UL>
<P><STRONG><a name="[47]"></a>SPI2_IRQHandler</STRONG> (Thumb, 0 bytes, Stack size 0 bytes, startup_stm32f10x_hd.o(.text))
<BR>[Address Reference Count : 1]<UL><LI> startup_stm32f10x_hd.o(RESET)
</UL>
<P><STRONG><a name="[56]"></a>SPI3_IRQHandler</STRONG> (Thumb, 0 bytes, Stack size 0 bytes, startup_stm32f10x_hd.o(.text))
<BR>[Address Reference Count : 1]<UL><LI> startup_stm32f10x_hd.o(RESET)
</UL>
<P><STRONG><a name="[25]"></a>TAMPER_IRQHandler</STRONG> (Thumb, 0 bytes, Stack size 0 bytes, startup_stm32f10x_hd.o(.text))
<BR>[Address Reference Count : 1]<UL><LI> startup_stm32f10x_hd.o(RESET)
</UL>
<P><STRONG><a name="[3b]"></a>TIM1_BRK_IRQHandler</STRONG> (Thumb, 0 bytes, Stack size 0 bytes, startup_stm32f10x_hd.o(.text))
<BR>[Address Reference Count : 1]<UL><LI> startup_stm32f10x_hd.o(RESET)
</UL>
<P><STRONG><a name="[3e]"></a>TIM1_CC_IRQHandler</STRONG> (Thumb, 0 bytes, Stack size 0 bytes, startup_stm32f10x_hd.o(.text))
<BR>[Address Reference Count : 1]<UL><LI> startup_stm32f10x_hd.o(RESET)
</UL>
<P><STRONG><a name="[3d]"></a>TIM1_TRG_COM_IRQHandler</STRONG> (Thumb, 0 bytes, Stack size 0 bytes, startup_stm32f10x_hd.o(.text))
<BR>[Address Reference Count : 1]<UL><LI> startup_stm32f10x_hd.o(RESET)
</UL>
<P><STRONG><a name="[3c]"></a>TIM1_UP_IRQHandler</STRONG> (Thumb, 0 bytes, Stack size 0 bytes, startup_stm32f10x_hd.o(.text))
<BR>[Address Reference Count : 1]<UL><LI> startup_stm32f10x_hd.o(RESET)
</UL>
<P><STRONG><a name="[40]"></a>TIM3_IRQHandler</STRONG> (Thumb, 0 bytes, Stack size 0 bytes, startup_stm32f10x_hd.o(.text))
<BR>[Address Reference Count : 1]<UL><LI> startup_stm32f10x_hd.o(RESET)
</UL>
<P><STRONG><a name="[59]"></a>TIM6_IRQHandler</STRONG> (Thumb, 0 bytes, Stack size 0 bytes, startup_stm32f10x_hd.o(.text))
<BR>[Address Reference Count : 1]<UL><LI> startup_stm32f10x_hd.o(RESET)
</UL>
<P><STRONG><a name="[5a]"></a>TIM7_IRQHandler</STRONG> (Thumb, 0 bytes, Stack size 0 bytes, startup_stm32f10x_hd.o(.text))
<BR>[Address Reference Count : 1]<UL><LI> startup_stm32f10x_hd.o(RESET)
</UL>
<P><STRONG><a name="[4e]"></a>TIM8_BRK_IRQHandler</STRONG> (Thumb, 0 bytes, Stack size 0 bytes, startup_stm32f10x_hd.o(.text))
<BR>[Address Reference Count : 1]<UL><LI> startup_stm32f10x_hd.o(RESET)
</UL>
<P><STRONG><a name="[51]"></a>TIM8_CC_IRQHandler</STRONG> (Thumb, 0 bytes, Stack size 0 bytes, startup_stm32f10x_hd.o(.text))
<BR>[Address Reference Count : 1]<UL><LI> startup_stm32f10x_hd.o(RESET)
</UL>
<P><STRONG><a name="[50]"></a>TIM8_TRG_COM_IRQHandler</STRONG> (Thumb, 0 bytes, Stack size 0 bytes, startup_stm32f10x_hd.o(.text))
<BR>[Address Reference Count : 1]<UL><LI> startup_stm32f10x_hd.o(RESET)
</UL>
<P><STRONG><a name="[4f]"></a>TIM8_UP_IRQHandler</STRONG> (Thumb, 0 bytes, Stack size 0 bytes, startup_stm32f10x_hd.o(.text))
<BR>[Address Reference Count : 1]<UL><LI> startup_stm32f10x_hd.o(RESET)
</UL>
<P><STRONG><a name="[57]"></a>UART4_IRQHandler</STRONG> (Thumb, 0 bytes, Stack size 0 bytes, startup_stm32f10x_hd.o(.text))
<BR>[Address Reference Count : 1]<UL><LI> startup_stm32f10x_hd.o(RESET)
</UL>
<P><STRONG><a name="[58]"></a>UART5_IRQHandler</STRONG> (Thumb, 0 bytes, Stack size 0 bytes, startup_stm32f10x_hd.o(.text))
<BR>[Address Reference Count : 1]<UL><LI> startup_stm32f10x_hd.o(RESET)
</UL>
<P><STRONG><a name="[4a]"></a>USART3_IRQHandler</STRONG> (Thumb, 0 bytes, Stack size 0 bytes, startup_stm32f10x_hd.o(.text))
<BR>[Address Reference Count : 1]<UL><LI> startup_stm32f10x_hd.o(RESET)
</UL>
<P><STRONG><a name="[4d]"></a>USBWakeUp_IRQHandler</STRONG> (Thumb, 0 bytes, Stack size 0 bytes, startup_stm32f10x_hd.o(.text))
<BR>[Address Reference Count : 1]<UL><LI> startup_stm32f10x_hd.o(RESET)
</UL>
<P><STRONG><a name="[36]"></a>USB_HP_CAN1_TX_IRQHandler</STRONG> (Thumb, 0 bytes, Stack size 0 bytes, startup_stm32f10x_hd.o(.text))
<BR>[Address Reference Count : 1]<UL><LI> startup_stm32f10x_hd.o(RESET)
</UL>
<P><STRONG><a name="[37]"></a>USB_LP_CAN1_RX0_IRQHandler</STRONG> (Thumb, 0 bytes, Stack size 0 bytes, startup_stm32f10x_hd.o(.text))
<BR>[Address Reference Count : 1]<UL><LI> startup_stm32f10x_hd.o(RESET)
</UL>
<P><STRONG><a name="[23]"></a>WWDG_IRQHandler</STRONG> (Thumb, 0 bytes, Stack size 0 bytes, startup_stm32f10x_hd.o(.text))
<BR>[Address Reference Count : 1]<UL><LI> startup_stm32f10x_hd.o(RESET)
</UL>
<P><STRONG><a name="[6b]"></a>__aeabi_ldivmod</STRONG> (Thumb, 98 bytes, Stack size 24 bytes, ldiv.o(.text))
<BR><BR>[Stack]<UL><LI>Max Depth = 64<LI>Call Chain = __aeabi_ldivmod &rArr; __aeabi_uldivmod
</UL>
<BR>[Calls]<UL><LI><a href="#[6c]">&gt;&gt;</a>&nbsp;&nbsp;&nbsp;__aeabi_uldivmod
</UL>
<BR>[Called By]<UL><LI><a href="#[1df]">&gt;&gt;</a>&nbsp;&nbsp;&nbsp;disk_ioctl
</UL>

<P><STRONG><a name="[177]"></a>__aeabi_memcpy</STRONG> (Thumb, 36 bytes, Stack size 0 bytes, memcpya.o(.text))
<BR><BR>[Called By]<UL><LI><a href="#[1bb]">&gt;&gt;</a>&nbsp;&nbsp;&nbsp;WriteSDDisk
<LI><a href="#[176]">&gt;&gt;</a>&nbsp;&nbsp;&nbsp;ReadSDDisk
</UL>

<P><STRONG><a name="[214]"></a>__aeabi_memcpy4</STRONG> (Thumb, 0 bytes, Stack size 0 bytes, memcpya.o(.text), UNUSED)

<P><STRONG><a name="[215]"></a>__aeabi_memcpy8</STRONG> (Thumb, 0 bytes, Stack size 0 bytes, memcpya.o(.text), UNUSED)

<P><STRONG><a name="[20c]"></a>strcat</STRONG> (Thumb, 24 bytes, Stack size 0 bytes, strcat.o(.text))
<BR><BR>[Called By]<UL><LI><a href="#[207]">&gt;&gt;</a>&nbsp;&nbsp;&nbsp;update_font
<LI><a href="#[156]">&gt;&gt;</a>&nbsp;&nbsp;&nbsp;mp3_play
</UL>

<P><STRONG><a name="[1b8]"></a>strcmp</STRONG> (Thumb, 28 bytes, Stack size 8 bytes, strcmp.o(.text))
<BR><BR>[Stack]<UL><LI>Max Depth = 8<LI>Call Chain = strcmp
</UL>
<BR>[Called By]<UL><LI><a href="#[160]">&gt;&gt;</a>&nbsp;&nbsp;&nbsp;WaitForReceive
<LI><a href="#[1fe]">&gt;&gt;</a>&nbsp;&nbsp;&nbsp;f_typetell
</UL>

<P><STRONG><a name="[1ff]"></a>strcpy</STRONG> (Thumb, 18 bytes, Stack size 0 bytes, strcpy.o(.text))
<BR><BR>[Called By]<UL><LI><a href="#[207]">&gt;&gt;</a>&nbsp;&nbsp;&nbsp;update_font
<LI><a href="#[1fe]">&gt;&gt;</a>&nbsp;&nbsp;&nbsp;f_typetell
<LI><a href="#[156]">&gt;&gt;</a>&nbsp;&nbsp;&nbsp;mp3_play
</UL>

<P><STRONG><a name="[204]"></a>__aeabi_fmul</STRONG> (Thumb, 100 bytes, Stack size 8 bytes, fmul.o(.text))
<BR><BR>[Stack]<UL><LI>Max Depth = 8<LI>Call Chain = __aeabi_fmul
</UL>
<BR>[Called By]<UL><LI><a href="#[203]">&gt;&gt;</a>&nbsp;&nbsp;&nbsp;fupd_prog
</UL>

<P><STRONG><a name="[6d]"></a>__aeabi_fdiv</STRONG> (Thumb, 124 bytes, Stack size 8 bytes, fdiv.o(.text))
<BR><BR>[Stack]<UL><LI>Max Depth = 8<LI>Call Chain = __aeabi_fdiv
</UL>
<BR>[Calls]<UL><LI><a href="#[6e]">&gt;&gt;</a>&nbsp;&nbsp;&nbsp;_float_round
</UL>
<BR>[Called By]<UL><LI><a href="#[203]">&gt;&gt;</a>&nbsp;&nbsp;&nbsp;fupd_prog
</UL>

<P><STRONG><a name="[6f]"></a>__aeabi_dmul</STRONG> (Thumb, 228 bytes, Stack size 48 bytes, dmul.o(.text))
<BR><BR>[Stack]<UL><LI>Max Depth = 88<LI>Call Chain = __aeabi_dmul &rArr; _double_epilogue &rArr; _double_round
</UL>
<BR>[Calls]<UL><LI><a href="#[70]">&gt;&gt;</a>&nbsp;&nbsp;&nbsp;_double_epilogue
</UL>
<BR>[Called By]<UL><LI><a href="#[15d]">&gt;&gt;</a>&nbsp;&nbsp;&nbsp;Proc1SecTask
<LI><a href="#[1bf]">&gt;&gt;</a>&nbsp;&nbsp;&nbsp;_fp_digits
</UL>

<P><STRONG><a name="[71]"></a>__aeabi_ddiv</STRONG> (Thumb, 222 bytes, Stack size 32 bytes, ddiv.o(.text))
<BR><BR>[Stack]<UL><LI>Max Depth = 40<LI>Call Chain = __aeabi_ddiv &rArr; _double_round
</UL>
<BR>[Calls]<UL><LI><a href="#[72]">&gt;&gt;</a>&nbsp;&nbsp;&nbsp;_double_round
</UL>
<BR>[Called By]<UL><LI><a href="#[d6]">&gt;&gt;</a>&nbsp;&nbsp;&nbsp;ExeBTCode
<LI><a href="#[1bf]">&gt;&gt;</a>&nbsp;&nbsp;&nbsp;_fp_digits
</UL>

<P><STRONG><a name="[73]"></a>__aeabi_ui2f</STRONG> (Thumb, 10 bytes, Stack size 0 bytes, ffltui.o(.text))
<BR><BR>[Stack]<UL><LI>Max Depth = 4<LI>Call Chain = __aeabi_ui2f &rArr; _float_epilogue
</UL>
<BR>[Calls]<UL><LI><a href="#[74]">&gt;&gt;</a>&nbsp;&nbsp;&nbsp;_float_epilogue
</UL>
<BR>[Called By]<UL><LI><a href="#[15d]">&gt;&gt;</a>&nbsp;&nbsp;&nbsp;Proc1SecTask
<LI><a href="#[203]">&gt;&gt;</a>&nbsp;&nbsp;&nbsp;fupd_prog
</UL>

<P><STRONG><a name="[75]"></a>__aeabi_ui2d</STRONG> (Thumb, 26 bytes, Stack size 16 bytes, dfltui.o(.text))
<BR><BR>[Stack]<UL><LI>Max Depth = 56<LI>Call Chain = __aeabi_ui2d &rArr; _double_epilogue &rArr; _double_round
</UL>
<BR>[Calls]<UL><LI><a href="#[70]">&gt;&gt;</a>&nbsp;&nbsp;&nbsp;_double_epilogue
</UL>
<BR>[Called By]<UL><LI><a href="#[d6]">&gt;&gt;</a>&nbsp;&nbsp;&nbsp;ExeBTCode
</UL>

<P><STRONG><a name="[206]"></a>__aeabi_f2uiz</STRONG> (Thumb, 40 bytes, Stack size 0 bytes, ffixui.o(.text))
<BR><BR>[Called By]<UL><LI><a href="#[203]">&gt;&gt;</a>&nbsp;&nbsp;&nbsp;fupd_prog
</UL>

<P><STRONG><a name="[15f]"></a>__aeabi_f2d</STRONG> (Thumb, 38 bytes, Stack size 0 bytes, f2d.o(.text))
<BR><BR>[Called By]<UL><LI><a href="#[15d]">&gt;&gt;</a>&nbsp;&nbsp;&nbsp;Proc1SecTask
</UL>

<P><STRONG><a name="[76]"></a>__aeabi_d2f</STRONG> (Thumb, 56 bytes, Stack size 8 bytes, d2f.o(.text))
<BR><BR>[Stack]<UL><LI>Max Depth = 8<LI>Call Chain = __aeabi_d2f
</UL>
<BR>[Calls]<UL><LI><a href="#[6e]">&gt;&gt;</a>&nbsp;&nbsp;&nbsp;_float_round
</UL>
<BR>[Called By]<UL><LI><a href="#[15d]">&gt;&gt;</a>&nbsp;&nbsp;&nbsp;Proc1SecTask
</UL>

<P><STRONG><a name="[205]"></a>__aeabi_cfcmpeq</STRONG> (Thumb, 0 bytes, Stack size 0 bytes, cfcmple.o(.text))
<BR><BR>[Called By]<UL><LI><a href="#[203]">&gt;&gt;</a>&nbsp;&nbsp;&nbsp;fupd_prog
</UL>

<P><STRONG><a name="[216]"></a>__aeabi_cfcmple</STRONG> (Thumb, 20 bytes, Stack size 0 bytes, cfcmple.o(.text), UNUSED)

<P><STRONG><a name="[217]"></a>__aeabi_uidiv</STRONG> (Thumb, 0 bytes, Stack size 12 bytes, uidiv.o(.text), UNUSED)

<P><STRONG><a name="[1c3]"></a>__aeabi_uidivmod</STRONG> (Thumb, 44 bytes, Stack size 12 bytes, uidiv.o(.text), UNUSED)
<BR><BR>[Called By]<UL><LI><a href="#[1be]">&gt;&gt;</a>&nbsp;&nbsp;&nbsp;_printf_core
</UL>

<P><STRONG><a name="[6c]"></a>__aeabi_uldivmod</STRONG> (Thumb, 98 bytes, Stack size 40 bytes, uldiv.o(.text))
<BR><BR>[Stack]<UL><LI>Max Depth = 40<LI>Call Chain = __aeabi_uldivmod
</UL>
<BR>[Calls]<UL><LI><a href="#[77]">&gt;&gt;</a>&nbsp;&nbsp;&nbsp;__aeabi_llsr
<LI><a href="#[78]">&gt;&gt;</a>&nbsp;&nbsp;&nbsp;__aeabi_llsl
</UL>
<BR>[Called By]<UL><LI><a href="#[1be]">&gt;&gt;</a>&nbsp;&nbsp;&nbsp;_printf_core
<LI><a href="#[1bf]">&gt;&gt;</a>&nbsp;&nbsp;&nbsp;_fp_digits
<LI><a href="#[6b]">&gt;&gt;</a>&nbsp;&nbsp;&nbsp;__aeabi_ldivmod
</UL>

<P><STRONG><a name="[218]"></a>__I$use$fp</STRONG> (Thumb, 0 bytes, Stack size 0 bytes, iusefp.o(.text), UNUSED)

<P><STRONG><a name="[6e]"></a>_float_round</STRONG> (Thumb, 18 bytes, Stack size 0 bytes, fepilogue.o(.text))
<BR><BR>[Called By]<UL><LI><a href="#[76]">&gt;&gt;</a>&nbsp;&nbsp;&nbsp;__aeabi_d2f
<LI><a href="#[6d]">&gt;&gt;</a>&nbsp;&nbsp;&nbsp;__aeabi_fdiv
</UL>

<P><STRONG><a name="[74]"></a>_float_epilogue</STRONG> (Thumb, 92 bytes, Stack size 4 bytes, fepilogue.o(.text))
<BR><BR>[Stack]<UL><LI>Max Depth = 4<LI>Call Chain = _float_epilogue
</UL>
<BR>[Called By]<UL><LI><a href="#[73]">&gt;&gt;</a>&nbsp;&nbsp;&nbsp;__aeabi_ui2f
</UL>

<P><STRONG><a name="[72]"></a>_double_round</STRONG> (Thumb, 30 bytes, Stack size 8 bytes, depilogue.o(.text))
<BR><BR>[Stack]<UL><LI>Max Depth = 8<LI>Call Chain = _double_round
</UL>
<BR>[Called By]<UL><LI><a href="#[71]">&gt;&gt;</a>&nbsp;&nbsp;&nbsp;__aeabi_ddiv
<LI><a href="#[70]">&gt;&gt;</a>&nbsp;&nbsp;&nbsp;_double_epilogue
<LI><a href="#[79]">&gt;&gt;</a>&nbsp;&nbsp;&nbsp;__aeabi_dadd
</UL>

<P><STRONG><a name="[70]"></a>_double_epilogue</STRONG> (Thumb, 156 bytes, Stack size 32 bytes, depilogue.o(.text))
<BR><BR>[Stack]<UL><LI>Max Depth = 40<LI>Call Chain = _double_epilogue &rArr; _double_round
</UL>
<BR>[Calls]<UL><LI><a href="#[72]">&gt;&gt;</a>&nbsp;&nbsp;&nbsp;_double_round
<LI><a href="#[77]">&gt;&gt;</a>&nbsp;&nbsp;&nbsp;__aeabi_llsr
<LI><a href="#[78]">&gt;&gt;</a>&nbsp;&nbsp;&nbsp;__aeabi_llsl
</UL>
<BR>[Called By]<UL><LI><a href="#[6f]">&gt;&gt;</a>&nbsp;&nbsp;&nbsp;__aeabi_dmul
<LI><a href="#[75]">&gt;&gt;</a>&nbsp;&nbsp;&nbsp;__aeabi_ui2d
<LI><a href="#[79]">&gt;&gt;</a>&nbsp;&nbsp;&nbsp;__aeabi_dadd
</UL>

<P><STRONG><a name="[79]"></a>__aeabi_dadd</STRONG> (Thumb, 322 bytes, Stack size 48 bytes, dadd.o(.text), UNUSED)
<BR><BR>[Calls]<UL><LI><a href="#[72]">&gt;&gt;</a>&nbsp;&nbsp;&nbsp;_double_round
<LI><a href="#[70]">&gt;&gt;</a>&nbsp;&nbsp;&nbsp;_double_epilogue
<LI><a href="#[7a]">&gt;&gt;</a>&nbsp;&nbsp;&nbsp;__aeabi_lasr
<LI><a href="#[78]">&gt;&gt;</a>&nbsp;&nbsp;&nbsp;__aeabi_llsl
</UL>
<BR>[Called By]<UL><LI><a href="#[1bf]">&gt;&gt;</a>&nbsp;&nbsp;&nbsp;_fp_digits
<LI><a href="#[7c]">&gt;&gt;</a>&nbsp;&nbsp;&nbsp;__aeabi_drsub
<LI><a href="#[7b]">&gt;&gt;</a>&nbsp;&nbsp;&nbsp;__aeabi_dsub
</UL>

<P><STRONG><a name="[7b]"></a>__aeabi_dsub</STRONG> (Thumb, 6 bytes, Stack size 0 bytes, dadd.o(.text), UNUSED)
<BR><BR>[Calls]<UL><LI><a href="#[79]">&gt;&gt;</a>&nbsp;&nbsp;&nbsp;__aeabi_dadd
</UL>

<P><STRONG><a name="[7c]"></a>__aeabi_drsub</STRONG> (Thumb, 6 bytes, Stack size 0 bytes, dadd.o(.text), UNUSED)
<BR><BR>[Calls]<UL><LI><a href="#[79]">&gt;&gt;</a>&nbsp;&nbsp;&nbsp;__aeabi_dadd
</UL>

<P><STRONG><a name="[7d]"></a>__aeabi_d2ulz</STRONG> (Thumb, 48 bytes, Stack size 0 bytes, dfixul.o(.text), UNUSED)
<BR><BR>[Calls]<UL><LI><a href="#[77]">&gt;&gt;</a>&nbsp;&nbsp;&nbsp;__aeabi_llsr
<LI><a href="#[78]">&gt;&gt;</a>&nbsp;&nbsp;&nbsp;__aeabi_llsl
</UL>
<BR>[Called By]<UL><LI><a href="#[1bf]">&gt;&gt;</a>&nbsp;&nbsp;&nbsp;_fp_digits
</UL>

<P><STRONG><a name="[1c0]"></a>__aeabi_cdrcmple</STRONG> (Thumb, 48 bytes, Stack size 0 bytes, cdrcmple.o(.text), UNUSED)
<BR><BR>[Called By]<UL><LI><a href="#[1bf]">&gt;&gt;</a>&nbsp;&nbsp;&nbsp;_fp_digits
</UL>

<P><STRONG><a name="[6a]"></a>__scatterload</STRONG> (Thumb, 28 bytes, Stack size 0 bytes, init.o(.text))
<BR><BR>[Calls]<UL><LI><a href="#[7e]">&gt;&gt;</a>&nbsp;&nbsp;&nbsp;__main_after_scatterload
</UL>
<BR>[Called By]<UL><LI><a href="#[69]">&gt;&gt;</a>&nbsp;&nbsp;&nbsp;_main_scatterload
</UL>

<P><STRONG><a name="[219]"></a>__scatterload_rt2</STRONG> (Thumb, 0 bytes, Stack size 0 bytes, init.o(.text), UNUSED)

<P><STRONG><a name="[78]"></a>__aeabi_llsl</STRONG> (Thumb, 30 bytes, Stack size 0 bytes, llshl.o(.text))
<BR><BR>[Called By]<UL><LI><a href="#[70]">&gt;&gt;</a>&nbsp;&nbsp;&nbsp;_double_epilogue
<LI><a href="#[79]">&gt;&gt;</a>&nbsp;&nbsp;&nbsp;__aeabi_dadd
<LI><a href="#[7d]">&gt;&gt;</a>&nbsp;&nbsp;&nbsp;__aeabi_d2ulz
<LI><a href="#[6c]">&gt;&gt;</a>&nbsp;&nbsp;&nbsp;__aeabi_uldivmod
</UL>

<P><STRONG><a name="[21a]"></a>_ll_shift_l</STRONG> (Thumb, 0 bytes, Stack size 0 bytes, llshl.o(.text), UNUSED)

<P><STRONG><a name="[77]"></a>__aeabi_llsr</STRONG> (Thumb, 32 bytes, Stack size 0 bytes, llushr.o(.text))
<BR><BR>[Called By]<UL><LI><a href="#[70]">&gt;&gt;</a>&nbsp;&nbsp;&nbsp;_double_epilogue
<LI><a href="#[7d]">&gt;&gt;</a>&nbsp;&nbsp;&nbsp;__aeabi_d2ulz
<LI><a href="#[6c]">&gt;&gt;</a>&nbsp;&nbsp;&nbsp;__aeabi_uldivmod
</UL>

<P><STRONG><a name="[21b]"></a>_ll_ushift_r</STRONG> (Thumb, 0 bytes, Stack size 0 bytes, llushr.o(.text), UNUSED)

<P><STRONG><a name="[7a]"></a>__aeabi_lasr</STRONG> (Thumb, 36 bytes, Stack size 0 bytes, llsshr.o(.text), UNUSED)
<BR><BR>[Called By]<UL><LI><a href="#[79]">&gt;&gt;</a>&nbsp;&nbsp;&nbsp;__aeabi_dadd
</UL>

<P><STRONG><a name="[21c]"></a>_ll_sshift_r</STRONG> (Thumb, 0 bytes, Stack size 0 bytes, llsshr.o(.text), UNUSED)

<P><STRONG><a name="[21d]"></a>__decompress</STRONG> (Thumb, 0 bytes, Stack size unknown bytes, __dczerorl2.o(.text), UNUSED)

<P><STRONG><a name="[21e]"></a>__decompress1</STRONG> (Thumb, 86 bytes, Stack size unknown bytes, __dczerorl2.o(.text), UNUSED)

<P><STRONG><a name="[fa]"></a>ADC_Cmd</STRONG> (Thumb, 22 bytes, Stack size 0 bytes, stm32f10x_adc.o(i.ADC_Cmd))
<BR><BR>[Called By]<UL><LI><a href="#[f7]">&gt;&gt;</a>&nbsp;&nbsp;&nbsp;InitADC
</UL>

<P><STRONG><a name="[7f]"></a>ADC_DeInit</STRONG> (Thumb, 78 bytes, Stack size 8 bytes, stm32f10x_adc.o(i.ADC_DeInit))
<BR><BR>[Stack]<UL><LI>Max Depth = 8<LI>Call Chain = ADC_DeInit
</UL>
<BR>[Calls]<UL><LI><a href="#[80]">&gt;&gt;</a>&nbsp;&nbsp;&nbsp;RCC_APB2PeriphResetCmd
</UL>
<BR>[Called By]<UL><LI><a href="#[f7]">&gt;&gt;</a>&nbsp;&nbsp;&nbsp;InitADC
</UL>

<P><STRONG><a name="[fe]"></a>ADC_GetCalibrationStatus</STRONG> (Thumb, 20 bytes, Stack size 0 bytes, stm32f10x_adc.o(i.ADC_GetCalibrationStatus))
<BR><BR>[Called By]<UL><LI><a href="#[f7]">&gt;&gt;</a>&nbsp;&nbsp;&nbsp;InitADC
</UL>

<P><STRONG><a name="[e6]"></a>ADC_GetConversionValue</STRONG> (Thumb, 8 bytes, Stack size 0 bytes, stm32f10x_adc.o(i.ADC_GetConversionValue))
<BR><BR>[Called By]<UL><LI><a href="#[e2]">&gt;&gt;</a>&nbsp;&nbsp;&nbsp;GetADC
</UL>

<P><STRONG><a name="[e5]"></a>ADC_GetFlagStatus</STRONG> (Thumb, 18 bytes, Stack size 0 bytes, stm32f10x_adc.o(i.ADC_GetFlagStatus))
<BR><BR>[Called By]<UL><LI><a href="#[e2]">&gt;&gt;</a>&nbsp;&nbsp;&nbsp;GetADC
</UL>

<P><STRONG><a name="[fc]"></a>ADC_GetResetCalibrationStatus</STRONG> (Thumb, 20 bytes, Stack size 0 bytes, stm32f10x_adc.o(i.ADC_GetResetCalibrationStatus))
<BR><BR>[Called By]<UL><LI><a href="#[f7]">&gt;&gt;</a>&nbsp;&nbsp;&nbsp;InitADC
</UL>

<P><STRONG><a name="[f9]"></a>ADC_Init</STRONG> (Thumb, 70 bytes, Stack size 12 bytes, stm32f10x_adc.o(i.ADC_Init))
<BR><BR>[Stack]<UL><LI>Max Depth = 12<LI>Call Chain = ADC_Init
</UL>
<BR>[Called By]<UL><LI><a href="#[f7]">&gt;&gt;</a>&nbsp;&nbsp;&nbsp;InitADC
</UL>

<P><STRONG><a name="[e3]"></a>ADC_RegularChannelConfig</STRONG> (Thumb, 184 bytes, Stack size 20 bytes, stm32f10x_adc.o(i.ADC_RegularChannelConfig))
<BR><BR>[Stack]<UL><LI>Max Depth = 20<LI>Call Chain = ADC_RegularChannelConfig
</UL>
<BR>[Called By]<UL><LI><a href="#[e2]">&gt;&gt;</a>&nbsp;&nbsp;&nbsp;GetADC
</UL>

<P><STRONG><a name="[fb]"></a>ADC_ResetCalibration</STRONG> (Thumb, 10 bytes, Stack size 0 bytes, stm32f10x_adc.o(i.ADC_ResetCalibration))
<BR><BR>[Called By]<UL><LI><a href="#[f7]">&gt;&gt;</a>&nbsp;&nbsp;&nbsp;InitADC
</UL>

<P><STRONG><a name="[e4]"></a>ADC_SoftwareStartConvCmd</STRONG> (Thumb, 22 bytes, Stack size 0 bytes, stm32f10x_adc.o(i.ADC_SoftwareStartConvCmd))
<BR><BR>[Called By]<UL><LI><a href="#[e2]">&gt;&gt;</a>&nbsp;&nbsp;&nbsp;GetADC
</UL>

<P><STRONG><a name="[fd]"></a>ADC_StartCalibration</STRONG> (Thumb, 10 bytes, Stack size 0 bytes, stm32f10x_adc.o(i.ADC_StartCalibration))
<BR><BR>[Called By]<UL><LI><a href="#[f7]">&gt;&gt;</a>&nbsp;&nbsp;&nbsp;InitADC
</UL>

<P><STRONG><a name="[81]"></a>AlarmisRing</STRONG> (Thumb, 60 bytes, Stack size 8 bytes, ui.o(i.AlarmisRing))
<BR><BR>[Stack]<UL><LI>Max Depth = 632<LI>Call Chain = AlarmisRing &rArr; PlaySystemMusic &rArr; mp3_play_song &rArr; f_open &rArr; dir_register &rArr; dir_find &rArr; dir_next &rArr; create_chain &rArr; put_fat &rArr; move_window &rArr; sync_window &rArr; disk_write &rArr; WriteSDDisk &rArr; WriteSDBlock &rArr; InitSD &rArr; EnableSDWideBusOperation &rArr; SDEnWideBus &rArr; FindSCR &rArr; CmdResp1Error
</UL>
<BR>[Calls]<UL><LI><a href="#[86]">&gt;&gt;</a>&nbsp;&nbsp;&nbsp;UpdateMask
<LI><a href="#[87]">&gt;&gt;</a>&nbsp;&nbsp;&nbsp;ShowMenu
<LI><a href="#[85]">&gt;&gt;</a>&nbsp;&nbsp;&nbsp;PlaySystemMusic
<LI><a href="#[84]">&gt;&gt;</a>&nbsp;&nbsp;&nbsp;OLEDRefreshGRAM
<LI><a href="#[83]">&gt;&gt;</a>&nbsp;&nbsp;&nbsp;OLEDShowAlarmRing
<LI><a href="#[82]">&gt;&gt;</a>&nbsp;&nbsp;&nbsp;OLEDClear
</UL>
<BR>[Called By]<UL><LI><a href="#[164]">&gt;&gt;</a>&nbsp;&nbsp;&nbsp;Proc2msTask
</UL>

<P><STRONG><a name="[88]"></a>BKP_DeInit</STRONG> (Thumb, 16 bytes, Stack size 8 bytes, stm32f10x_bkp.o(i.BKP_DeInit))
<BR><BR>[Stack]<UL><LI>Max Depth = 8<LI>Call Chain = BKP_DeInit
</UL>
<BR>[Calls]<UL><LI><a href="#[89]">&gt;&gt;</a>&nbsp;&nbsp;&nbsp;RCC_BackupResetCmd
</UL>
<BR>[Called By]<UL><LI><a href="#[111]">&gt;&gt;</a>&nbsp;&nbsp;&nbsp;InitRTC
</UL>

<P><STRONG><a name="[123]"></a>BKP_ReadBackupRegister</STRONG> (Thumb, 24 bytes, Stack size 8 bytes, stm32f10x_bkp.o(i.BKP_ReadBackupRegister))
<BR><BR>[Stack]<UL><LI>Max Depth = 8<LI>Call Chain = BKP_ReadBackupRegister
</UL>
<BR>[Called By]<UL><LI><a href="#[111]">&gt;&gt;</a>&nbsp;&nbsp;&nbsp;InitRTC
</UL>

<P><STRONG><a name="[12e]"></a>BKP_WriteBackupRegister</STRONG> (Thumb, 22 bytes, Stack size 8 bytes, stm32f10x_bkp.o(i.BKP_WriteBackupRegister))
<BR><BR>[Stack]<UL><LI>Max Depth = 8<LI>Call Chain = BKP_WriteBackupRegister
</UL>
<BR>[Called By]<UL><LI><a href="#[111]">&gt;&gt;</a>&nbsp;&nbsp;&nbsp;InitRTC
<LI><a href="#[17]">&gt;&gt;</a>&nbsp;&nbsp;&nbsp;SetRTC
<LI><a href="#[18]">&gt;&gt;</a>&nbsp;&nbsp;&nbsp;SetAlarm
</UL>

<P><STRONG><a name="[1d]"></a>BusFault_Handler</STRONG> (Thumb, 4 bytes, Stack size 0 bytes, stm32f10x_it.o(i.BusFault_Handler))
<BR>[Address Reference Count : 1]<UL><LI> startup_stm32f10x_hd.o(RESET)
</UL>
<P><STRONG><a name="[c7]"></a>CheckLineFeed</STRONG> (Thumb, 100 bytes, Stack size 0 bytes, checklinefeed.o(i.CheckLineFeed))
<BR><BR>[Called By]<UL><LI><a href="#[c6]">&gt;&gt;</a>&nbsp;&nbsp;&nbsp;DbgAsstScan
</UL>

<P><STRONG><a name="[cf]"></a>CheckWKUP</STRONG> (Thumb, 58 bytes, Stack size 0 bytes, wakeup.o(i.CheckWKUP))
<BR><BR>[Called By]<UL><LI><a href="#[110]">&gt;&gt;</a>&nbsp;&nbsp;&nbsp;InitWakeUp
<LI><a href="#[29]">&gt;&gt;</a>&nbsp;&nbsp;&nbsp;EXTI0_IRQHandler
</UL>

<P><STRONG><a name="[15c]"></a>Clr100msFlag</STRONG> (Thumb, 8 bytes, Stack size 0 bytes, timer.o(i.Clr100msFlag))
<BR><BR>[Called By]<UL><LI><a href="#[15a]">&gt;&gt;</a>&nbsp;&nbsp;&nbsp;Proc100msTask
</UL>

<P><STRONG><a name="[163]"></a>Clr1SecFlag</STRONG> (Thumb, 8 bytes, Stack size 0 bytes, timer.o(i.Clr1SecFlag))
<BR><BR>[Called By]<UL><LI><a href="#[15d]">&gt;&gt;</a>&nbsp;&nbsp;&nbsp;Proc1SecTask
</UL>

<P><STRONG><a name="[16b]"></a>Clr2msFlag</STRONG> (Thumb, 8 bytes, Stack size 0 bytes, timer.o(i.Clr2msFlag))
<BR><BR>[Called By]<UL><LI><a href="#[164]">&gt;&gt;</a>&nbsp;&nbsp;&nbsp;Proc2msTask
</UL>

<P><STRONG><a name="[b1]"></a>ConfigSDDMA</STRONG> (Thumb, 94 bytes, Stack size 64 bytes, sdio.o(i.ConfigSDDMA))
<BR><BR>[Stack]<UL><LI>Max Depth = 72<LI>Call Chain = ConfigSDDMA &rArr; DMA_Init
</UL>
<BR>[Calls]<UL><LI><a href="#[b2]">&gt;&gt;</a>&nbsp;&nbsp;&nbsp;RCC_AHBPeriphClockCmd
<LI><a href="#[b5]">&gt;&gt;</a>&nbsp;&nbsp;&nbsp;DMA_Init
<LI><a href="#[b3]">&gt;&gt;</a>&nbsp;&nbsp;&nbsp;DMA_DeInit
<LI><a href="#[b4]">&gt;&gt;</a>&nbsp;&nbsp;&nbsp;DMA_Cmd
</UL>
<BR>[Called By]<UL><LI><a href="#[1bc]">&gt;&gt;</a>&nbsp;&nbsp;&nbsp;WriteSDMultiBlocks
<LI><a href="#[1b9]">&gt;&gt;</a>&nbsp;&nbsp;&nbsp;WriteSDBlock
<LI><a href="#[178]">&gt;&gt;</a>&nbsp;&nbsp;&nbsp;ReadSDMultiBlocks
<LI><a href="#[171]">&gt;&gt;</a>&nbsp;&nbsp;&nbsp;ReadSDBlock
</UL>

<P><STRONG><a name="[b4]"></a>DMA_Cmd</STRONG> (Thumb, 24 bytes, Stack size 0 bytes, stm32f10x_dma.o(i.DMA_Cmd))
<BR><BR>[Called By]<UL><LI><a href="#[b1]">&gt;&gt;</a>&nbsp;&nbsp;&nbsp;ConfigSDDMA
</UL>

<P><STRONG><a name="[b3]"></a>DMA_DeInit</STRONG> (Thumb, 324 bytes, Stack size 0 bytes, stm32f10x_dma.o(i.DMA_DeInit))
<BR><BR>[Called By]<UL><LI><a href="#[b1]">&gt;&gt;</a>&nbsp;&nbsp;&nbsp;ConfigSDDMA
</UL>

<P><STRONG><a name="[b5]"></a>DMA_Init</STRONG> (Thumb, 60 bytes, Stack size 8 bytes, stm32f10x_dma.o(i.DMA_Init))
<BR><BR>[Stack]<UL><LI>Max Depth = 8<LI>Call Chain = DMA_Init
</UL>
<BR>[Called By]<UL><LI><a href="#[b1]">&gt;&gt;</a>&nbsp;&nbsp;&nbsp;ConfigSDDMA
</UL>

<P><STRONG><a name="[c6]"></a>DbgAsstScan</STRONG> (Thumb, 132 bytes, Stack size 2024 bytes, dbgasst.o(i.DbgAsstScan))
<BR><BR>[Stack]<UL><LI>Max Depth = 2408<LI>Call Chain = DbgAsstScan &rArr; GetFuncInfo &rArr; GetAllFuncPara &rArr; Str2Num &rArr; Power
</UL>
<BR>[Calls]<UL><LI><a href="#[cd]">&gt;&gt;</a>&nbsp;&nbsp;&nbsp;ReadUART
<LI><a href="#[cb]">&gt;&gt;</a>&nbsp;&nbsp;&nbsp;ProcSysCmd
<LI><a href="#[c9]">&gt;&gt;</a>&nbsp;&nbsp;&nbsp;GetFuncInfo
<LI><a href="#[ca]">&gt;&gt;</a>&nbsp;&nbsp;&nbsp;ExeFunc
<LI><a href="#[c8]">&gt;&gt;</a>&nbsp;&nbsp;&nbsp;GetRecData
<LI><a href="#[c7]">&gt;&gt;</a>&nbsp;&nbsp;&nbsp;CheckLineFeed
<LI><a href="#[cc]">&gt;&gt;</a>&nbsp;&nbsp;&nbsp;__2printf
</UL>
<BR>[Called By]<UL><LI><a href="#[15a]">&gt;&gt;</a>&nbsp;&nbsp;&nbsp;Proc100msTask
</UL>

<P><STRONG><a name="[20]"></a>DebugMon_Handler</STRONG> (Thumb, 2 bytes, Stack size 0 bytes, stm32f10x_it.o(i.DebugMon_Handler))
<BR>[Address Reference Count : 1]<UL><LI> startup_stm32f10x_hd.o(RESET)
</UL>
<P><STRONG><a name="[e8]"></a>DelayNms</STRONG> (Thumb, 20 bytes, Stack size 8 bytes, systick.o(i.DelayNms))
<BR><BR>[Stack]<UL><LI>Max Depth = 8<LI>Call Chain = DelayNms
</UL>
<BR>[Called By]<UL><LI><a href="#[143]">&gt;&gt;</a>&nbsp;&nbsp;&nbsp;InitUI
<LI><a href="#[111]">&gt;&gt;</a>&nbsp;&nbsp;&nbsp;InitRTC
<LI><a href="#[107]">&gt;&gt;</a>&nbsp;&nbsp;&nbsp;InitFontLib
<LI><a href="#[e7]">&gt;&gt;</a>&nbsp;&nbsp;&nbsp;GetADCAverage
<LI><a href="#[5f]">&gt;&gt;</a>&nbsp;&nbsp;&nbsp;main
<LI><a href="#[15d]">&gt;&gt;</a>&nbsp;&nbsp;&nbsp;Proc1SecTask
<LI><a href="#[158]">&gt;&gt;</a>&nbsp;&nbsp;&nbsp;VS_Soft_Reset
<LI><a href="#[155]">&gt;&gt;</a>&nbsp;&nbsp;&nbsp;VS_Sine_Test
<LI><a href="#[154]">&gt;&gt;</a>&nbsp;&nbsp;&nbsp;VS_Ram_Test
<LI><a href="#[157]">&gt;&gt;</a>&nbsp;&nbsp;&nbsp;VS_HD_Reset
<LI><a href="#[156]">&gt;&gt;</a>&nbsp;&nbsp;&nbsp;mp3_play
</UL>

<P><STRONG><a name="[1b3]"></a>DelayNus</STRONG> (Thumb, 26 bytes, Stack size 8 bytes, systick.o(i.DelayNus))
<BR><BR>[Stack]<UL><LI>Max Depth = 8<LI>Call Chain = DelayNus
</UL>
<BR>[Called By]<UL><LI><a href="#[1b2]">&gt;&gt;</a>&nbsp;&nbsp;&nbsp;W25QxxWakeUp
<LI><a href="#[1de]">&gt;&gt;</a>&nbsp;&nbsp;&nbsp;disk_initialize
</UL>

<P><STRONG><a name="[29]"></a>EXTI0_IRQHandler</STRONG> (Thumb, 20 bytes, Stack size 8 bytes, wakeup.o(i.EXTI0_IRQHandler))
<BR><BR>[Stack]<UL><LI>Max Depth = 72<LI>Call Chain = EXTI0_IRQHandler &rArr; SysEnterStandby &rArr; SysStandby &rArr; OLEDClear &rArr; OLEDRefreshGRAM &rArr; OLEDWriteByte
</UL>
<BR>[Calls]<UL><LI><a href="#[ce]">&gt;&gt;</a>&nbsp;&nbsp;&nbsp;EXTI_ClearITPendingBit
<LI><a href="#[d0]">&gt;&gt;</a>&nbsp;&nbsp;&nbsp;SysEnterStandby
<LI><a href="#[cf]">&gt;&gt;</a>&nbsp;&nbsp;&nbsp;CheckWKUP
</UL>
<BR>[Address Reference Count : 1]<UL><LI> startup_stm32f10x_hd.o(RESET)
</UL>
<P><STRONG><a name="[3a]"></a>EXTI9_5_IRQHandler</STRONG> (Thumb, 48 bytes, Stack size 8 bytes, touchkey.o(i.EXTI9_5_IRQHandler))
<BR><BR>[Stack]<UL><LI>Max Depth = 16<LI>Call Chain = EXTI9_5_IRQHandler &rArr; SetLampBrightness
</UL>
<BR>[Calls]<UL><LI><a href="#[d1]">&gt;&gt;</a>&nbsp;&nbsp;&nbsp;EXTI_GetITStatus
<LI><a href="#[ce]">&gt;&gt;</a>&nbsp;&nbsp;&nbsp;EXTI_ClearITPendingBit
<LI><a href="#[d2]">&gt;&gt;</a>&nbsp;&nbsp;&nbsp;SetLampBrightness
</UL>
<BR>[Address Reference Count : 1]<UL><LI> startup_stm32f10x_hd.o(RESET)
</UL>
<P><STRONG><a name="[ce]"></a>EXTI_ClearITPendingBit</STRONG> (Thumb, 6 bytes, Stack size 0 bytes, stm32f10x_exti.o(i.EXTI_ClearITPendingBit))
<BR><BR>[Called By]<UL><LI><a href="#[3a]">&gt;&gt;</a>&nbsp;&nbsp;&nbsp;EXTI9_5_IRQHandler
<LI><a href="#[29]">&gt;&gt;</a>&nbsp;&nbsp;&nbsp;EXTI0_IRQHandler
</UL>

<P><STRONG><a name="[d1]"></a>EXTI_GetITStatus</STRONG> (Thumb, 34 bytes, Stack size 0 bytes, stm32f10x_exti.o(i.EXTI_GetITStatus))
<BR><BR>[Called By]<UL><LI><a href="#[3a]">&gt;&gt;</a>&nbsp;&nbsp;&nbsp;EXTI9_5_IRQHandler
</UL>

<P><STRONG><a name="[bf]"></a>EXTI_Init</STRONG> (Thumb, 142 bytes, Stack size 0 bytes, stm32f10x_exti.o(i.EXTI_Init))
<BR><BR>[Called By]<UL><LI><a href="#[110]">&gt;&gt;</a>&nbsp;&nbsp;&nbsp;InitWakeUp
<LI><a href="#[bd]">&gt;&gt;</a>&nbsp;&nbsp;&nbsp;ConfigTouchKey
</UL>

<P><STRONG><a name="[d6]"></a>ExeBTCode</STRONG> (Thumb, 288 bytes, Stack size 40 bytes, execode.o(i.ExeBTCode))
<BR><BR>[Stack]<UL><LI>Max Depth = 96<LI>Call Chain = ExeBTCode &rArr; __aeabi_ui2d &rArr; _double_epilogue &rArr; _double_round
</UL>
<BR>[Calls]<UL><LI><a href="#[75]">&gt;&gt;</a>&nbsp;&nbsp;&nbsp;__aeabi_ui2d
<LI><a href="#[71]">&gt;&gt;</a>&nbsp;&nbsp;&nbsp;__aeabi_ddiv
<LI><a href="#[d7]">&gt;&gt;</a>&nbsp;&nbsp;&nbsp;ChrtoDec
<LI><a href="#[cc]">&gt;&gt;</a>&nbsp;&nbsp;&nbsp;__2printf
</UL>
<BR>[Called By]<UL><LI><a href="#[162]">&gt;&gt;</a>&nbsp;&nbsp;&nbsp;WaitForTask
</UL>

<P><STRONG><a name="[a5]"></a>FLASH_PrefetchBufferCmd</STRONG> (Thumb, 22 bytes, Stack size 0 bytes, stm32f10x_flash.o(i.FLASH_PrefetchBufferCmd))
<BR><BR>[Called By]<UL><LI><a href="#[a1]">&gt;&gt;</a>&nbsp;&nbsp;&nbsp;ConfigRCC
</UL>

<P><STRONG><a name="[a6]"></a>FLASH_SetLatency</STRONG> (Thumb, 18 bytes, Stack size 0 bytes, stm32f10x_flash.o(i.FLASH_SetLatency))
<BR><BR>[Called By]<UL><LI><a href="#[a1]">&gt;&gt;</a>&nbsp;&nbsp;&nbsp;ConfigRCC
</UL>

<P><STRONG><a name="[e0]"></a>FreeMemExt</STRONG> (Thumb, 30 bytes, Stack size 16 bytes, malloc.o(i.FreeMemExt))
<BR><BR>[Stack]<UL><LI>Max Depth = 40<LI>Call Chain = FreeMemExt &rArr; FreeMemInw
</UL>
<BR>[Calls]<UL><LI><a href="#[e1]">&gt;&gt;</a>&nbsp;&nbsp;&nbsp;FreeMemInw
</UL>
<BR>[Called By]<UL><LI><a href="#[207]">&gt;&gt;</a>&nbsp;&nbsp;&nbsp;update_font
<LI><a href="#[20d]">&gt;&gt;</a>&nbsp;&nbsp;&nbsp;updata_fontx
<LI><a href="#[b]">&gt;&gt;</a>&nbsp;&nbsp;&nbsp;mf_scan_files
<LI><a href="#[a]">&gt;&gt;</a>&nbsp;&nbsp;&nbsp;mf_readdir
<LI><a href="#[1f2]">&gt;&gt;</a>&nbsp;&nbsp;&nbsp;ff_memfree
<LI><a href="#[159]">&gt;&gt;</a>&nbsp;&nbsp;&nbsp;mp3_play_song
<LI><a href="#[156]">&gt;&gt;</a>&nbsp;&nbsp;&nbsp;mp3_play
<LI><a href="#[208]">&gt;&gt;</a>&nbsp;&nbsp;&nbsp;mp3_get_tnum
</UL>

<P><STRONG><a name="[be]"></a>GPIO_EXTILineConfig</STRONG> (Thumb, 60 bytes, Stack size 12 bytes, stm32f10x_gpio.o(i.GPIO_EXTILineConfig))
<BR><BR>[Stack]<UL><LI>Max Depth = 12<LI>Call Chain = GPIO_EXTILineConfig
</UL>
<BR>[Called By]<UL><LI><a href="#[110]">&gt;&gt;</a>&nbsp;&nbsp;&nbsp;InitWakeUp
<LI><a href="#[bd]">&gt;&gt;</a>&nbsp;&nbsp;&nbsp;ConfigTouchKey
</UL>

<P><STRONG><a name="[96]"></a>GPIO_Init</STRONG> (Thumb, 278 bytes, Stack size 24 bytes, stm32f10x_gpio.o(i.GPIO_Init))
<BR><BR>[Stack]<UL><LI>Max Depth = 24<LI>Call Chain = GPIO_Init
</UL>
<BR>[Called By]<UL><LI><a href="#[12f]">&gt;&gt;</a>&nbsp;&nbsp;&nbsp;InitSD
<LI><a href="#[97]">&gt;&gt;</a>&nbsp;&nbsp;&nbsp;ConfigLEDGPIO
<LI><a href="#[116]">&gt;&gt;</a>&nbsp;&nbsp;&nbsp;VS_Init
<LI><a href="#[110]">&gt;&gt;</a>&nbsp;&nbsp;&nbsp;InitWakeUp
<LI><a href="#[ff]">&gt;&gt;</a>&nbsp;&nbsp;&nbsp;InitAudioSel
<LI><a href="#[f7]">&gt;&gt;</a>&nbsp;&nbsp;&nbsp;InitADC
<LI><a href="#[13b]">&gt;&gt;</a>&nbsp;&nbsp;&nbsp;InitSPI2
<LI><a href="#[108]">&gt;&gt;</a>&nbsp;&nbsp;&nbsp;InitW25Qxx
<LI><a href="#[c0]">&gt;&gt;</a>&nbsp;&nbsp;&nbsp;ConfigUART
<LI><a href="#[137]">&gt;&gt;</a>&nbsp;&nbsp;&nbsp;InitSPI1
<LI><a href="#[94]">&gt;&gt;</a>&nbsp;&nbsp;&nbsp;ConfigKeyOneGPIO
<LI><a href="#[bd]">&gt;&gt;</a>&nbsp;&nbsp;&nbsp;ConfigTouchKey
<LI><a href="#[9a]">&gt;&gt;</a>&nbsp;&nbsp;&nbsp;InitPWM
<LI><a href="#[9d]">&gt;&gt;</a>&nbsp;&nbsp;&nbsp;ConfigOLEDGPIO
<LI><a href="#[c5]">&gt;&gt;</a>&nbsp;&nbsp;&nbsp;ConfigUART2
</UL>

<P><STRONG><a name="[11c]"></a>GPIO_PinRemapConfig</STRONG> (Thumb, 138 bytes, Stack size 20 bytes, stm32f10x_gpio.o(i.GPIO_PinRemapConfig))
<BR><BR>[Stack]<UL><LI>Max Depth = 20<LI>Call Chain = GPIO_PinRemapConfig
</UL>
<BR>[Called By]<UL><LI><a href="#[9a]">&gt;&gt;</a>&nbsp;&nbsp;&nbsp;InitPWM
</UL>

<P><STRONG><a name="[182]"></a>GPIO_ReadInputDataBit</STRONG> (Thumb, 18 bytes, Stack size 0 bytes, stm32f10x_gpio.o(i.GPIO_ReadInputDataBit))
<BR><BR>[Called By]<UL><LI><a href="#[167]">&gt;&gt;</a>&nbsp;&nbsp;&nbsp;ScanKeyOne
</UL>

<P><STRONG><a name="[152]"></a>GPIO_ResetBits</STRONG> (Thumb, 4 bytes, Stack size 0 bytes, stm32f10x_gpio.o(i.GPIO_ResetBits))
<BR><BR>[Called By]<UL><LI><a href="#[1ad]">&gt;&gt;</a>&nbsp;&nbsp;&nbsp;W25QxxEraseSector
<LI><a href="#[1b6]">&gt;&gt;</a>&nbsp;&nbsp;&nbsp;W25QxxWritePage
<LI><a href="#[1ae]">&gt;&gt;</a>&nbsp;&nbsp;&nbsp;W25QxxWriteEnable
<LI><a href="#[1b1]">&gt;&gt;</a>&nbsp;&nbsp;&nbsp;W25QxxReadSR
<LI><a href="#[1b2]">&gt;&gt;</a>&nbsp;&nbsp;&nbsp;W25QxxWakeUp
<LI><a href="#[1b0]">&gt;&gt;</a>&nbsp;&nbsp;&nbsp;W25QxxReadID
<LI><a href="#[f6]">&gt;&gt;</a>&nbsp;&nbsp;&nbsp;W25QxxRead
<LI><a href="#[a0]">&gt;&gt;</a>&nbsp;&nbsp;&nbsp;OLEDWriteByte
</UL>

<P><STRONG><a name="[9e]"></a>GPIO_SetBits</STRONG> (Thumb, 4 bytes, Stack size 0 bytes, stm32f10x_gpio.o(i.GPIO_SetBits))
<BR><BR>[Called By]<UL><LI><a href="#[115]">&gt;&gt;</a>&nbsp;&nbsp;&nbsp;InitOLED
<LI><a href="#[13b]">&gt;&gt;</a>&nbsp;&nbsp;&nbsp;InitSPI2
<LI><a href="#[1ad]">&gt;&gt;</a>&nbsp;&nbsp;&nbsp;W25QxxEraseSector
<LI><a href="#[1b6]">&gt;&gt;</a>&nbsp;&nbsp;&nbsp;W25QxxWritePage
<LI><a href="#[1ae]">&gt;&gt;</a>&nbsp;&nbsp;&nbsp;W25QxxWriteEnable
<LI><a href="#[1b1]">&gt;&gt;</a>&nbsp;&nbsp;&nbsp;W25QxxReadSR
<LI><a href="#[1b2]">&gt;&gt;</a>&nbsp;&nbsp;&nbsp;W25QxxWakeUp
<LI><a href="#[1b0]">&gt;&gt;</a>&nbsp;&nbsp;&nbsp;W25QxxReadID
<LI><a href="#[f6]">&gt;&gt;</a>&nbsp;&nbsp;&nbsp;W25QxxRead
<LI><a href="#[108]">&gt;&gt;</a>&nbsp;&nbsp;&nbsp;InitW25Qxx
<LI><a href="#[137]">&gt;&gt;</a>&nbsp;&nbsp;&nbsp;InitSPI1
<LI><a href="#[a0]">&gt;&gt;</a>&nbsp;&nbsp;&nbsp;OLEDWriteByte
<LI><a href="#[9d]">&gt;&gt;</a>&nbsp;&nbsp;&nbsp;ConfigOLEDGPIO
</UL>

<P><STRONG><a name="[98]"></a>GPIO_WriteBit</STRONG> (Thumb, 10 bytes, Stack size 0 bytes, stm32f10x_gpio.o(i.GPIO_WriteBit))
<BR><BR>[Called By]<UL><LI><a href="#[97]">&gt;&gt;</a>&nbsp;&nbsp;&nbsp;ConfigLEDGPIO
<LI><a href="#[ff]">&gt;&gt;</a>&nbsp;&nbsp;&nbsp;InitAudioSel
</UL>

<P><STRONG><a name="[15b]"></a>Get100msFlag</STRONG> (Thumb, 6 bytes, Stack size 0 bytes, timer.o(i.Get100msFlag))
<BR><BR>[Called By]<UL><LI><a href="#[15a]">&gt;&gt;</a>&nbsp;&nbsp;&nbsp;Proc100msTask
</UL>

<P><STRONG><a name="[15e]"></a>Get1SecFlag</STRONG> (Thumb, 6 bytes, Stack size 0 bytes, timer.o(i.Get1SecFlag))
<BR><BR>[Called By]<UL><LI><a href="#[15d]">&gt;&gt;</a>&nbsp;&nbsp;&nbsp;Proc1SecTask
</UL>

<P><STRONG><a name="[165]"></a>Get2msFlag</STRONG> (Thumb, 6 bytes, Stack size 0 bytes, timer.o(i.Get2msFlag))
<BR><BR>[Called By]<UL><LI><a href="#[164]">&gt;&gt;</a>&nbsp;&nbsp;&nbsp;Proc2msTask
</UL>

<P><STRONG><a name="[e7]"></a>GetADCAverage</STRONG> (Thumb, 38 bytes, Stack size 16 bytes, adc.o(i.GetADCAverage))
<BR><BR>[Stack]<UL><LI>Max Depth = 44<LI>Call Chain = GetADCAverage &rArr; GetADC &rArr; ADC_RegularChannelConfig
</UL>
<BR>[Calls]<UL><LI><a href="#[e8]">&gt;&gt;</a>&nbsp;&nbsp;&nbsp;DelayNms
<LI><a href="#[e2]">&gt;&gt;</a>&nbsp;&nbsp;&nbsp;GetADC
</UL>
<BR>[Called By]<UL><LI><a href="#[15d]">&gt;&gt;</a>&nbsp;&nbsp;&nbsp;Proc1SecTask
</UL>

<P><STRONG><a name="[ea]"></a>GetAFuncPara</STRONG> (Thumb, 200 bytes, Stack size 20 bytes, procstring.o(i.GetAFuncPara))
<BR><BR>[Stack]<UL><LI>Max Depth = 20<LI>Call Chain = GetAFuncPara
</UL>
<BR>[Called By]<UL><LI><a href="#[e9]">&gt;&gt;</a>&nbsp;&nbsp;&nbsp;GetAllFuncPara
<LI><a href="#[cb]">&gt;&gt;</a>&nbsp;&nbsp;&nbsp;ProcSysCmd
</UL>

<P><STRONG><a name="[e9]"></a>GetAllFuncPara</STRONG> (Thumb, 276 bytes, Stack size 248 bytes, procstring.o(i.GetAllFuncPara))
<BR><BR>[Stack]<UL><LI>Max Depth = 288<LI>Call Chain = GetAllFuncPara &rArr; Str2Num &rArr; Power
</UL>
<BR>[Calls]<UL><LI><a href="#[ee]">&gt;&gt;</a>&nbsp;&nbsp;&nbsp;StrLen
<LI><a href="#[ef]">&gt;&gt;</a>&nbsp;&nbsp;&nbsp;StrCpy
<LI><a href="#[eb]">&gt;&gt;</a>&nbsp;&nbsp;&nbsp;Str2Num
<LI><a href="#[d9]">&gt;&gt;</a>&nbsp;&nbsp;&nbsp;GetParaPos
<LI><a href="#[ea]">&gt;&gt;</a>&nbsp;&nbsp;&nbsp;GetAFuncPara
<LI><a href="#[ed]">&gt;&gt;</a>&nbsp;&nbsp;&nbsp;SetParaType
<LI><a href="#[ec]">&gt;&gt;</a>&nbsp;&nbsp;&nbsp;GetParaType
</UL>
<BR>[Called By]<UL><LI><a href="#[c9]">&gt;&gt;</a>&nbsp;&nbsp;&nbsp;GetFuncInfo
</UL>

<P><STRONG><a name="[16c]"></a>GetCmdName</STRONG> (Thumb, 54 bytes, Stack size 8 bytes, procstring.o(i.GetCmdName))
<BR><BR>[Stack]<UL><LI>Max Depth = 8<LI>Call Chain = GetCmdName
</UL>
<BR>[Called By]<UL><LI><a href="#[cb]">&gt;&gt;</a>&nbsp;&nbsp;&nbsp;ProcSysCmd
</UL>

<P><STRONG><a name="[db]"></a>GetDbgAsstTimer</STRONG> (Thumb, 24 bytes, Stack size 8 bytes, timer.o(i.GetDbgAsstTimer))
<BR><BR>[Stack]<UL><LI>Max Depth = 8<LI>Call Chain = GetDbgAsstTimer
</UL>
<BR>[Calls]<UL><LI><a href="#[f0]">&gt;&gt;</a>&nbsp;&nbsp;&nbsp;TIM_GetCounter
</UL>
<BR>[Called By]<UL><LI><a href="#[ca]">&gt;&gt;</a>&nbsp;&nbsp;&nbsp;ExeFunc
</UL>

<P><STRONG><a name="[d8]"></a>GetFuncName</STRONG> (Thumb, 440 bytes, Stack size 72 bytes, procstring.o(i.GetFuncName))
<BR><BR>[Stack]<UL><LI>Max Depth = 72<LI>Call Chain = GetFuncName
</UL>
<BR>[Calls]<UL><LI><a href="#[f2]">&gt;&gt;</a>&nbsp;&nbsp;&nbsp;GetNextChar
<LI><a href="#[f1]">&gt;&gt;</a>&nbsp;&nbsp;&nbsp;StrCmp
</UL>
<BR>[Called By]<UL><LI><a href="#[cb]">&gt;&gt;</a>&nbsp;&nbsp;&nbsp;ProcSysCmd
<LI><a href="#[c9]">&gt;&gt;</a>&nbsp;&nbsp;&nbsp;GetFuncInfo
<LI><a href="#[ca]">&gt;&gt;</a>&nbsp;&nbsp;&nbsp;ExeFunc
</UL>

<P><STRONG><a name="[1]"></a>GetMemPerused</STRONG> (Thumb, 54 bytes, Stack size 8 bytes, malloc.o(i.GetMemPerused))
<BR><BR>[Stack]<UL><LI>Max Depth = 8<LI>Call Chain = GetMemPerused
</UL>
<BR>[Address Reference Count : 1]<UL><LI> malloc.o(.data)
</UL>
<P><STRONG><a name="[d9]"></a>GetParaPos</STRONG> (Thumb, 26 bytes, Stack size 0 bytes, procstring.o(i.GetParaPos))
<BR><BR>[Called By]<UL><LI><a href="#[e9]">&gt;&gt;</a>&nbsp;&nbsp;&nbsp;GetAllFuncPara
<LI><a href="#[ca]">&gt;&gt;</a>&nbsp;&nbsp;&nbsp;ExeFunc
</UL>

<P><STRONG><a name="[ec]"></a>GetParaType</STRONG> (Thumb, 6 bytes, Stack size 0 bytes, dbgasst.o(i.GetParaType))
<BR><BR>[Called By]<UL><LI><a href="#[e9]">&gt;&gt;</a>&nbsp;&nbsp;&nbsp;GetAllFuncPara
</UL>

<P><STRONG><a name="[f3]"></a>GetRTC</STRONG> (Thumb, 246 bytes, Stack size 16 bytes, rtc.o(i.GetRTC))
<BR><BR>[Stack]<UL><LI>Max Depth = 36<LI>Call Chain = GetRTC &rArr; GetRTCWeek
</UL>
<BR>[Calls]<UL><LI><a href="#[8b]">&gt;&gt;</a>&nbsp;&nbsp;&nbsp;JudgeLeapYear
<LI><a href="#[f4]">&gt;&gt;</a>&nbsp;&nbsp;&nbsp;GetRTCWeek
</UL>
<BR>[Called By]<UL><LI><a href="#[111]">&gt;&gt;</a>&nbsp;&nbsp;&nbsp;InitRTC
<LI><a href="#[26]">&gt;&gt;</a>&nbsp;&nbsp;&nbsp;RTC_IRQHandler
</UL>

<P><STRONG><a name="[f4]"></a>GetRTCWeek</STRONG> (Thumb, 116 bytes, Stack size 20 bytes, rtc.o(i.GetRTCWeek))
<BR><BR>[Stack]<UL><LI>Max Depth = 20<LI>Call Chain = GetRTCWeek
</UL>
<BR>[Called By]<UL><LI><a href="#[f3]">&gt;&gt;</a>&nbsp;&nbsp;&nbsp;GetRTC
</UL>

<P><STRONG><a name="[c8]"></a>GetRecData</STRONG> (Thumb, 40 bytes, Stack size 8 bytes, checklinefeed.o(i.GetRecData))
<BR><BR>[Stack]<UL><LI>Max Depth = 8<LI>Call Chain = GetRecData
</UL>
<BR>[Called By]<UL><LI><a href="#[c6]">&gt;&gt;</a>&nbsp;&nbsp;&nbsp;DbgAsstScan
</UL>

<P><STRONG><a name="[f5]"></a>Get_HzMat</STRONG> (Thumb, 220 bytes, Stack size 40 bytes, text.o(i.Get_HzMat))
<BR><BR>[Stack]<UL><LI>Max Depth = 80<LI>Call Chain = Get_HzMat &rArr; W25QxxRead &rArr; SPI2ReadWriteByte
</UL>
<BR>[Calls]<UL><LI><a href="#[f6]">&gt;&gt;</a>&nbsp;&nbsp;&nbsp;W25QxxRead
</UL>
<BR>[Called By]<UL><LI><a href="#[186]">&gt;&gt;</a>&nbsp;&nbsp;&nbsp;Show_Font
</UL>

<P><STRONG><a name="[1b]"></a>HardFault_Handler</STRONG> (Thumb, 4 bytes, Stack size 0 bytes, stm32f10x_it.o(i.HardFault_Handler))
<BR>[Address Reference Count : 1]<UL><LI> startup_stm32f10x_hd.o(RESET)
</UL>
<P><STRONG><a name="[173]"></a>INTX_DISABLE</STRONG> (Thumb, 4 bytes, Stack size 0 bytes, sysit.o(i.INTX_DISABLE))
<BR><BR>[Called By]<UL><LI><a href="#[1bc]">&gt;&gt;</a>&nbsp;&nbsp;&nbsp;WriteSDMultiBlocks
<LI><a href="#[1b9]">&gt;&gt;</a>&nbsp;&nbsp;&nbsp;WriteSDBlock
<LI><a href="#[178]">&gt;&gt;</a>&nbsp;&nbsp;&nbsp;ReadSDMultiBlocks
<LI><a href="#[171]">&gt;&gt;</a>&nbsp;&nbsp;&nbsp;ReadSDBlock
</UL>

<P><STRONG><a name="[174]"></a>INTX_ENABLE</STRONG> (Thumb, 4 bytes, Stack size 0 bytes, sysit.o(i.INTX_ENABLE))
<BR><BR>[Called By]<UL><LI><a href="#[1bc]">&gt;&gt;</a>&nbsp;&nbsp;&nbsp;WriteSDMultiBlocks
<LI><a href="#[1b9]">&gt;&gt;</a>&nbsp;&nbsp;&nbsp;WriteSDBlock
<LI><a href="#[178]">&gt;&gt;</a>&nbsp;&nbsp;&nbsp;ReadSDMultiBlocks
<LI><a href="#[171]">&gt;&gt;</a>&nbsp;&nbsp;&nbsp;ReadSDBlock
</UL>

<P><STRONG><a name="[f7]"></a>InitADC</STRONG> (Thumb, 138 bytes, Stack size 32 bytes, adc.o(i.InitADC))
<BR><BR>[Stack]<UL><LI>Max Depth = 56<LI>Call Chain = InitADC &rArr; GPIO_Init
</UL>
<BR>[Calls]<UL><LI><a href="#[95]">&gt;&gt;</a>&nbsp;&nbsp;&nbsp;RCC_APB2PeriphClockCmd
<LI><a href="#[96]">&gt;&gt;</a>&nbsp;&nbsp;&nbsp;GPIO_Init
<LI><a href="#[f8]">&gt;&gt;</a>&nbsp;&nbsp;&nbsp;RCC_ADCCLKConfig
<LI><a href="#[fd]">&gt;&gt;</a>&nbsp;&nbsp;&nbsp;ADC_StartCalibration
<LI><a href="#[fb]">&gt;&gt;</a>&nbsp;&nbsp;&nbsp;ADC_ResetCalibration
<LI><a href="#[f9]">&gt;&gt;</a>&nbsp;&nbsp;&nbsp;ADC_Init
<LI><a href="#[fc]">&gt;&gt;</a>&nbsp;&nbsp;&nbsp;ADC_GetResetCalibrationStatus
<LI><a href="#[fe]">&gt;&gt;</a>&nbsp;&nbsp;&nbsp;ADC_GetCalibrationStatus
<LI><a href="#[7f]">&gt;&gt;</a>&nbsp;&nbsp;&nbsp;ADC_DeInit
<LI><a href="#[fa]">&gt;&gt;</a>&nbsp;&nbsp;&nbsp;ADC_Cmd
</UL>
<BR>[Called By]<UL><LI><a href="#[109]">&gt;&gt;</a>&nbsp;&nbsp;&nbsp;InitHardware
</UL>

<P><STRONG><a name="[ff]"></a>InitAudioSel</STRONG> (Thumb, 92 bytes, Stack size 8 bytes, audiosel.o(i.InitAudioSel))
<BR><BR>[Stack]<UL><LI>Max Depth = 32<LI>Call Chain = InitAudioSel &rArr; GPIO_Init
</UL>
<BR>[Calls]<UL><LI><a href="#[95]">&gt;&gt;</a>&nbsp;&nbsp;&nbsp;RCC_APB2PeriphClockCmd
<LI><a href="#[98]">&gt;&gt;</a>&nbsp;&nbsp;&nbsp;GPIO_WriteBit
<LI><a href="#[96]">&gt;&gt;</a>&nbsp;&nbsp;&nbsp;GPIO_Init
</UL>
<BR>[Called By]<UL><LI><a href="#[109]">&gt;&gt;</a>&nbsp;&nbsp;&nbsp;InitHardware
</UL>

<P><STRONG><a name="[13f]"></a>InitCheckLineFeed</STRONG> (Thumb, 32 bytes, Stack size 0 bytes, checklinefeed.o(i.InitCheckLineFeed))
<BR><BR>[Called By]<UL><LI><a href="#[13d]">&gt;&gt;</a>&nbsp;&nbsp;&nbsp;InitSoftware
</UL>

<P><STRONG><a name="[100]"></a>InitDbgAsst</STRONG> (Thumb, 20 bytes, Stack size 8 bytes, dbgasst.o(i.InitDbgAsst))
<BR><BR>[Stack]<UL><LI>Max Depth = 8<LI>Call Chain = InitDbgAsst
</UL>
<BR>[Calls]<UL><LI><a href="#[101]">&gt;&gt;</a>&nbsp;&nbsp;&nbsp;InitProcString
</UL>
<BR>[Called By]<UL><LI><a href="#[13d]">&gt;&gt;</a>&nbsp;&nbsp;&nbsp;InitSoftware
</UL>

<P><STRONG><a name="[140]"></a>InitDbgFat</STRONG> (Thumb, 2 bytes, Stack size 0 bytes, dbgfat.o(i.InitDbgFat))
<BR><BR>[Called By]<UL><LI><a href="#[13d]">&gt;&gt;</a>&nbsp;&nbsp;&nbsp;InitSoftware
</UL>

<P><STRONG><a name="[102]"></a>InitExFsFun</STRONG> (Thumb, 114 bytes, Stack size 8 bytes, exfsfun.o(i.InitExFsFun))
<BR><BR>[Stack]<UL><LI>Max Depth = 56<LI>Call Chain = InitExFsFun &rArr; MallocMemExt &rArr; MallocMemInw
</UL>
<BR>[Calls]<UL><LI><a href="#[103]">&gt;&gt;</a>&nbsp;&nbsp;&nbsp;MallocMemExt
</UL>
<BR>[Called By]<UL><LI><a href="#[13d]">&gt;&gt;</a>&nbsp;&nbsp;&nbsp;InitSoftware
</UL>

<P><STRONG><a name="[104]"></a>InitFatFs</STRONG> (Thumb, 286 bytes, Stack size 8 bytes, exfsfun.o(i.InitFatFs))
<BR><BR>[Stack]<UL><LI>Max Depth = 464<LI>Call Chain = InitFatFs &rArr; f_mount &rArr; find_volume &rArr; check_fs &rArr; move_window &rArr; sync_window &rArr; disk_write &rArr; WriteSDDisk &rArr; WriteSDBlock &rArr; InitSD &rArr; EnableSDWideBusOperation &rArr; SDEnWideBus &rArr; FindSCR &rArr; CmdResp1Error
</UL>
<BR>[Calls]<UL><LI><a href="#[105]">&gt;&gt;</a>&nbsp;&nbsp;&nbsp;f_mount
<LI><a href="#[106]">&gt;&gt;</a>&nbsp;&nbsp;&nbsp;f_mkfs
<LI><a href="#[cc]">&gt;&gt;</a>&nbsp;&nbsp;&nbsp;__2printf
</UL>
<BR>[Called By]<UL><LI><a href="#[109]">&gt;&gt;</a>&nbsp;&nbsp;&nbsp;InitHardware
</UL>

<P><STRONG><a name="[107]"></a>InitFontLib</STRONG> (Thumb, 64 bytes, Stack size 8 bytes, fontupd.o(i.InitFontLib))
<BR><BR>[Stack]<UL><LI>Max Depth = 72<LI>Call Chain = InitFontLib &rArr; InitW25Qxx &rArr; InitSPI2 &rArr; GPIO_Init
</UL>
<BR>[Calls]<UL><LI><a href="#[e8]">&gt;&gt;</a>&nbsp;&nbsp;&nbsp;DelayNms
<LI><a href="#[f6]">&gt;&gt;</a>&nbsp;&nbsp;&nbsp;W25QxxRead
<LI><a href="#[108]">&gt;&gt;</a>&nbsp;&nbsp;&nbsp;InitW25Qxx
</UL>
<BR>[Called By]<UL><LI><a href="#[5f]">&gt;&gt;</a>&nbsp;&nbsp;&nbsp;main
</UL>

<P><STRONG><a name="[112]"></a>InitKeyOne</STRONG> (Thumb, 22 bytes, Stack size 8 bytes, keyone.o(i.InitKeyOne))
<BR><BR>[Stack]<UL><LI>Max Depth = 40<LI>Call Chain = InitKeyOne &rArr; ConfigKeyOneGPIO &rArr; GPIO_Init
</UL>
<BR>[Calls]<UL><LI><a href="#[94]">&gt;&gt;</a>&nbsp;&nbsp;&nbsp;ConfigKeyOneGPIO
</UL>
<BR>[Called By]<UL><LI><a href="#[109]">&gt;&gt;</a>&nbsp;&nbsp;&nbsp;InitHardware
</UL>

<P><STRONG><a name="[10e]"></a>InitLED</STRONG> (Thumb, 8 bytes, Stack size 8 bytes, led.o(i.InitLED))
<BR><BR>[Stack]<UL><LI>Max Depth = 40<LI>Call Chain = InitLED &rArr; ConfigLEDGPIO &rArr; GPIO_Init
</UL>
<BR>[Calls]<UL><LI><a href="#[97]">&gt;&gt;</a>&nbsp;&nbsp;&nbsp;ConfigLEDGPIO
</UL>
<BR>[Called By]<UL><LI><a href="#[109]">&gt;&gt;</a>&nbsp;&nbsp;&nbsp;InitHardware
</UL>

<P><STRONG><a name="[114]"></a>InitLamp</STRONG> (Thumb, 32 bytes, Stack size 8 bytes, lamp.o(i.InitLamp))
<BR><BR>[Stack]<UL><LI>Max Depth = 88<LI>Call Chain = InitLamp &rArr; ConfigLamp &rArr; InitPWM &rArr; GPIO_Init
</UL>
<BR>[Calls]<UL><LI><a href="#[11a]">&gt;&gt;</a>&nbsp;&nbsp;&nbsp;TIM_SetCompare4
<LI><a href="#[119]">&gt;&gt;</a>&nbsp;&nbsp;&nbsp;TIM_SetCompare3
<LI><a href="#[118]">&gt;&gt;</a>&nbsp;&nbsp;&nbsp;TIM_SetCompare2
<LI><a href="#[99]">&gt;&gt;</a>&nbsp;&nbsp;&nbsp;ConfigLamp
</UL>
<BR>[Called By]<UL><LI><a href="#[109]">&gt;&gt;</a>&nbsp;&nbsp;&nbsp;InitHardware
</UL>

<P><STRONG><a name="[0]"></a>InitMemMgt</STRONG> (Thumb, 54 bytes, Stack size 8 bytes, malloc.o(i.InitMemMgt))
<BR><BR>[Stack]<UL><LI>Max Depth = 20<LI>Call Chain = InitMemMgt &rArr; SetMem
</UL>
<BR>[Calls]<UL><LI><a href="#[11b]">&gt;&gt;</a>&nbsp;&nbsp;&nbsp;SetMem
</UL>
<BR>[Called By]<UL><LI><a href="#[13d]">&gt;&gt;</a>&nbsp;&nbsp;&nbsp;InitSoftware
</UL>
<BR>[Address Reference Count : 1]<UL><LI> malloc.o(.data)
</UL>
<P><STRONG><a name="[10b]"></a>InitNVIC</STRONG> (Thumb, 8 bytes, Stack size 8 bytes, nvic.o(i.InitNVIC))
<BR><BR>[Stack]<UL><LI>Max Depth = 16<LI>Call Chain = InitNVIC &rArr; ConfigNVIC
</UL>
<BR>[Calls]<UL><LI><a href="#[9b]">&gt;&gt;</a>&nbsp;&nbsp;&nbsp;ConfigNVIC
</UL>
<BR>[Called By]<UL><LI><a href="#[109]">&gt;&gt;</a>&nbsp;&nbsp;&nbsp;InitHardware
</UL>

<P><STRONG><a name="[115]"></a>InitOLED</STRONG> (Thumb, 24 bytes, Stack size 8 bytes, oled.o(i.InitOLED))
<BR><BR>[Stack]<UL><LI>Max Depth = 56<LI>Call Chain = InitOLED &rArr; OLEDClear &rArr; OLEDRefreshGRAM &rArr; OLEDWriteByte
</UL>
<BR>[Calls]<UL><LI><a href="#[9e]">&gt;&gt;</a>&nbsp;&nbsp;&nbsp;GPIO_SetBits
<LI><a href="#[82]">&gt;&gt;</a>&nbsp;&nbsp;&nbsp;OLEDClear
<LI><a href="#[9f]">&gt;&gt;</a>&nbsp;&nbsp;&nbsp;ConfigOLEDReg
<LI><a href="#[9d]">&gt;&gt;</a>&nbsp;&nbsp;&nbsp;ConfigOLEDGPIO
</UL>
<BR>[Called By]<UL><LI><a href="#[109]">&gt;&gt;</a>&nbsp;&nbsp;&nbsp;InitHardware
</UL>

<P><STRONG><a name="[9a]"></a>InitPWM</STRONG> (Thumb, 162 bytes, Stack size 48 bytes, pwm.o(i.InitPWM))
<BR><BR>[Stack]<UL><LI>Max Depth = 72<LI>Call Chain = InitPWM &rArr; GPIO_Init
</UL>
<BR>[Calls]<UL><LI><a href="#[95]">&gt;&gt;</a>&nbsp;&nbsp;&nbsp;RCC_APB2PeriphClockCmd
<LI><a href="#[96]">&gt;&gt;</a>&nbsp;&nbsp;&nbsp;GPIO_Init
<LI><a href="#[b8]">&gt;&gt;</a>&nbsp;&nbsp;&nbsp;TIM_TimeBaseInit
<LI><a href="#[ba]">&gt;&gt;</a>&nbsp;&nbsp;&nbsp;TIM_Cmd
<LI><a href="#[b7]">&gt;&gt;</a>&nbsp;&nbsp;&nbsp;RCC_APB1PeriphClockCmd
<LI><a href="#[122]">&gt;&gt;</a>&nbsp;&nbsp;&nbsp;TIM_OC4PreloadConfig
<LI><a href="#[121]">&gt;&gt;</a>&nbsp;&nbsp;&nbsp;TIM_OC4Init
<LI><a href="#[120]">&gt;&gt;</a>&nbsp;&nbsp;&nbsp;TIM_OC3PreloadConfig
<LI><a href="#[11f]">&gt;&gt;</a>&nbsp;&nbsp;&nbsp;TIM_OC3Init
<LI><a href="#[11e]">&gt;&gt;</a>&nbsp;&nbsp;&nbsp;TIM_OC2PreloadConfig
<LI><a href="#[11d]">&gt;&gt;</a>&nbsp;&nbsp;&nbsp;TIM_OC2Init
<LI><a href="#[11c]">&gt;&gt;</a>&nbsp;&nbsp;&nbsp;GPIO_PinRemapConfig
</UL>
<BR>[Called By]<UL><LI><a href="#[99]">&gt;&gt;</a>&nbsp;&nbsp;&nbsp;ConfigLamp
</UL>

<P><STRONG><a name="[13e]"></a>InitProcKeyOne</STRONG> (Thumb, 2 bytes, Stack size 0 bytes, prockeyone.o(i.InitProcKeyOne))
<BR><BR>[Called By]<UL><LI><a href="#[13d]">&gt;&gt;</a>&nbsp;&nbsp;&nbsp;InitSoftware
</UL>

<P><STRONG><a name="[101]"></a>InitProcString</STRONG> (Thumb, 20 bytes, Stack size 0 bytes, procstring.o(i.InitProcString))
<BR><BR>[Called By]<UL><LI><a href="#[100]">&gt;&gt;</a>&nbsp;&nbsp;&nbsp;InitDbgAsst
</UL>

<P><STRONG><a name="[10a]"></a>InitRCC</STRONG> (Thumb, 8 bytes, Stack size 8 bytes, rcc.o(i.InitRCC))
<BR><BR>[Stack]<UL><LI>Max Depth = 40<LI>Call Chain = InitRCC &rArr; ConfigRCC &rArr; RCC_WaitForHSEStartUp &rArr; RCC_GetFlagStatus
</UL>
<BR>[Calls]<UL><LI><a href="#[a1]">&gt;&gt;</a>&nbsp;&nbsp;&nbsp;ConfigRCC
</UL>
<BR>[Called By]<UL><LI><a href="#[109]">&gt;&gt;</a>&nbsp;&nbsp;&nbsp;InitHardware
</UL>

<P><STRONG><a name="[111]"></a>InitRTC</STRONG> (Thumb, 190 bytes, Stack size 16 bytes, rtc.o(i.InitRTC))
<BR><BR>[Stack]<UL><LI>Max Depth = 88<LI>Call Chain = InitRTC &rArr; SetRTC &rArr; Calendar2Sec
</UL>
<BR>[Calls]<UL><LI><a href="#[e8]">&gt;&gt;</a>&nbsp;&nbsp;&nbsp;DelayNms
<LI><a href="#[17]">&gt;&gt;</a>&nbsp;&nbsp;&nbsp;SetRTC
<LI><a href="#[129]">&gt;&gt;</a>&nbsp;&nbsp;&nbsp;RTC_WaitForSynchro
<LI><a href="#[128]">&gt;&gt;</a>&nbsp;&nbsp;&nbsp;RTC_WaitForLastTask
<LI><a href="#[12c]">&gt;&gt;</a>&nbsp;&nbsp;&nbsp;RTC_SetPrescaler
<LI><a href="#[12a]">&gt;&gt;</a>&nbsp;&nbsp;&nbsp;RTC_ITConfig
<LI><a href="#[12d]">&gt;&gt;</a>&nbsp;&nbsp;&nbsp;RTC_ExitConfigMode
<LI><a href="#[12b]">&gt;&gt;</a>&nbsp;&nbsp;&nbsp;RTC_EnterConfigMode
<LI><a href="#[126]">&gt;&gt;</a>&nbsp;&nbsp;&nbsp;RCC_RTCCLKConfig
<LI><a href="#[127]">&gt;&gt;</a>&nbsp;&nbsp;&nbsp;RCC_RTCCLKCmd
<LI><a href="#[125]">&gt;&gt;</a>&nbsp;&nbsp;&nbsp;RCC_LSEConfig
<LI><a href="#[124]">&gt;&gt;</a>&nbsp;&nbsp;&nbsp;PWR_BackupAccessCmd
<LI><a href="#[12e]">&gt;&gt;</a>&nbsp;&nbsp;&nbsp;BKP_WriteBackupRegister
<LI><a href="#[123]">&gt;&gt;</a>&nbsp;&nbsp;&nbsp;BKP_ReadBackupRegister
<LI><a href="#[88]">&gt;&gt;</a>&nbsp;&nbsp;&nbsp;BKP_DeInit
<LI><a href="#[f3]">&gt;&gt;</a>&nbsp;&nbsp;&nbsp;GetRTC
<LI><a href="#[af]">&gt;&gt;</a>&nbsp;&nbsp;&nbsp;ConfigRTCNVIC
<LI><a href="#[b7]">&gt;&gt;</a>&nbsp;&nbsp;&nbsp;RCC_APB1PeriphClockCmd
<LI><a href="#[ac]">&gt;&gt;</a>&nbsp;&nbsp;&nbsp;RCC_GetFlagStatus
</UL>
<BR>[Called By]<UL><LI><a href="#[109]">&gt;&gt;</a>&nbsp;&nbsp;&nbsp;InitHardware
</UL>

<P><STRONG><a name="[12f]"></a>InitSD</STRONG> (Thumb, 250 bytes, Stack size 24 bytes, sdio.o(i.InitSD))
<BR><BR>[Stack]<UL><LI>Max Depth = 112<LI>Call Chain = InitSD &rArr; EnableSDWideBusOperation &rArr; SDEnWideBus &rArr; FindSCR &rArr; CmdResp1Error
</UL>
<BR>[Calls]<UL><LI><a href="#[130]">&gt;&gt;</a>&nbsp;&nbsp;&nbsp;SDIO_DeInit
<LI><a href="#[b2]">&gt;&gt;</a>&nbsp;&nbsp;&nbsp;RCC_AHBPeriphClockCmd
<LI><a href="#[b0]">&gt;&gt;</a>&nbsp;&nbsp;&nbsp;NVIC_Init
<LI><a href="#[135]">&gt;&gt;</a>&nbsp;&nbsp;&nbsp;SetSDIOClock
<LI><a href="#[136]">&gt;&gt;</a>&nbsp;&nbsp;&nbsp;SetSDDeviceMode
<LI><a href="#[134]">&gt;&gt;</a>&nbsp;&nbsp;&nbsp;SelectSDDeselect
<LI><a href="#[131]">&gt;&gt;</a>&nbsp;&nbsp;&nbsp;SD_PowerON
<LI><a href="#[132]">&gt;&gt;</a>&nbsp;&nbsp;&nbsp;InitializeSDCards
<LI><a href="#[133]">&gt;&gt;</a>&nbsp;&nbsp;&nbsp;GetSDCardInfo
<LI><a href="#[d3]">&gt;&gt;</a>&nbsp;&nbsp;&nbsp;EnableSDWideBusOperation
<LI><a href="#[95]">&gt;&gt;</a>&nbsp;&nbsp;&nbsp;RCC_APB2PeriphClockCmd
<LI><a href="#[96]">&gt;&gt;</a>&nbsp;&nbsp;&nbsp;GPIO_Init
<LI><a href="#[cc]">&gt;&gt;</a>&nbsp;&nbsp;&nbsp;__2printf
</UL>
<BR>[Called By]<UL><LI><a href="#[1bc]">&gt;&gt;</a>&nbsp;&nbsp;&nbsp;WriteSDMultiBlocks
<LI><a href="#[1b9]">&gt;&gt;</a>&nbsp;&nbsp;&nbsp;WriteSDBlock
<LI><a href="#[1e1]">&gt;&gt;</a>&nbsp;&nbsp;&nbsp;disk_write
<LI><a href="#[1e0]">&gt;&gt;</a>&nbsp;&nbsp;&nbsp;disk_read
<LI><a href="#[1de]">&gt;&gt;</a>&nbsp;&nbsp;&nbsp;disk_initialize
</UL>

<P><STRONG><a name="[137]"></a>InitSPI1</STRONG> (Thumb, 196 bytes, Stack size 32 bytes, spi1.o(i.InitSPI1))
<BR><BR>[Stack]<UL><LI>Max Depth = 56<LI>Call Chain = InitSPI1 &rArr; GPIO_Init
</UL>
<BR>[Calls]<UL><LI><a href="#[95]">&gt;&gt;</a>&nbsp;&nbsp;&nbsp;RCC_APB2PeriphClockCmd
<LI><a href="#[96]">&gt;&gt;</a>&nbsp;&nbsp;&nbsp;GPIO_Init
<LI><a href="#[9e]">&gt;&gt;</a>&nbsp;&nbsp;&nbsp;GPIO_SetBits
<LI><a href="#[138]">&gt;&gt;</a>&nbsp;&nbsp;&nbsp;SPI_Init
<LI><a href="#[139]">&gt;&gt;</a>&nbsp;&nbsp;&nbsp;SPI_Cmd
<LI><a href="#[13a]">&gt;&gt;</a>&nbsp;&nbsp;&nbsp;SPI1ReadWriteByte
</UL>
<BR>[Called By]<UL><LI><a href="#[116]">&gt;&gt;</a>&nbsp;&nbsp;&nbsp;VS_Init
</UL>

<P><STRONG><a name="[13b]"></a>InitSPI2</STRONG> (Thumb, 208 bytes, Stack size 32 bytes, spi2.o(i.InitSPI2))
<BR><BR>[Stack]<UL><LI>Max Depth = 56<LI>Call Chain = InitSPI2 &rArr; GPIO_Init
</UL>
<BR>[Calls]<UL><LI><a href="#[95]">&gt;&gt;</a>&nbsp;&nbsp;&nbsp;RCC_APB2PeriphClockCmd
<LI><a href="#[96]">&gt;&gt;</a>&nbsp;&nbsp;&nbsp;GPIO_Init
<LI><a href="#[13c]">&gt;&gt;</a>&nbsp;&nbsp;&nbsp;SPI2ReadWriteByte
<LI><a href="#[9e]">&gt;&gt;</a>&nbsp;&nbsp;&nbsp;GPIO_SetBits
<LI><a href="#[138]">&gt;&gt;</a>&nbsp;&nbsp;&nbsp;SPI_Init
<LI><a href="#[139]">&gt;&gt;</a>&nbsp;&nbsp;&nbsp;SPI_Cmd
<LI><a href="#[b7]">&gt;&gt;</a>&nbsp;&nbsp;&nbsp;RCC_APB1PeriphClockCmd
</UL>
<BR>[Called By]<UL><LI><a href="#[108]">&gt;&gt;</a>&nbsp;&nbsp;&nbsp;InitW25Qxx
</UL>

<P><STRONG><a name="[10f]"></a>InitSysTick</STRONG> (Thumb, 92 bytes, Stack size 12 bytes, systick.o(i.InitSysTick))
<BR><BR>[Stack]<UL><LI>Max Depth = 12<LI>Call Chain = InitSysTick
</UL>
<BR>[Called By]<UL><LI><a href="#[109]">&gt;&gt;</a>&nbsp;&nbsp;&nbsp;InitHardware
</UL>

<P><STRONG><a name="[10d]"></a>InitTimer</STRONG> (Thumb, 36 bytes, Stack size 8 bytes, timer.o(i.InitTimer))
<BR><BR>[Stack]<UL><LI>Max Depth = 56<LI>Call Chain = InitTimer &rArr; ConfigTimer5 &rArr; NVIC_Init
</UL>
<BR>[Calls]<UL><LI><a href="#[bc]">&gt;&gt;</a>&nbsp;&nbsp;&nbsp;ConfigTimer5
<LI><a href="#[bb]">&gt;&gt;</a>&nbsp;&nbsp;&nbsp;ConfigTimer4
<LI><a href="#[b6]">&gt;&gt;</a>&nbsp;&nbsp;&nbsp;ConfigTimer2
</UL>
<BR>[Called By]<UL><LI><a href="#[109]">&gt;&gt;</a>&nbsp;&nbsp;&nbsp;InitHardware
</UL>

<P><STRONG><a name="[113]"></a>InitTouchKey</STRONG> (Thumb, 8 bytes, Stack size 8 bytes, touchkey.o(i.InitTouchKey))
<BR><BR>[Stack]<UL><LI>Max Depth = 56<LI>Call Chain = InitTouchKey &rArr; ConfigTouchKey &rArr; GPIO_Init
</UL>
<BR>[Calls]<UL><LI><a href="#[bd]">&gt;&gt;</a>&nbsp;&nbsp;&nbsp;ConfigTouchKey
</UL>
<BR>[Called By]<UL><LI><a href="#[109]">&gt;&gt;</a>&nbsp;&nbsp;&nbsp;InitHardware
</UL>

<P><STRONG><a name="[10c]"></a>InitUART</STRONG> (Thumb, 12 bytes, Stack size 8 bytes, uart.o(i.InitUART))
<BR><BR>[Stack]<UL><LI>Max Depth = 108<LI>Call Chain = InitUART &rArr; ConfigUART &rArr; USART_Init &rArr; RCC_GetClocksFreq
</UL>
<BR>[Calls]<UL><LI><a href="#[141]">&gt;&gt;</a>&nbsp;&nbsp;&nbsp;InitUARTBuf
<LI><a href="#[c0]">&gt;&gt;</a>&nbsp;&nbsp;&nbsp;ConfigUART
</UL>
<BR>[Called By]<UL><LI><a href="#[109]">&gt;&gt;</a>&nbsp;&nbsp;&nbsp;InitHardware
</UL>

<P><STRONG><a name="[117]"></a>InitUART2</STRONG> (Thumb, 12 bytes, Stack size 8 bytes, uart2.o(i.InitUART2))
<BR><BR>[Stack]<UL><LI>Max Depth = 108<LI>Call Chain = InitUART2 &rArr; ConfigUART2 &rArr; USART_Init &rArr; RCC_GetClocksFreq
</UL>
<BR>[Calls]<UL><LI><a href="#[142]">&gt;&gt;</a>&nbsp;&nbsp;&nbsp;InitUART2Buf
<LI><a href="#[c5]">&gt;&gt;</a>&nbsp;&nbsp;&nbsp;ConfigUART2
</UL>
<BR>[Called By]<UL><LI><a href="#[109]">&gt;&gt;</a>&nbsp;&nbsp;&nbsp;InitHardware
</UL>

<P><STRONG><a name="[143]"></a>InitUI</STRONG> (Thumb, 64 bytes, Stack size 16 bytes, ui.o(i.InitUI))
<BR><BR>[Stack]<UL><LI>Max Depth = 256<LI>Call Chain = InitUI &rArr; Show_Str &rArr; Show_Font &rArr; Get_HzMat &rArr; W25QxxRead &rArr; SPI2ReadWriteByte
</UL>
<BR>[Calls]<UL><LI><a href="#[84]">&gt;&gt;</a>&nbsp;&nbsp;&nbsp;OLEDRefreshGRAM
<LI><a href="#[e8]">&gt;&gt;</a>&nbsp;&nbsp;&nbsp;DelayNms
<LI><a href="#[144]">&gt;&gt;</a>&nbsp;&nbsp;&nbsp;Show_Str
</UL>
<BR>[Called By]<UL><LI><a href="#[5f]">&gt;&gt;</a>&nbsp;&nbsp;&nbsp;main
</UL>

<P><STRONG><a name="[108]"></a>InitW25Qxx</STRONG> (Thumb, 60 bytes, Stack size 8 bytes, w25qxx.o(i.InitW25Qxx))
[...]
<BR><BR>[Stack]<UL><LI>Max Depth = 24<LI>Call Chain = W25QxxWriteEnable &rArr; SPI2ReadWriteByte
</UL>
<BR>[Calls]<UL><LI><a href="#[13c]">&gt;&gt;</a>&nbsp;&nbsp;&nbsp;SPI2ReadWriteByte
<LI><a href="#[9e]">&gt;&gt;</a>&nbsp;&nbsp;&nbsp;GPIO_SetBits
<LI><a href="#[152]">&gt;&gt;</a>&nbsp;&nbsp;&nbsp;GPIO_ResetBits
</UL>
<BR>[Called By]<UL><LI><a href="#[1ad]">&gt;&gt;</a>&nbsp;&nbsp;&nbsp;W25QxxEraseSector
<LI><a href="#[1b6]">&gt;&gt;</a>&nbsp;&nbsp;&nbsp;W25QxxWritePage
</UL>

<P><STRONG><a name="[1b5]"></a>W25QxxWriteNoCheck</STRONG> (Thumb, 70 bytes, Stack size 24 bytes, w25qxx.o(i.W25QxxWriteNoCheck))
<BR><BR>[Stack]<UL><LI>Max Depth = 80<LI>Call Chain = W25QxxWriteNoCheck &rArr; W25QxxWritePage &rArr; W25QxxWaitBusy &rArr; W25QxxReadSR &rArr; SPI2ReadWriteByte
</UL>
<BR>[Calls]<UL><LI><a href="#[1b6]">&gt;&gt;</a>&nbsp;&nbsp;&nbsp;W25QxxWritePage
</UL>
<BR>[Called By]<UL><LI><a href="#[1b4]">&gt;&gt;</a>&nbsp;&nbsp;&nbsp;W25QxxWrite
</UL>

<P><STRONG><a name="[1b6]"></a>W25QxxWritePage</STRONG> (Thumb, 88 bytes, Stack size 24 bytes, w25qxx.o(i.W25QxxWritePage))
<BR><BR>[Stack]<UL><LI>Max Depth = 56<LI>Call Chain = W25QxxWritePage &rArr; W25QxxWaitBusy &rArr; W25QxxReadSR &rArr; SPI2ReadWriteByte
</UL>
<BR>[Calls]<UL><LI><a href="#[13c]">&gt;&gt;</a>&nbsp;&nbsp;&nbsp;SPI2ReadWriteByte
<LI><a href="#[9e]">&gt;&gt;</a>&nbsp;&nbsp;&nbsp;GPIO_SetBits
<LI><a href="#[152]">&gt;&gt;</a>&nbsp;&nbsp;&nbsp;GPIO_ResetBits
<LI><a href="#[1ae]">&gt;&gt;</a>&nbsp;&nbsp;&nbsp;W25QxxWriteEnable
<LI><a href="#[1af]">&gt;&gt;</a>&nbsp;&nbsp;&nbsp;W25QxxWaitBusy
</UL>
<BR>[Called By]<UL><LI><a href="#[1b5]">&gt;&gt;</a>&nbsp;&nbsp;&nbsp;W25QxxWriteNoCheck
</UL>

<P><STRONG><a name="[200]"></a>char_upper</STRONG> (Thumb, 26 bytes, Stack size 0 bytes, exfsfun.o(i.char_upper))
<BR><BR>[Called By]<UL><LI><a href="#[1fe]">&gt;&gt;</a>&nbsp;&nbsp;&nbsp;f_typetell
</UL>

<P><STRONG><a name="[ca]"></a>ExeFunc</STRONG> (Thumb, 572 bytes, Stack size 128 bytes, dbgasst.o(i.ExeFunc))
<BR><BR>[Stack]<UL><LI>Max Depth = 200<LI>Call Chain = ExeFunc &rArr; GetFuncName
</UL>
<BR>[Calls]<UL><LI><a href="#[da]">&gt;&gt;</a>&nbsp;&nbsp;&nbsp;ResetDbgAsstTimer
<LI><a href="#[d9]">&gt;&gt;</a>&nbsp;&nbsp;&nbsp;GetParaPos
<LI><a href="#[d8]">&gt;&gt;</a>&nbsp;&nbsp;&nbsp;GetFuncName
<LI><a href="#[db]">&gt;&gt;</a>&nbsp;&nbsp;&nbsp;GetDbgAsstTimer
<LI><a href="#[cc]">&gt;&gt;</a>&nbsp;&nbsp;&nbsp;__2printf
</UL>
<BR>[Called By]<UL><LI><a href="#[c6]">&gt;&gt;</a>&nbsp;&nbsp;&nbsp;DbgAsstScan
</UL>

<P><STRONG><a name="[c9]"></a>GetFuncInfo</STRONG> (Thumb, 168 bytes, Stack size 96 bytes, dbgasst.o(i.GetFuncInfo))
<BR><BR>[Stack]<UL><LI>Max Depth = 384<LI>Call Chain = GetFuncInfo &rArr; GetAllFuncPara &rArr; Str2Num &rArr; Power
</UL>
<BR>[Calls]<UL><LI><a href="#[f1]">&gt;&gt;</a>&nbsp;&nbsp;&nbsp;StrCmp
<LI><a href="#[d8]">&gt;&gt;</a>&nbsp;&nbsp;&nbsp;GetFuncName
<LI><a href="#[e9]">&gt;&gt;</a>&nbsp;&nbsp;&nbsp;GetAllFuncPara
</UL>
<BR>[Called By]<UL><LI><a href="#[c6]">&gt;&gt;</a>&nbsp;&nbsp;&nbsp;DbgAsstScan
</UL>

<P><STRONG><a name="[cb]"></a>ProcSysCmd</STRONG> (Thumb, 1546 bytes, Stack size 64 bytes, dbgasst.o(i.ProcSysCmd))
<BR><BR>[Stack]<UL><LI>Max Depth = 136<LI>Call Chain = ProcSysCmd &rArr; GetFuncName
</UL>
<BR>[Calls]<UL><LI><a href="#[f1]">&gt;&gt;</a>&nbsp;&nbsp;&nbsp;StrCmp
<LI><a href="#[eb]">&gt;&gt;</a>&nbsp;&nbsp;&nbsp;Str2Num
<LI><a href="#[d8]">&gt;&gt;</a>&nbsp;&nbsp;&nbsp;GetFuncName
<LI><a href="#[16c]">&gt;&gt;</a>&nbsp;&nbsp;&nbsp;GetCmdName
<LI><a href="#[ea]">&gt;&gt;</a>&nbsp;&nbsp;&nbsp;GetAFuncPara
<LI><a href="#[cc]">&gt;&gt;</a>&nbsp;&nbsp;&nbsp;__2printf
</UL>
<BR>[Called By]<UL><LI><a href="#[c6]">&gt;&gt;</a>&nbsp;&nbsp;&nbsp;DbgAsstScan
</UL>

<P><STRONG><a name="[f2]"></a>GetNextChar</STRONG> (Thumb, 24 bytes, Stack size 0 bytes, procstring.o(i.GetNextChar))
<BR><BR>[Called By]<UL><LI><a href="#[d8]">&gt;&gt;</a>&nbsp;&nbsp;&nbsp;GetFuncName
</UL>

<P><STRONG><a name="[189]"></a>Power</STRONG> (Thumb, 22 bytes, Stack size 8 bytes, procstring.o(i.Power))
<BR><BR>[Stack]<UL><LI>Max Depth = 8<LI>Call Chain = Power
</UL>
<BR>[Called By]<UL><LI><a href="#[eb]">&gt;&gt;</a>&nbsp;&nbsp;&nbsp;Str2Num
</UL>

<P><STRONG><a name="[14d]"></a>CalcPow</STRONG> (Thumb, 22 bytes, Stack size 8 bytes, oled.o(i.CalcPow))
<BR><BR>[Stack]<UL><LI>Max Depth = 8<LI>Call Chain = CalcPow
</UL>
<BR>[Called By]<UL><LI><a href="#[150]">&gt;&gt;</a>&nbsp;&nbsp;&nbsp;OLEDShowNum
<LI><a href="#[14c]">&gt;&gt;</a>&nbsp;&nbsp;&nbsp;OLEDShow0Num
</UL>

<P><STRONG><a name="[9d]"></a>ConfigOLEDGPIO</STRONG> (Thumb, 212 bytes, Stack size 8 bytes, oled.o(i.ConfigOLEDGPIO))
<BR><BR>[Stack]<UL><LI>Max Depth = 32<LI>Call Chain = ConfigOLEDGPIO &rArr; GPIO_Init
</UL>
<BR>[Calls]<UL><LI><a href="#[95]">&gt;&gt;</a>&nbsp;&nbsp;&nbsp;RCC_APB2PeriphClockCmd
<LI><a href="#[96]">&gt;&gt;</a>&nbsp;&nbsp;&nbsp;GPIO_Init
<LI><a href="#[9e]">&gt;&gt;</a>&nbsp;&nbsp;&nbsp;GPIO_SetBits
</UL>
<BR>[Called By]<UL><LI><a href="#[115]">&gt;&gt;</a>&nbsp;&nbsp;&nbsp;InitOLED
</UL>

<P><STRONG><a name="[9f]"></a>ConfigOLEDReg</STRONG> (Thumb, 204 bytes, Stack size 8 bytes, oled.o(i.ConfigOLEDReg))
<BR><BR>[Stack]<UL><LI>Max Depth = 24<LI>Call Chain = ConfigOLEDReg &rArr; OLEDWriteByte
</UL>
<BR>[Calls]<UL><LI><a href="#[a0]">&gt;&gt;</a>&nbsp;&nbsp;&nbsp;OLEDWriteByte
</UL>
<BR>[Called By]<UL><LI><a href="#[115]">&gt;&gt;</a>&nbsp;&nbsp;&nbsp;InitOLED
</UL>

<P><STRONG><a name="[a0]"></a>OLEDWriteByte</STRONG> (Thumb, 112 bytes, Stack size 16 bytes, oled.o(i.OLEDWriteByte))
<BR><BR>[Stack]<UL><LI>Max Depth = 16<LI>Call Chain = OLEDWriteByte
</UL>
<BR>[Calls]<UL><LI><a href="#[9e]">&gt;&gt;</a>&nbsp;&nbsp;&nbsp;GPIO_SetBits
<LI><a href="#[152]">&gt;&gt;</a>&nbsp;&nbsp;&nbsp;GPIO_ResetBits
</UL>
<BR>[Called By]<UL><LI><a href="#[84]">&gt;&gt;</a>&nbsp;&nbsp;&nbsp;OLEDRefreshGRAM
<LI><a href="#[9f]">&gt;&gt;</a>&nbsp;&nbsp;&nbsp;ConfigOLEDReg
</UL>

<P><STRONG><a name="[99]"></a>ConfigLamp</STRONG> (Thumb, 14 bytes, Stack size 8 bytes, lamp.o(i.ConfigLamp))
<BR><BR>[Stack]<UL><LI>Max Depth = 80<LI>Call Chain = ConfigLamp &rArr; InitPWM &rArr; GPIO_Init
</UL>
<BR>[Calls]<UL><LI><a href="#[9a]">&gt;&gt;</a>&nbsp;&nbsp;&nbsp;InitPWM
</UL>
<BR>[Called By]<UL><LI><a href="#[114]">&gt;&gt;</a>&nbsp;&nbsp;&nbsp;InitLamp
</UL>

<P><STRONG><a name="[bd]"></a>ConfigTouchKey</STRONG> (Thumb, 96 bytes, Stack size 24 bytes, touchkey.o(i.ConfigTouchKey))
<BR><BR>[Stack]<UL><LI>Max Depth = 48<LI>Call Chain = ConfigTouchKey &rArr; GPIO_Init
</UL>
<BR>[Calls]<UL><LI><a href="#[b0]">&gt;&gt;</a>&nbsp;&nbsp;&nbsp;NVIC_Init
<LI><a href="#[95]">&gt;&gt;</a>&nbsp;&nbsp;&nbsp;RCC_APB2PeriphClockCmd
<LI><a href="#[96]">&gt;&gt;</a>&nbsp;&nbsp;&nbsp;GPIO_Init
<LI><a href="#[be]">&gt;&gt;</a>&nbsp;&nbsp;&nbsp;GPIO_EXTILineConfig
<LI><a href="#[bf]">&gt;&gt;</a>&nbsp;&nbsp;&nbsp;EXTI_Init
</UL>
<BR>[Called By]<UL><LI><a href="#[113]">&gt;&gt;</a>&nbsp;&nbsp;&nbsp;InitTouchKey
</UL>

<P><STRONG><a name="[94]"></a>ConfigKeyOneGPIO</STRONG> (Thumb, 138 bytes, Stack size 8 bytes, keyone.o(i.ConfigKeyOneGPIO))
<BR><BR>[Stack]<UL><LI>Max Depth = 32<LI>Call Chain = ConfigKeyOneGPIO &rArr; GPIO_Init
</UL>
<BR>[Calls]<UL><LI><a href="#[95]">&gt;&gt;</a>&nbsp;&nbsp;&nbsp;RCC_APB2PeriphClockCmd
<LI><a href="#[96]">&gt;&gt;</a>&nbsp;&nbsp;&nbsp;GPIO_Init
</UL>
<BR>[Called By]<UL><LI><a href="#[112]">&gt;&gt;</a>&nbsp;&nbsp;&nbsp;InitKeyOne
</UL>

<P><STRONG><a name="[a1]"></a>ConfigRCC</STRONG> (Thumb, 100 bytes, Stack size 8 bytes, rcc.o(i.ConfigRCC))
<BR><BR>[Stack]<UL><LI>Max Depth = 32<LI>Call Chain = ConfigRCC &rArr; RCC_WaitForHSEStartUp &rArr; RCC_GetFlagStatus
</UL>
<BR>[Calls]<UL><LI><a href="#[a4]">&gt;&gt;</a>&nbsp;&nbsp;&nbsp;RCC_WaitForHSEStartUp
<LI><a href="#[ad]">&gt;&gt;</a>&nbsp;&nbsp;&nbsp;RCC_SYSCLKConfig
<LI><a href="#[aa]">&gt;&gt;</a>&nbsp;&nbsp;&nbsp;RCC_PLLConfig
<LI><a href="#[ab]">&gt;&gt;</a>&nbsp;&nbsp;&nbsp;RCC_PLLCmd
<LI><a href="#[a8]">&gt;&gt;</a>&nbsp;&nbsp;&nbsp;RCC_PCLK2Config
<LI><a href="#[a9]">&gt;&gt;</a>&nbsp;&nbsp;&nbsp;RCC_PCLK1Config
<LI><a href="#[a3]">&gt;&gt;</a>&nbsp;&nbsp;&nbsp;RCC_HSEConfig
<LI><a href="#[a7]">&gt;&gt;</a>&nbsp;&nbsp;&nbsp;RCC_HCLKConfig
<LI><a href="#[ae]">&gt;&gt;</a>&nbsp;&nbsp;&nbsp;RCC_GetSYSCLKSource
<LI><a href="#[ac]">&gt;&gt;</a>&nbsp;&nbsp;&nbsp;RCC_GetFlagStatus
<LI><a href="#[a2]">&gt;&gt;</a>&nbsp;&nbsp;&nbsp;RCC_DeInit
<LI><a href="#[a6]">&gt;&gt;</a>&nbsp;&nbsp;&nbsp;FLASH_SetLatency
<LI><a href="#[a5]">&gt;&gt;</a>&nbsp;&nbsp;&nbsp;FLASH_PrefetchBufferCmd
</UL>
<BR>[Called By]<UL><LI><a href="#[10a]">&gt;&gt;</a>&nbsp;&nbsp;&nbsp;InitRCC
</UL>

<P><STRONG><a name="[b6]"></a>ConfigTimer2</STRONG> (Thumb, 80 bytes, Stack size 32 bytes, timer.o(i.ConfigTimer2))
<BR><BR>[Stack]<UL><LI>Max Depth = 48<LI>Call Chain = ConfigTimer2 &rArr; NVIC_Init
</UL>
<BR>[Calls]<UL><LI><a href="#[b0]">&gt;&gt;</a>&nbsp;&nbsp;&nbsp;NVIC_Init
<LI><a href="#[b8]">&gt;&gt;</a>&nbsp;&nbsp;&nbsp;TIM_TimeBaseInit
<LI><a href="#[b9]">&gt;&gt;</a>&nbsp;&nbsp;&nbsp;TIM_ITConfig
<LI><a href="#[ba]">&gt;&gt;</a>&nbsp;&nbsp;&nbsp;TIM_Cmd
<LI><a href="#[b7]">&gt;&gt;</a>&nbsp;&nbsp;&nbsp;RCC_APB1PeriphClockCmd
</UL>
<BR>[Called By]<UL><LI><a href="#[10d]">&gt;&gt;</a>&nbsp;&nbsp;&nbsp;InitTimer
</UL>

<P><STRONG><a name="[bb]"></a>ConfigTimer4</STRONG> (Thumb, 78 bytes, Stack size 32 bytes, timer.o(i.ConfigTimer4))
<BR><BR>[Stack]<UL><LI>Max Depth = 48<LI>Call Chain = ConfigTimer4 &rArr; NVIC_Init
</UL>
<BR>[Calls]<UL><LI><a href="#[b0]">&gt;&gt;</a>&nbsp;&nbsp;&nbsp;NVIC_Init
<LI><a href="#[b8]">&gt;&gt;</a>&nbsp;&nbsp;&nbsp;TIM_TimeBaseInit
<LI><a href="#[b9]">&gt;&gt;</a>&nbsp;&nbsp;&nbsp;TIM_ITConfig
<LI><a href="#[ba]">&gt;&gt;</a>&nbsp;&nbsp;&nbsp;TIM_Cmd
<LI><a href="#[b7]">&gt;&gt;</a>&nbsp;&nbsp;&nbsp;RCC_APB1PeriphClockCmd
</UL>
<BR>[Called By]<UL><LI><a href="#[10d]">&gt;&gt;</a>&nbsp;&nbsp;&nbsp;InitTimer
</UL>

<P><STRONG><a name="[bc]"></a>ConfigTimer5</STRONG> (Thumb, 78 bytes, Stack size 32 bytes, timer.o(i.ConfigTimer5))
<BR><BR>[Stack]<UL><LI>Max Depth = 48<LI>Call Chain = ConfigTimer5 &rArr; NVIC_Init
</UL>
<BR>[Calls]<UL><LI><a href="#[b0]">&gt;&gt;</a>&nbsp;&nbsp;&nbsp;NVIC_Init
<LI><a href="#[b8]">&gt;&gt;</a>&nbsp;&nbsp;&nbsp;TIM_TimeBaseInit
<LI><a href="#[b9]">&gt;&gt;</a>&nbsp;&nbsp;&nbsp;TIM_ITConfig
<LI><a href="#[ba]">&gt;&gt;</a>&nbsp;&nbsp;&nbsp;TIM_Cmd
<LI><a href="#[b7]">&gt;&gt;</a>&nbsp;&nbsp;&nbsp;RCC_APB1PeriphClockCmd
</UL>
<BR>[Called By]<UL><LI><a href="#[10d]">&gt;&gt;</a>&nbsp;&nbsp;&nbsp;InitTimer
</UL>

<P><STRONG><a name="[c0]"></a>ConfigUART</STRONG> (Thumb, 182 bytes, Stack size 32 bytes, uart.o(i.ConfigUART))
<BR><BR>[Stack]<UL><LI>Max Depth = 100<LI>Call Chain = ConfigUART &rArr; USART_Init &rArr; RCC_GetClocksFreq
</UL>
<BR>[Calls]<UL><LI><a href="#[b0]">&gt;&gt;</a>&nbsp;&nbsp;&nbsp;NVIC_Init
<LI><a href="#[95]">&gt;&gt;</a>&nbsp;&nbsp;&nbsp;RCC_APB2PeriphClockCmd
<LI><a href="#[96]">&gt;&gt;</a>&nbsp;&nbsp;&nbsp;GPIO_Init
<LI><a href="#[c1]">&gt;&gt;</a>&nbsp;&nbsp;&nbsp;USART_StructInit
<LI><a href="#[c2]">&gt;&gt;</a>&nbsp;&nbsp;&nbsp;USART_Init
<LI><a href="#[c3]">&gt;&gt;</a>&nbsp;&nbsp;&nbsp;USART_ITConfig
<LI><a href="#[c4]">&gt;&gt;</a>&nbsp;&nbsp;&nbsp;USART_Cmd
</UL>
<BR>[Called By]<UL><LI><a href="#[10c]">&gt;&gt;</a>&nbsp;&nbsp;&nbsp;InitUART
</UL>

<P><STRONG><a name="[141]"></a>InitUARTBuf</STRONG> (Thumb, 32 bytes, Stack size 0 bytes, uart.o(i.InitUARTBuf))
<BR><BR>[Called By]<UL><LI><a href="#[10c]">&gt;&gt;</a>&nbsp;&nbsp;&nbsp;InitUART
</UL>

<P><STRONG><a name="[190]"></a>NVIC_ClearPendingIRQ</STRONG> (Thumb, 18 bytes, Stack size 0 bytes, uart.o(i.NVIC_ClearPendingIRQ))
<BR><BR>[Called By]<UL><LI><a href="#[48]">&gt;&gt;</a>&nbsp;&nbsp;&nbsp;USART1_IRQHandler
</UL>

<P><STRONG><a name="[195]"></a>ReadSendBuf</STRONG> (Thumb, 72 bytes, Stack size 0 bytes, uart.o(i.ReadSendBuf))
<BR><BR>[Called By]<UL><LI><a href="#[48]">&gt;&gt;</a>&nbsp;&nbsp;&nbsp;USART1_IRQHandler
</UL>

<P><STRONG><a name="[183]"></a>SendCharUsedByFputc</STRONG> (Thumb, 28 bytes, Stack size 8 bytes, uart.o(i.SendCharUsedByFputc))
<BR><BR>[Stack]<UL><LI>Max Depth = 8<LI>Call Chain = SendCharUsedByFputc
</UL>
<BR>[Calls]<UL><LI><a href="#[184]">&gt;&gt;</a>&nbsp;&nbsp;&nbsp;USART_SendData
<LI><a href="#[185]">&gt;&gt;</a>&nbsp;&nbsp;&nbsp;USART_GetFlagStatus
</UL>
<BR>[Called By]<UL><LI><a href="#[68]">&gt;&gt;</a>&nbsp;&nbsp;&nbsp;fputc
</UL>

<P><STRONG><a name="[192]"></a>WriteReceiveBuf</STRONG> (Thumb, 70 bytes, Stack size 0 bytes, uart.o(i.WriteReceiveBuf))
<BR><BR>[Called By]<UL><LI><a href="#[48]">&gt;&gt;</a>&nbsp;&nbsp;&nbsp;USART1_IRQHandler
</UL>

<P><STRONG><a name="[8a]"></a>Calendar2Sec</STRONG> (Thumb, 156 bytes, Stack size 32 bytes, rtc.o(i.Calendar2Sec))
<BR><BR>[Stack]<UL><LI>Max Depth = 32<LI>Call Chain = Calendar2Sec
</UL>
<BR>[Calls]<UL><LI><a href="#[8b]">&gt;&gt;</a>&nbsp;&nbsp;&nbsp;JudgeLeapYear
</UL>
<BR>[Called By]<UL><LI><a href="#[17]">&gt;&gt;</a>&nbsp;&nbsp;&nbsp;SetRTC
<LI><a href="#[18]">&gt;&gt;</a>&nbsp;&nbsp;&nbsp;SetAlarm
</UL>

<P><STRONG><a name="[af]"></a>ConfigRTCNVIC</STRONG> (Thumb, 32 bytes, Stack size 8 bytes, rtc.o(i.ConfigRTCNVIC))
<BR><BR>[Stack]<UL><LI>Max Depth = 24<LI>Call Chain = ConfigRTCNVIC &rArr; NVIC_Init
</UL>
<BR>[Calls]<UL><LI><a href="#[b0]">&gt;&gt;</a>&nbsp;&nbsp;&nbsp;NVIC_Init
</UL>
<BR>[Called By]<UL><LI><a href="#[111]">&gt;&gt;</a>&nbsp;&nbsp;&nbsp;InitRTC
</UL>

<P><STRONG><a name="[146]"></a>SysStandby</STRONG> (Thumb, 26 bytes, Stack size 8 bytes, wakeup.o(i.SysStandby))
<BR><BR>[Stack]<UL><LI>Max Depth = 56<LI>Call Chain = SysStandby &rArr; OLEDClear &rArr; OLEDRefreshGRAM &rArr; OLEDWriteByte
</UL>
<BR>[Calls]<UL><LI><a href="#[b7]">&gt;&gt;</a>&nbsp;&nbsp;&nbsp;RCC_APB1PeriphClockCmd
<LI><a href="#[82]">&gt;&gt;</a>&nbsp;&nbsp;&nbsp;OLEDClear
<LI><a href="#[18a]">&gt;&gt;</a>&nbsp;&nbsp;&nbsp;PWR_WakeUpPinCmd
<LI><a href="#[18b]">&gt;&gt;</a>&nbsp;&nbsp;&nbsp;PWR_EnterSTANDBYMode
</UL>
<BR>[Called By]<UL><LI><a href="#[110]">&gt;&gt;</a>&nbsp;&nbsp;&nbsp;InitWakeUp
<LI><a href="#[d0]">&gt;&gt;</a>&nbsp;&nbsp;&nbsp;SysEnterStandby
</UL>

<P><STRONG><a name="[e2]"></a>GetADC</STRONG> (Thumb, 44 bytes, Stack size 8 bytes, adc.o(i.GetADC))
<BR><BR>[Stack]<UL><LI>Max Depth = 28<LI>Call Chain = GetADC &rArr; ADC_RegularChannelConfig
</UL>
<BR>[Calls]<UL><LI><a href="#[e4]">&gt;&gt;</a>&nbsp;&nbsp;&nbsp;ADC_SoftwareStartConvCmd
<LI><a href="#[e3]">&gt;&gt;</a>&nbsp;&nbsp;&nbsp;ADC_RegularChannelConfig
<LI><a href="#[e5]">&gt;&gt;</a>&nbsp;&nbsp;&nbsp;ADC_GetFlagStatus
<LI><a href="#[e6]">&gt;&gt;</a>&nbsp;&nbsp;&nbsp;ADC_GetConversionValue
</UL>
<BR>[Called By]<UL><LI><a href="#[e7]">&gt;&gt;</a>&nbsp;&nbsp;&nbsp;GetADCAverage
</UL>

<P><STRONG><a name="[c5]"></a>ConfigUART2</STRONG> (Thumb, 178 bytes, Stack size 32 bytes, uart2.o(i.ConfigUART2))
<BR><BR>[Stack]<UL><LI>Max Depth = 100<LI>Call Chain = ConfigUART2 &rArr; USART_Init &rArr; RCC_GetClocksFreq
</UL>
<BR>[Calls]<UL><LI><a href="#[b0]">&gt;&gt;</a>&nbsp;&nbsp;&nbsp;NVIC_Init
<LI><a href="#[95]">&gt;&gt;</a>&nbsp;&nbsp;&nbsp;RCC_APB2PeriphClockCmd
<LI><a href="#[96]">&gt;&gt;</a>&nbsp;&nbsp;&nbsp;GPIO_Init
<LI><a href="#[c1]">&gt;&gt;</a>&nbsp;&nbsp;&nbsp;USART_StructInit
<LI><a href="#[c2]">&gt;&gt;</a>&nbsp;&nbsp;&nbsp;USART_Init
<LI><a href="#[c3]">&gt;&gt;</a>&nbsp;&nbsp;&nbsp;USART_ITConfig
<LI><a href="#[c4]">&gt;&gt;</a>&nbsp;&nbsp;&nbsp;USART_Cmd
<LI><a href="#[b7]">&gt;&gt;</a>&nbsp;&nbsp;&nbsp;RCC_APB1PeriphClockCmd
</UL>
<BR>[Called By]<UL><LI><a href="#[117]">&gt;&gt;</a>&nbsp;&nbsp;&nbsp;InitUART2
</UL>

<P><STRONG><a name="[d5]"></a>EnableUARTT2</STRONG> (Thumb, 22 bytes, Stack size 8 bytes, uart2.o(i.EnableUARTT2))
<BR><BR>[Stack]<UL><LI>Max Depth = 28<LI>Call Chain = EnableUARTT2 &rArr; USART_ITConfig
</UL>
<BR>[Calls]<UL><LI><a href="#[c3]">&gt;&gt;</a>&nbsp;&nbsp;&nbsp;USART_ITConfig
</UL>
<BR>[Called By]<UL><LI><a href="#[161]">&gt;&gt;</a>&nbsp;&nbsp;&nbsp;WriteUART2
</UL>

<P><STRONG><a name="[142]"></a>InitUART2Buf</STRONG> (Thumb, 32 bytes, Stack size 0 bytes, uart2.o(i.InitUART2Buf))
<BR><BR>[Called By]<UL><LI><a href="#[117]">&gt;&gt;</a>&nbsp;&nbsp;&nbsp;InitUART2
</UL>

<P><STRONG><a name="[196]"></a>NVIC_ClearPendingIRQ</STRONG> (Thumb, 18 bytes, Stack size 0 bytes, uart2.o(i.NVIC_ClearPendingIRQ))
<BR><BR>[Called By]<UL><LI><a href="#[49]">&gt;&gt;</a>&nbsp;&nbsp;&nbsp;USART2_IRQHandler
</UL>

<P><STRONG><a name="[198]"></a>ReadSendBuf2</STRONG> (Thumb, 72 bytes, Stack size 0 bytes, uart2.o(i.ReadSendBuf2))
<BR><BR>[Called By]<UL><LI><a href="#[49]">&gt;&gt;</a>&nbsp;&nbsp;&nbsp;USART2_IRQHandler
</UL>

<P><STRONG><a name="[197]"></a>WriteReceiveBuf2</STRONG> (Thumb, 70 bytes, Stack size 0 bytes, uart2.o(i.WriteReceiveBuf2))
<BR><BR>[Called By]<UL><LI><a href="#[49]">&gt;&gt;</a>&nbsp;&nbsp;&nbsp;USART2_IRQHandler
</UL>

<P><STRONG><a name="[d7]"></a>ChrtoDec</STRONG> (Thumb, 50 bytes, Stack size 0 bytes, execode.o(i.ChrtoDec))
<BR><BR>[Called By]<UL><LI><a href="#[d6]">&gt;&gt;</a>&nbsp;&nbsp;&nbsp;ExeBTCode
</UL>

<P><STRONG><a name="[9b]"></a>ConfigNVIC</STRONG> (Thumb, 12 bytes, Stack size 8 bytes, nvic.o(i.ConfigNVIC))
<BR><BR>[Stack]<UL><LI>Max Depth = 8<LI>Call Chain = ConfigNVIC
</UL>
<BR>[Calls]<UL><LI><a href="#[9c]">&gt;&gt;</a>&nbsp;&nbsp;&nbsp;NVIC_PriorityGroupConfig
</UL>
<BR>[Called By]<UL><LI><a href="#[10b]">&gt;&gt;</a>&nbsp;&nbsp;&nbsp;InitNVIC
</UL>

<P><STRONG><a name="[18c]"></a>TimDelayDec</STRONG> (Thumb, 18 bytes, Stack size 0 bytes, systick.o(i.TimDelayDec))
<BR><BR>[Called By]<UL><LI><a href="#[22]">&gt;&gt;</a>&nbsp;&nbsp;&nbsp;SysTick_Handler
</UL>

<P><STRONG><a name="[187]"></a>SetSysClock</STRONG> (Thumb, 8 bytes, Stack size 8 bytes, system_stm32f10x.o(i.SetSysClock))
<BR><BR>[Stack]<UL><LI>Max Depth = 20<LI>Call Chain = SetSysClock &rArr; SetSysClockTo72
</UL>
<BR>[Calls]<UL><LI><a href="#[188]">&gt;&gt;</a>&nbsp;&nbsp;&nbsp;SetSysClockTo72
</UL>
<BR>[Called By]<UL><LI><a href="#[60]">&gt;&gt;</a>&nbsp;&nbsp;&nbsp;SystemInit
</UL>

<P><STRONG><a name="[188]"></a>SetSysClockTo72</STRONG> (Thumb, 214 bytes, Stack size 12 bytes, system_stm32f10x.o(i.SetSysClockTo72))
<BR><BR>[Stack]<UL><LI>Max Depth = 12<LI>Call Chain = SetSysClockTo72
</UL>
<BR>[Called By]<UL><LI><a href="#[187]">&gt;&gt;</a>&nbsp;&nbsp;&nbsp;SetSysClock
</UL>

<P><STRONG><a name="[1bf]"></a>_fp_digits</STRONG> (Thumb, 334 bytes, Stack size 56 bytes, printfa.o(i._fp_digits), UNUSED)
<BR><BR>[Calls]<UL><LI><a href="#[6f]">&gt;&gt;</a>&nbsp;&nbsp;&nbsp;__aeabi_dmul
<LI><a href="#[71]">&gt;&gt;</a>&nbsp;&nbsp;&nbsp;__aeabi_ddiv
<LI><a href="#[79]">&gt;&gt;</a>&nbsp;&nbsp;&nbsp;__aeabi_dadd
<LI><a href="#[7d]">&gt;&gt;</a>&nbsp;&nbsp;&nbsp;__aeabi_d2ulz
<LI><a href="#[1c0]">&gt;&gt;</a>&nbsp;&nbsp;&nbsp;__aeabi_cdrcmple
<LI><a href="#[6c]">&gt;&gt;</a>&nbsp;&nbsp;&nbsp;__aeabi_uldivmod
</UL>
<BR>[Called By]<UL><LI><a href="#[1be]">&gt;&gt;</a>&nbsp;&nbsp;&nbsp;_printf_core
</UL>

<P><STRONG><a name="[1be]"></a>_printf_core</STRONG> (Thumb, 1744 bytes, Stack size 136 bytes, printfa.o(i._printf_core), UNUSED)
<BR><BR>[Calls]<UL><LI><a href="#[1c1]">&gt;&gt;</a>&nbsp;&nbsp;&nbsp;_printf_pre_padding
<LI><a href="#[1c2]">&gt;&gt;</a>&nbsp;&nbsp;&nbsp;_printf_post_padding
<LI><a href="#[1bf]">&gt;&gt;</a>&nbsp;&nbsp;&nbsp;_fp_digits
<LI><a href="#[6c]">&gt;&gt;</a>&nbsp;&nbsp;&nbsp;__aeabi_uldivmod
<LI><a href="#[1c3]">&gt;&gt;</a>&nbsp;&nbsp;&nbsp;__aeabi_uidivmod
</UL>
<BR>[Called By]<UL><LI><a href="#[1bd]">&gt;&gt;</a>&nbsp;&nbsp;&nbsp;__0printf
</UL>

<P><STRONG><a name="[1c2]"></a>_printf_post_padding</STRONG> (Thumb, 36 bytes, Stack size 24 bytes, printfa.o(i._printf_post_padding), UNUSED)
<BR><BR>[Called By]<UL><LI><a href="#[1be]">&gt;&gt;</a>&nbsp;&nbsp;&nbsp;_printf_core
</UL>

<P><STRONG><a name="[1c1]"></a>_printf_pre_padding</STRONG> (Thumb, 46 bytes, Stack size 24 bytes, printfa.o(i._printf_pre_padding), UNUSED)
<BR><BR>[Called By]<UL><LI><a href="#[1be]">&gt;&gt;</a>&nbsp;&nbsp;&nbsp;_printf_core
</UL>
<P>
<H3>
Undefined Global Symbols
</H3><HR></body></html>
