<html>
<body>
<pre>
<h1>礦ision Build Log</h1>
<h2>Tool Versions:</h2>
IDE-Version: μVision V5.20.0.0
Copyright (C) 2016 ARM Ltd and ARM Germany GmbH. All rights reserved.
License Information: szu Microsoft, Microsoft, LIC=LJWGK-ZDQJ5-VI55N-YRMS9-8HHE1-B58PW
 
Tool Versions:
Toolchain:       MDK-ARM Professional  Version: 5.20
Toolchain Path:  C:\Keil_v5\ARM\ARMCC\Bin
C Compiler:      Armcc.exe V5.06 update 2 (build 183)
Assembler:       Armasm.exe V5.06 update 2 (build 183)
Linker/Locator:  ArmLink.exe V5.06 update 2 (build 183)
Library Manager: ArmAr.exe V5.06 update 2 (build 183)
Hex Converter:   FromElf.exe V5.06 update 2 (build 183)
CPU DLL:         SARMCM3.DLL V5.20
Dialog DLL:      DCM.DLL V1.13.7.0
Target DLL:      STLink\ST-LINKIII-KEIL_SWO.dll V2.0.18.0
Dialog DLL:      TCM.DLL V1.14.9.0
 
<h2>Project:</h2>
E:\蓝牙音响程序设计\自己设计\baseProject-28-BT\Project\STM32KeilPrj.uvprojx
Project File Date:  05/17/2018

<h2>Output:</h2>
*** Using Compiler 'V5.06 update 2 (build 183)', folder: 'C:\Keil_v5\ARM\ARMCC\Bin'
Rebuild target 'Target 1'
compiling LED.c...
compiling ff.c...
compiling Malloc.c...
compiling diskio.c...
compiling Main.c...
compiling SDIO.c...
compiling SysIT.c...
compiling cc936.c...
compiling W25Qxx.c...
compiling ExFsFun.c...
compiling CheckLineFeed.c...
compiling DbgFat.c...
compiling DbgAsst.c...
compiling ProcString.c...
compiling FontUpd.c...
compiling OLED.c...
compiling Lamp.c...
compiling Text.c...
compiling TouchKey.c...
compiling KeyOne.c...
compiling ProcKeyOne.c...
compiling VS10xx.c...
compiling RCC.c...
compiling SPI2.c...
compiling UART.c...
compiling Timer.c...
compiling WakeUp.c...
compiling RTC.c...
compiling SPI1.c...
compiling PWM.c...
compiling AudioSel.c...
compiling ADC.c...
compiling UART2.c...
compiling UI.c...
compiling MusicPlayer.c...
compiling ExeCode.c...
compiling misc.c...
compiling stm32f10x_flash.c...
compiling stm32f10x_gpio.c...
compiling stm32f10x_rcc.c...
compiling stm32f10x_usart.c...
compiling stm32f10x_tim.c...
compiling stm32f10x_sdio.c...
compiling stm32f10x_fsmc.c...
compiling stm32f10x_dma.c...
compiling stm32f10x_spi.c...
compiling stm32f10x_bkp.c...
compiling stm32f10x_rtc.c...
compiling stm32f10x_pwr.c...
compiling stm32f10x_exti.c...
compiling stm32f10x_adc.c...
compiling SysTick.c...
compiling NVIC.c...
assembling startup_stm32f10x_hd.s...
compiling core_cm3.c...
compiling stm32f10x_it.c...
compiling system_stm32f10x.c...
linking...
Program Size: Code=56362 RO-data=30266 RW-data=520 ZI-data=1098608  
FromELF: creating hex file...
".\Objects\STM32KeilPrj.axf" - 0 Error(s), 0 Warning(s).

<h2>Collection of Component include folders:</h2>
  E:\蓝牙音响程序设计\自己设计\baseProject-28-BT\Project\RTE
  C:\Keil_v5\ARM\PACK\Keil\STM32F1xx_DFP\2.2.0\Device\Include

<h2>Collection of Component Files used:</h2>
Build Time Elapsed:  00:00:08
</pre>
</body>
</html>
